Archive member included to satisfy reference by file (symbol)

C:/ST/STM32CubeIDE_1.19.0/STM32CubeIDE/plugins/com.st.stm32cube.ide.mcu.externaltools.gnu-tools-for-stm32.13.3.rel1.win32_1.0.0.202411081344/tools/bin/../lib/gcc/arm-none-eabi/13.3.1/../../../../arm-none-eabi/lib/thumb/v7e-m+fp/hard\libc_nano.a(libc_a-exit.o)
                              C:/ST/STM32CubeIDE_1.19.0/STM32CubeIDE/plugins/com.st.stm32cube.ide.mcu.externaltools.gnu-tools-for-stm32.13.3.rel1.win32_1.0.0.202411081344/tools/bin/../lib/gcc/arm-none-eabi/13.3.1/../../../../arm-none-eabi/lib/thumb/v7e-m+fp/hard/crt0.o (exit)
C:/ST/STM32CubeIDE_1.19.0/STM32CubeIDE/plugins/com.st.stm32cube.ide.mcu.externaltools.gnu-tools-for-stm32.13.3.rel1.win32_1.0.0.202411081344/tools/bin/../lib/gcc/arm-none-eabi/13.3.1/../../../../arm-none-eabi/lib/thumb/v7e-m+fp/hard\libc_nano.a(libc_a-findfp.o)
                              C:/ST/STM32CubeIDE_1.19.0/STM32CubeIDE/plugins/com.st.stm32cube.ide.mcu.externaltools.gnu-tools-for-stm32.13.3.rel1.win32_1.0.0.202411081344/tools/bin/../lib/gcc/arm-none-eabi/13.3.1/../../../../arm-none-eabi/lib/thumb/v7e-m+fp/hard\libc_nano.a(libc_a-exit.o) (__stdio_exit_handler)
C:/ST/STM32CubeIDE_1.19.0/STM32CubeIDE/plugins/com.st.stm32cube.ide.mcu.externaltools.gnu-tools-for-stm32.13.3.rel1.win32_1.0.0.202411081344/tools/bin/../lib/gcc/arm-none-eabi/13.3.1/../../../../arm-none-eabi/lib/thumb/v7e-m+fp/hard\libc_nano.a(libc_a-fwalk.o)
                              C:/ST/STM32CubeIDE_1.19.0/STM32CubeIDE/plugins/com.st.stm32cube.ide.mcu.externaltools.gnu-tools-for-stm32.13.3.rel1.win32_1.0.0.202411081344/tools/bin/../lib/gcc/arm-none-eabi/13.3.1/../../../../arm-none-eabi/lib/thumb/v7e-m+fp/hard\libc_nano.a(libc_a-findfp.o) (_fwalk_sglue)
C:/ST/STM32CubeIDE_1.19.0/STM32CubeIDE/plugins/com.st.stm32cube.ide.mcu.externaltools.gnu-tools-for-stm32.13.3.rel1.win32_1.0.0.202411081344/tools/bin/../lib/gcc/arm-none-eabi/13.3.1/../../../../arm-none-eabi/lib/thumb/v7e-m+fp/hard\libc_nano.a(libc_a-stdio.o)
                              C:/ST/STM32CubeIDE_1.19.0/STM32CubeIDE/plugins/com.st.stm32cube.ide.mcu.externaltools.gnu-tools-for-stm32.13.3.rel1.win32_1.0.0.202411081344/tools/bin/../lib/gcc/arm-none-eabi/13.3.1/../../../../arm-none-eabi/lib/thumb/v7e-m+fp/hard\libc_nano.a(libc_a-findfp.o) (__sread)
C:/ST/STM32CubeIDE_1.19.0/STM32CubeIDE/plugins/com.st.stm32cube.ide.mcu.externaltools.gnu-tools-for-stm32.13.3.rel1.win32_1.0.0.202411081344/tools/bin/../lib/gcc/arm-none-eabi/13.3.1/../../../../arm-none-eabi/lib/thumb/v7e-m+fp/hard\libc_nano.a(libc_a-memset.o)
                              C:/ST/STM32CubeIDE_1.19.0/STM32CubeIDE/plugins/com.st.stm32cube.ide.mcu.externaltools.gnu-tools-for-stm32.13.3.rel1.win32_1.0.0.202411081344/tools/bin/../lib/gcc/arm-none-eabi/13.3.1/../../../../arm-none-eabi/lib/thumb/v7e-m+fp/hard/crt0.o (memset)
C:/ST/STM32CubeIDE_1.19.0/STM32CubeIDE/plugins/com.st.stm32cube.ide.mcu.externaltools.gnu-tools-for-stm32.13.3.rel1.win32_1.0.0.202411081344/tools/bin/../lib/gcc/arm-none-eabi/13.3.1/../../../../arm-none-eabi/lib/thumb/v7e-m+fp/hard\libc_nano.a(libc_a-closer.o)
                              C:/ST/STM32CubeIDE_1.19.0/STM32CubeIDE/plugins/com.st.stm32cube.ide.mcu.externaltools.gnu-tools-for-stm32.13.3.rel1.win32_1.0.0.202411081344/tools/bin/../lib/gcc/arm-none-eabi/13.3.1/../../../../arm-none-eabi/lib/thumb/v7e-m+fp/hard\libc_nano.a(libc_a-stdio.o) (_close_r)
C:/ST/STM32CubeIDE_1.19.0/STM32CubeIDE/plugins/com.st.stm32cube.ide.mcu.externaltools.gnu-tools-for-stm32.13.3.rel1.win32_1.0.0.202411081344/tools/bin/../lib/gcc/arm-none-eabi/13.3.1/../../../../arm-none-eabi/lib/thumb/v7e-m+fp/hard\libc_nano.a(libc_a-reent.o)
                              C:/ST/STM32CubeIDE_1.19.0/STM32CubeIDE/plugins/com.st.stm32cube.ide.mcu.externaltools.gnu-tools-for-stm32.13.3.rel1.win32_1.0.0.202411081344/tools/bin/../lib/gcc/arm-none-eabi/13.3.1/../../../../arm-none-eabi/lib/thumb/v7e-m+fp/hard\libc_nano.a(libc_a-closer.o) (errno)
C:/ST/STM32CubeIDE_1.19.0/STM32CubeIDE/plugins/com.st.stm32cube.ide.mcu.externaltools.gnu-tools-for-stm32.13.3.rel1.win32_1.0.0.202411081344/tools/bin/../lib/gcc/arm-none-eabi/13.3.1/../../../../arm-none-eabi/lib/thumb/v7e-m+fp/hard\libc_nano.a(libc_a-impure.o)
                              C:/ST/STM32CubeIDE_1.19.0/STM32CubeIDE/plugins/com.st.stm32cube.ide.mcu.externaltools.gnu-tools-for-stm32.13.3.rel1.win32_1.0.0.202411081344/tools/bin/../lib/gcc/arm-none-eabi/13.3.1/../../../../arm-none-eabi/lib/thumb/v7e-m+fp/hard\libc_nano.a(libc_a-reent.o) (_impure_ptr)
C:/ST/STM32CubeIDE_1.19.0/STM32CubeIDE/plugins/com.st.stm32cube.ide.mcu.externaltools.gnu-tools-for-stm32.13.3.rel1.win32_1.0.0.202411081344/tools/bin/../lib/gcc/arm-none-eabi/13.3.1/../../../../arm-none-eabi/lib/thumb/v7e-m+fp/hard\libc_nano.a(libc_a-lseekr.o)
[...]
Memory Configuration

Name             Origin             Length             Attributes
CCMRAM           0x10000000         0x00010000         xrw
RAM              0x20000000         0x00020000         xrw
FLASH            0x08000000         0x00080000         xr
*default*        0x00000000         0xffffffff

Linker script and memory map

LOAD C:/ST/STM32CubeIDE_1.19.0/STM32CubeIDE/plugins/com.st.stm32cube.ide.mcu.externaltools.gnu-tools-for-stm32.13.3.rel1.win32_1.0.0.202411081344/tools/bin/../lib/gcc/arm-none-eabi/13.3.1/thumb/v7e-m+fp/hard/crti.o
LOAD C:/ST/STM32CubeIDE_1.19.0/STM32CubeIDE/plugins/com.st.stm32cube.ide.mcu.externaltools.gnu-tools-for-stm32.13.3.rel1.win32_1.0.0.202411081344/tools/bin/../lib/gcc/arm-none-eabi/13.3.1/thumb/v7e-m+fp/hard/crtbegin.o
LOAD C:/ST/STM32CubeIDE_1.19.0/STM32CubeIDE/plugins/com.st.stm32cube.ide.mcu.externaltools.gnu-tools-for-stm32.13.3.rel1.win32_1.0.0.202411081344/tools/bin/../lib/gcc/arm-none-eabi/13.3.1/../../../../arm-none-eabi/lib/thumb/v7e-m+fp/hard/crt0.o
LOAD ./Core/Src/main.o
LOAD ./Core/Src/stm32f4xx_hal_msp.o
LOAD ./Core/Src/stm32f4xx_it.o
LOAD ./Core/Src/syscalls.o
LOAD ./Core/Src/sysmem.o
LOAD ./Core/Src/system_stm32f4xx.o
LOAD ./Core/Startup/startup_stm32f407vetx.o
LOAD ./Drivers/STM32F4xx_HAL_Driver/Src/stm32f4xx_hal.o
LOAD ./Drivers/STM32F4xx_HAL_Driver/Src/stm32f4xx_hal_cortex.o
LOAD ./Drivers/STM32F4xx_HAL_Driver/Src/stm32f4xx_hal_dma.o
LOAD ./Drivers/STM32F4xx_HAL_Driver/Src/stm32f4xx_hal_dma_ex.o
LOAD ./Drivers/STM32F4xx_HAL_Driver/Src/stm32f4xx_hal_exti.o
LOAD ./Drivers/STM32F4xx_HAL_Driver/Src/stm32f4xx_hal_flash.o
LOAD ./Drivers/STM32F4xx_HAL_Driver/Src/stm32f4xx_hal_flash_ex.o
LOAD ./Drivers/STM32F4xx_HAL_Driver/Src/stm32f4xx_hal_flash_ramfunc.o
LOAD ./Drivers/STM32F4xx_HAL_Driver/Src/stm32f4xx_hal_gpio.o
LOAD ./Drivers/STM32F4xx_HAL_Driver/Src/stm32f4xx_hal_pwr.o
LOAD ./Drivers/STM32F4xx_HAL_Driver/Src/stm32f4xx_hal_pwr_ex.o
LOAD ./Drivers/STM32F4xx_HAL_Driver/Src/stm32f4xx_hal_rcc.o
LOAD ./Drivers/STM32F4xx_HAL_Driver/Src/stm32f4xx_hal_rcc_ex.o
LOAD ./Drivers/STM32F4xx_HAL_Driver/Src/stm32f4xx_hal_tim.o
LOAD ./Drivers/STM32F4xx_HAL_Driver/Src/stm32f4xx_hal_tim_ex.o
LOAD ./Lib/Src/7SEG.o
LOAD ./User/Src/app_main.o
LOAD ./User/Src/input.o
LOAD ./User/Src/output.o
LOAD ./User/Src/segment.o
LOAD ./User/Src/timer.o
START GROUP
LOAD C:/ST/STM32CubeIDE_1.19.0/STM32CubeIDE/plugins/com.st.stm32cube.ide.mcu.externaltools.gnu-tools-for-stm32.13.3.rel1.win32_1.0.0.202411081344/tools/bin/../lib/gcc/arm-none-eabi/13.3.1/../../../../arm-none-eabi/lib/thumb/v7e-m+fp/hard\libc_nano.a
LOAD C:/ST/STM32CubeIDE_1.19.0/STM32CubeIDE/plugins/com.st.stm32cube.ide.mcu.externaltools.gnu-tools-for-stm32.13.3.rel1.win32_1.0.0.202411081344/tools/bin/../lib/gcc/arm-none-eabi/13.3.1/../../../../arm-none-eabi/lib/thumb/v7e-m+fp/hard\libm.a
END GROUP
START GROUP
LOAD C:/ST/STM32CubeIDE_1.19.0/STM32CubeIDE/plugins/com.st.stm32cube.ide.mcu.externaltools.gnu-tools-for-stm32.13.3.rel1.win32_1.0.0.202411081344/tools/bin/../lib/gcc/arm-none-eabi/13.3.1/thumb/v7e-m+fp/hard\libgcc.a
LOAD C:/ST/STM32CubeIDE_1.19.0/STM32CubeIDE/plugins/com.st.stm32cube.ide.mcu.externaltools.gnu-tools-for-stm32.13.3.rel1.win32_1.0.0.202411081344/tools/bin/../lib/gcc/arm-none-eabi/13.3.1/../../../../arm-none-eabi/lib/thumb/v7e-m+fp/hard\libc_nano.a
END GROUP
START GROUP
LOAD C:/ST/STM32CubeIDE_1.19.0/STM32CubeIDE/plugins/com.st.stm32cube.ide.mcu.externaltools.gnu-tools-for-stm32.13.3.rel1.win32_1.0.0.202411081344/tools/bin/../lib/gcc/arm-none-eabi/13.3.1/thumb/v7e-m+fp/hard\libgcc.a
LOAD C:/ST/STM32CubeIDE_1.19.0/STM32CubeIDE/plugins/com.st.stm32cube.ide.mcu.externaltools.gnu-tools-for-stm32.13.3.rel1.win32_1.0.0.202411081344/tools/bin/../lib/gcc/arm-none-eabi/13.3.1/../../../../arm-none-eabi/lib/thumb/v7e-m+fp/hard\libc_nano.a
LOAD C:/ST/STM32CubeIDE_1.19.0/STM32CubeIDE/plugins/com.st.stm32cube.ide.mcu.externaltools.gnu-tools-for-stm32.13.3.rel1.win32_1.0.0.202411081344/tools/bin/../lib/gcc/arm-none-eabi/13.3.1/../../../../arm-none-eabi/lib/thumb/v7e-m+fp/hard\libnosys.a
END GROUP
START GROUP
LOAD C:/ST/STM32CubeIDE_1.19.0/STM32CubeIDE/plugins/com.st.stm32cube.ide.mcu.externaltools.gnu-tools-for-stm32.13.3.rel1.win32_1.0.0.202411081344/tools/bin/../lib/gcc/arm-none-eabi/13.3.1/thumb/v7e-m+fp/hard\libgcc.a
LOAD C:/ST/STM32CubeIDE_1.19.0/STM32CubeIDE/plugins/com.st.stm32cube.ide.mcu.externaltools.gnu-tools-for-stm32.13.3.rel1.win32_1.0.0.202411081344/tools/bin/../lib/gcc/arm-none-eabi/13.3.1/../../../../arm-none-eabi/lib/thumb/v7e-m+fp/hard\libc_nano.a
LOAD C:/ST/STM32CubeIDE_1.19.0/STM32CubeIDE/plugins/com.st.stm32cube.ide.mcu.externaltools.gnu-tools-for-stm32.13.3.rel1.win32_1.0.0.202411081344/tools/bin/../lib/gcc/arm-none-eabi/13.3.1/../../../../arm-none-eabi/lib/thumb/v7e-m+fp/hard\libnosys.a
END GROUP
LOAD C:/ST/STM32CubeIDE_1.19.0/STM32CubeIDE/plugins/com.st.stm32cube.ide.mcu.externaltools.gnu-tools-for-stm32.13.3.rel1.win32_1.0.0.202411081344/tools/bin/../lib/gcc/arm-none-eabi/13.3.1/thumb/v7e-m+fp/hard/crtend.o
LOAD C:/ST/STM32CubeIDE_1.19.0/STM32CubeIDE/plugins/com.st.stm32cube.ide.mcu.externaltools.gnu-tools-for-stm32.13.3.rel1.win32_1.0.0.202411081344/tools/bin/../lib/gcc/arm-none-eabi/13.3.1/thumb/v7e-m+fp/hard/crtn.o
                0x20020000                        _estack = (ORIGIN (RAM) + LENGTH (RAM))
                0x00000200                        _Min_Heap_Size = 0x200
                0x00000400                        _Min_Stack_Size = 0x400

.isr_vector     0x08000000      0x188
                0x08000000                        . = ALIGN (0x4)
 *(.isr_vector)
 .isr_vector    0x08000000      0x188 ./Core/Startup/startup_stm32f407vetx.o
                0x08000000                g_pfnVectors
                0x08000188                        . = ALIGN (0x4)

.text           0x08000188     0x2bcc
                0x08000188                        . = ALIGN (0x4)
 *(.text)
 .text          0x08000188       0x40 C:/ST/STM32CubeIDE_1.19.0/STM32CubeIDE/plugins/com.st.stm32cube.ide.mcu.externaltools.gnu-tools-for-stm32.13.3.rel1.win32_1.0.0.202411081344/tools/bin/../lib/gcc/arm-none-eabi/13.3.1/thumb/v7e-m+fp/hard/crtbegin.o
 .text          0x080001c8       0x30 C:/ST/STM32CubeIDE_1.19.0/STM32CubeIDE/plugins/com.st.stm32cube.ide.mcu.externaltools.gnu-tools-for-stm32.13.3.rel1.win32_1.0.0.202411081344/tools/bin/../lib/gcc/arm-none-eabi/13.3.1/thumb/v7e-m+fp/hard\libgcc.a(_aeabi_uldivmod.o)
                0x080001c8                __aeabi_uldivmod
 .text          0x080001f8      0x2f8 C:/ST/STM32CubeIDE_1.19.0/STM32CubeIDE/plugins/com.st.stm32cube.ide.mcu.externaltools.gnu-tools-for-stm32.13.3.rel1.win32_1.0.0.202411081344/tools/bin/../lib/gcc/arm-none-eabi/13.3.1/thumb/v7e-m+fp/hard\libgcc.a(_udivmoddi4.o)
                0x080001f8                __udivmoddi4
 .text          0x080004f0        0x4 C:/ST/STM32CubeIDE_1.19.0/STM32CubeIDE/plugins/com.st.stm32cube.ide.mcu.externaltools.gnu-tools-for-stm32.13.3.rel1.win32_1.0.0.202411081344/tools/bin/../lib/gcc/arm-none-eabi/13.3.1/thumb/v7e-m+fp/hard\libgcc.a(_dvmd_tls.o)
                0x080004f0                __aeabi_idiv0
                0x080004f0                __aeabi_ldiv0
 *(.text*)
 .text.main     0x080004f4       0x1e ./Core/Src/main.o
                0x080004f4                main
 *fill*         0x08000512        0x2 
 .text.SystemClock_Config
                0x08000514       0xd4 ./Core/Src/main.o
                0x08000514                SystemClock_Config
 .text.MX_TIM6_Init
                0x080005e8       0x6c ./Core/Src/main.o
 .text.MX_GPIO_Init
                0x08000654      0x180 ./Core/Src/main.o
 .text.Error_Handler
                0x080007d4        0xc ./Core/Src/main.o
                0x080007d4                Error_Handler
 .text.HAL_MspInit
                0x080007e0       0x50 ./Core/Src/stm32f4xx_hal_msp.o
                0x080007e0                HAL_MspInit
 .text.HAL_TIM_Base_MspInit
                0x08000830       0x50 ./Core/Src/stm32f4xx_hal_msp.o
                0x08000830                HAL_TIM_Base_MspInit
 .text.NMI_Handler
                0x08000880        0x8 ./Core/Src/stm32f4xx_it.o
                0x08000880                NMI_Handler
 .text.HardFault_Handler
                0x08000888        0x8 ./Core/Src/stm32f4xx_it.o
                0x08000888                HardFault_Handler
 .text.MemManage_Handler
                0x08000890        0x8 ./Core/Src/stm32f4xx_it.o
                0x08000890                MemManage_Handler
 .text.BusFault_Handler
                0x08000898        0x8 ./Core/Src/stm32f4xx_it.o
                0x08000898                BusFault_Handler
 .text.UsageFault_Handler
                0x080008a0        0x8 ./Core/Src/stm32f4xx_it.o
                0x080008a0                UsageFault_Handler
 .text.SVC_Handler
                0x080008a8        0xe ./Core/Src/stm32f4xx_it.o
                0x080008a8                SVC_Handler
 .text.DebugMon_Handler
                0x080008b6        0xe ./Core/Src/stm32f4xx_it.o
                0x080008b6                DebugMon_Handler
 .text.PendSV_Handler
                0x080008c4        0xe ./Core/Src/stm32f4xx_it.o
                0x080008c4                PendSV_Handler
 .text.SysTick_Handler
                0x080008d2        0xc ./Core/Src/stm32f4xx_it.o
                0x080008d2                SysTick_Handler
 *fill*         0x080008de        0x2 
 .text.TIM6_DAC_IRQHandler
                0x080008e0       0x14 ./Core/Src/stm32f4xx_it.o
                0x080008e0                TIM6_DAC_IRQHandler
 .text.SystemInit
                0x080008f4       0x24 ./Core/Src/system_stm32f4xx.o
                0x080008f4                SystemInit
 .text.Reset_Handler
                0x08000918       0x50 ./Core/Startup/startup_stm32f407vetx.o
                0x08000918                Reset_Handler
 .text.Default_Handler
                0x08000968        0x2 ./Core/Startup/startup_stm32f407vetx.o
                0x08000968                RTC_Alarm_IRQHandler
                0x08000968                HASH_RNG_IRQHandler
                0x08000968                EXTI2_IRQHandler
                0x08000968                TIM8_CC_IRQHandler
                0x08000968                TIM1_CC_IRQHandler
                0x08000968                DMA2_Stream5_IRQHandler
                0x08000968                DMA1_Stream5_IRQHandler
                0x08000968                PVD_IRQHandler
                0x08000968                SDIO_IRQHandler
                0x08000968                TAMP_STAMP_IRQHandler
                0x08000968                CAN2_RX1_IRQHandler
                0x08000968                EXTI3_IRQHandler
                0x08000968                TIM8_TRG_COM_TIM14_IRQHandler
                0x08000968                TIM1_UP_TIM10_IRQHandler
                0x08000968                TIM8_UP_TIM13_IRQHandler
                0x08000968                I2C3_ER_IRQHandler
                0x08000968                EXTI0_IRQHandler
                0x08000968                I2C2_EV_IRQHandler
                0x08000968                DMA1_Stream2_IRQHandler
                0x08000968                CAN1_RX0_IRQHandler
                0x08000968                FPU_IRQHandler
                0x08000968                OTG_HS_WKUP_IRQHandler
                0x08000968                CAN2_SCE_IRQHandler
                0x08000968                DMA2_Stream2_IRQHandler
                0x08000968                SPI1_IRQHandler
                0x08000968                TIM1_BRK_TIM9_IRQHandler
                0x08000968                DCMI_IRQHandler
                0x08000968                CAN2_RX0_IRQHandler
                0x08000968                DMA2_Stream3_IRQHandler
                0x08000968                USART6_IRQHandler
                0x08000968                USART3_IRQHandler
                0x08000968                CAN1_RX1_IRQHandler
                0x08000968                UART5_IRQHandler
                0x08000968                DMA2_Stream0_IRQHandler
                0x08000968                TIM4_IRQHandler
                0x08000968                I2C1_EV_IRQHandler
                0x08000968                DMA1_Stream6_IRQHandler
                0x08000968                DMA1_Stream1_IRQHandler
                0x08000968                UART4_IRQHandler
                0x08000968                TIM3_IRQHandler
                0x08000968                RCC_IRQHandler
                0x08000968                TIM8_BRK_TIM12_IRQHandler
                0x08000968                Default_Handler
                0x08000968                EXTI15_10_IRQHandler
                0x08000968                ADC_IRQHandler
                0x08000968                DMA1_Stream7_IRQHandler
                0x08000968                TIM7_IRQHandler
                0x08000968                CAN2_TX_IRQHandler
                0x08000968                TIM5_IRQHandler
                0x08000968                DMA2_Stream7_IRQHandler
                0x08000968                I2C3_EV_IRQHandler
                0x08000968                EXTI9_5_IRQHandler
                0x08000968                RTC_WKUP_IRQHandler
                0x08000968                ETH_WKUP_IRQHandler
                0x08000968                SPI2_IRQHandler
                0x08000968                OTG_HS_EP1_IN_IRQHandler
                0x08000968                DMA1_Stream0_IRQHandler
                0x08000968                CAN1_TX_IRQHandler
                0x08000968                EXTI4_IRQHandler
                0x08000968                FSMC_IRQHandler
                0x08000968                ETH_IRQHandler
                0x08000968                OTG_HS_EP1_OUT_IRQHandler
                0x08000968                WWDG_IRQHandler
                0x08000968                TIM2_IRQHandler
                0x08000968                OTG_FS_WKUP_IRQHandler
                0x08000968                TIM1_TRG_COM_TIM11_IRQHandler
                0x08000968                OTG_HS_IRQHandler
                0x08000968                EXTI1_IRQHandler
                0x08000968                USART2_IRQHandler
                0x08000968                I2C2_ER_IRQHandler
                0x08000968                DMA2_Stream1_IRQHandler
                0x08000968                CAN1_SCE_IRQHandler
                0x08000968                FLASH_IRQHandler
                0x08000968                DMA2_Stream4_IRQHandler
                0x08000968                USART1_IRQHandler
                0x08000968                OTG_FS_IRQHandler
                0x08000968                SPI3_IRQHandler
                0x08000968                DMA1_Stream4_IRQHandler
                0x08000968                I2C1_ER_IRQHandler
                0x08000968                DMA2_Stream6_IRQHandler
                0x08000968                DMA1_Stream3_IRQHandler
 *fill*         0x0800096a        0x2 
 .text.HAL_Init
                0x0800096c       0x44 ./Drivers/STM32F4xx_HAL_Driver/Src/stm32f4xx_hal.o
                0x0800096c                HAL_Init
 .text.HAL_InitTick
                0x080009b0       0x60 ./Drivers/STM32F4xx_HAL_Driver/Src/stm32f4xx_hal.o
                0x080009b0                HAL_InitTick
 .text.HAL_IncTick
                0x08000a10       0x28 ./Drivers/STM32F4xx_HAL_Driver/Src/stm32f4xx_hal.o
                0x08000a10                HAL_IncTick
 .text.HAL_GetTick
                0x08000a38       0x18 ./Drivers/STM32F4xx_HAL_Driver/Src/stm32f4xx_hal.o
                0x08000a38                HAL_GetTick
 .text.__NVIC_SetPriorityGrouping
                0x08000a50       0x48 ./Drivers/STM32F4xx_HAL_Driver/Src/stm32f4xx_hal_cortex.o
 .text.__NVIC_GetPriorityGrouping
                0x08000a98       0x1c ./Drivers/STM32F4xx_HAL_Driver/Src/stm32f4xx_hal_cortex.o
 .text.__NVIC_EnableIRQ
                0x08000ab4       0x3c ./Drivers/STM32F4xx_HAL_Driver/Src/stm32f4xx_hal_cortex.o
 .text.__NVIC_SetPriority
                0x08000af0       0x54 ./Drivers/STM32F4xx_HAL_Driver/Src/stm32f4xx_hal_cortex.o
 .text.NVIC_EncodePriority
                0x08000b44       0x66 ./Drivers/STM32F4xx_HAL_Driver/Src/stm32f4xx_hal_cortex.o
 *fill*         0x08000baa        0x2 
 .text.SysTick_Config
                0x08000bac       0x44 ./Drivers/STM32F4xx_HAL_Driver/Src/stm32f4xx_hal_cortex.o
 .text.HAL_NVIC_SetPriorityGrouping
                0x08000bf0       0x16 ./Drivers/STM32F4xx_HAL_Driver/Src/stm32f4xx_hal_cortex.o
                0x08000bf0                HAL_NVIC_SetPriorityGrouping
 .text.HAL_NVIC_SetPriority
                0x08000c06       0x38 ./Drivers/STM32F4xx_HAL_Driver/Src/stm32f4xx_hal_cortex.o
                0x08000c06                HAL_NVIC_SetPriority
 .text.HAL_NVIC_EnableIRQ
                0x08000c3e       0x1c ./Drivers/STM32F4xx_HAL_Driver/Src/stm32f4xx_hal_cortex.o
                0x08000c3e                HAL_NVIC_EnableIRQ
 .text.HAL_SYSTICK_Config
                0x08000c5a       0x18 ./Drivers/STM32F4xx_HAL_Driver/Src/stm32f4xx_hal_cortex.o
                0x08000c5a                HAL_SYSTICK_Config
 *fill*         0x08000c72        0x2 
 .text.HAL_GPIO_Init
                0x08000c74      0x338 ./Drivers/STM32F4xx_HAL_Driver/Src/stm32f4xx_hal_gpio.o
                0x08000c74                HAL_GPIO_Init
 .text.HAL_GPIO_ReadPin
                0x08000fac       0x30 ./Drivers/STM32F4xx_HAL_Driver/Src/stm32f4xx_hal_gpio.o
                0x08000fac                HAL_GPIO_ReadPin
 .text.HAL_GPIO_WritePin
                0x08000fdc       0x32 ./Drivers/STM32F4xx_HAL_Driver/Src/stm32f4xx_hal_gpio.o
                0x08000fdc                HAL_GPIO_WritePin
 *fill*         0x0800100e        0x2 
 .text.HAL_RCC_OscConfig
                0x08001010      0x4f0 ./Drivers/STM32F4xx_HAL_Driver/Src/stm32f4xx_hal_rcc.o
                0x08001010                HAL_RCC_OscConfig
 .text.HAL_RCC_ClockConfig
                0x08001500      0x1cc ./Drivers/STM32F4xx_HAL_Driver/Src/stm32f4xx_hal_rcc.o
                0x08001500                HAL_RCC_ClockConfig
 .text.HAL_RCC_GetSysClockFreq
                0x080016cc      0x20c ./Drivers/STM32F4xx_HAL_Driver/Src/stm32f4xx_hal_rcc.o
                0x080016cc                HAL_RCC_GetSysClockFreq
 .text.HAL_TIM_Base_Init
                0x080018d8       0x9e ./Drivers/STM32F4xx_HAL_Driver/Src/stm32f4xx_hal_tim.o
                0x080018d8                HAL_TIM_Base_Init
 *fill*         0x08001976        0x2 
 .text.HAL_TIM_Base_Start_IT
                0x08001978       0xe0 ./Drivers/STM32F4xx_HAL_Driver/Src/stm32f4xx_hal_tim.o
                0x08001978                HAL_TIM_Base_Start_IT
 .text.HAL_TIM_IRQHandler
                0x08001a58      0x1e0 ./Drivers/STM32F4xx_HAL_Driver/Src/stm32f4xx_hal_tim.o
                0x08001a58                HAL_TIM_IRQHandler
 .text.HAL_TIM_OC_DelayElapsedCallback
                0x08001c38       0x14 ./Drivers/STM32F4xx_HAL_Driver/Src/stm32f4xx_hal_tim.o
                0x08001c38                HAL_TIM_OC_DelayElapsedCallback
 .text.HAL_TIM_IC_CaptureCallback
                0x08001c4c       0x14 ./Drivers/STM32F4xx_HAL_Driver/Src/stm32f4xx_hal_tim.o
                0x08001c4c                HAL_TIM_IC_CaptureCallback
 .text.HAL_TIM_PWM_PulseFinishedCallback
                0x08001c60       0x14 ./Drivers/STM32F4xx_HAL_Driver/Src/stm32f4xx_hal_tim.o
                0x08001c60                HAL_TIM_PWM_PulseFinishedCallback
 .text.HAL_TIM_TriggerCallback
                0x08001c74       0x14 ./Drivers/STM32F4xx_HAL_Driver/Src/stm32f4xx_hal_tim.o
                0x08001c74                HAL_TIM_TriggerCallback
 .text.TIM_Base_SetConfig
                0x08001c88      0x14c ./Drivers/STM32F4xx_HAL_Driver/Src/stm32f4xx_hal_tim.o
                0x08001c88                TIM_Base_SetConfig
 .text.HAL_TIMEx_MasterConfigSynchronization
                0x08001dd4       0xf8 ./Drivers/STM32F4xx_HAL_Driver/Src/stm32f4xx_hal_tim_ex.o
                0x08001dd4                HAL_TIMEx_MasterConfigSynchronization
 .text.HAL_TIMEx_CommutCallback
                0x08001ecc       0x14 ./Drivers/STM32F4xx_HAL_Driver/Src/stm32f4xx_hal_tim_ex.o
                0x08001ecc                HAL_TIMEx_CommutCallback
 .text.HAL_TIMEx_BreakCallback
                0x08001ee0       0x14 ./Drivers/STM32F4xx_HAL_Driver/Src/stm32f4xx_hal_tim_ex.o
                0x08001ee0                HAL_TIMEx_BreakCallback
 .text._7SEG_GPIO_Init
                0x08001ef4      0x1cc ./Lib/Src/7SEG.o
                0x08001ef4                _7SEG_GPIO_Init
 .text._7SEG_SetNumber
                0x080020c0      0x7c4 ./Lib/Src/7SEG.o
                0x080020c0                _7SEG_SetNumber
 .text.app_init
                0x08002884       0x18 ./User/Src/app_main.o
                0x08002884                app_init
 .text.app_loop
                0x0800289c       0xcc ./User/Src/app_main.o
                0x0800289c                app_loop
 .text.operate_stopwatch
                0x08002968       0x7c ./User/Src/app_main.o
                0x08002968                operate_stopwatch
 .text.HAL_TIM_PeriodElapsedCallback
                0x080029e4       0x58 ./User/Src/app_main.o
                0x080029e4                HAL_TIM_PeriodElapsedCallback
 .text.update   0x08002a3c       0x48 ./User/Src/input.o
                0x08002a3c                update
 .text.is_held  0x08002a84       0x28 ./User/Src/input.o
                0x08002a84                is_held
 .text.is_pressed
                0x08002aac       0x48 ./User/Src/input.o
                0x08002aac                is_pressed
 .text.is_released
                0x08002af4       0x48 ./User/Src/input.o
                0x08002af4                is_released
 .text.turn_on  0x08002b3c       0x38 ./User/Src/output.o
                0x08002b3c                turn_on
 .text.turn_off
                0x08002b74       0x38 ./User/Src/output.o
                0x08002b74                turn_off
 .text.toggle   0x08002bac       0x3c ./User/Src/output.o
                0x08002bac                toggle
 .text.operate_segment
                0x08002be8       0x50 ./User/Src/segment.o
                0x08002be8                operate_segment
 .text.increase_time
                0x08002c38       0x1c ./User/Src/timer.o
                0x08002c38                increase_time
 .text.set_time_zero
                0x08002c54       0x18 ./User/Src/timer.o
                0x08002c54                set_time_zero
 .text.get_time
                0x08002c6c       0x78 ./User/Src/timer.o
                0x08002c6c                get_time
 .text.memset   0x08002ce4       0x10 C:/ST/STM32CubeIDE_1.19.0/STM32CubeIDE/plugins/com.st.stm32cube.ide.mcu.externaltools.gnu-tools-for-stm32.13.3.rel1.win32_1.0.0.202411081344/tools/bin/../lib/gcc/arm-none-eabi/13.3.1/../../../../arm-none-eabi/lib/thumb/v7e-m+fp/hard\libc_nano.a(libc_a-memset.o)
                0x08002ce4                memset
 .text.__libc_init_array
                0x08002cf4       0x48 C:/ST/STM32CubeIDE_1.19.0/STM32CubeIDE/plugins/com.st.stm32cube.ide.mcu.externaltools.gnu-tools-for-stm32.13.3.rel1.win32_1.0.0.202411081344/tools/bin/../lib/gcc/arm-none-eabi/13.3.1/../../../../arm-none-eabi/lib/thumb/v7e-m+fp/hard\libc_nano.a(libc_a-init.o)
                0x08002cf4                __libc_init_array
 *(.glue_7)
 .glue_7        0x08002d3c        0x0 linker stubs
 *(.glue_7t)
 .glue_7t       0x08002d3c        0x0 linker stubs
 *(.eh_frame)
 .eh_frame      0x08002d3c        0x0 C:/ST/STM32CubeIDE_1.19.0/STM32CubeIDE/plugins/com.st.stm32cube.ide.mcu.externaltools.gnu-tools-for-stm32.13.3.rel1.win32_1.0.0.202411081344/tools/bin/../lib/gcc/arm-none-eabi/13.3.1/thumb/v7e-m+fp/hard/crtbegin.o
 *(.init)
 .init          0x08002d3c        0x4 C:/ST/STM32CubeIDE_1.19.0/STM32CubeIDE/plugins/com.st.stm32cube.ide.mcu.externaltools.gnu-tools-for-stm32.13.3.rel1.win32_1.0.0.202411081344/tools/bin/../lib/gcc/arm-none-eabi/13.3.1/thumb/v7e-m+fp/hard/crti.o
                0x08002d3c                _init
 .init          0x08002d40        0x8 C:/ST/STM32CubeIDE_1.19.0/STM32CubeIDE/plugins/com.st.stm32cube.ide.mcu.externaltools.gnu-tools-for-stm32.13.3.rel1.win32_1.0.0.202411081344/tools/bin/../lib/gcc/arm-none-eabi/13.3.1/thumb/v7e-m+fp/hard/crtn.o
 *(.fini)
 .fini          0x08002d48        0x4 C:/ST/STM32CubeIDE_1.19.0/STM32CubeIDE/plugins/com.st.stm32cube.ide.mcu.externaltools.gnu-tools-for-stm32.13.3.rel1.win32_1.0.0.202411081344/tools/bin/../lib/gcc/arm-none-eabi/13.3.1/thumb/v7e-m+fp/hard/crti.o
                0x08002d48                _fini
 .fini          0x08002d4c        0x8 C:/ST/STM32CubeIDE_1.19.0/STM32CubeIDE/plugins/com.st.stm32cube.ide.mcu.externaltools.gnu-tools-for-stm32.13.3.rel1.win32_1.0.0.202411081344/tools/bin/../lib/gcc/arm-none-eabi/13.3.1/thumb/v7e-m+fp/hard/crtn.o
                0x08002d54                        . = ALIGN (0x4)
                0x08002d54                        _etext = .

.vfp11_veneer   0x08002d54        0x0
 .vfp11_veneer  0x08002d54        0x0 linker stubs

.v4_bx          0x08002d54        0x0
 .v4_bx         0x08002d54        0x0 linker stubs

.iplt           0x08002d54        0x0
 .iplt          0x08002d54        0x0 C:/ST/STM32CubeIDE_1.19.0/STM32CubeIDE/plugins/com.st.stm32cube.ide.mcu.externaltools.gnu-tools-for-stm32.13.3.rel1.win32_1.0.0.202411081344/tools/bin/../lib/gcc/arm-none-eabi/13.3.1/thumb/v7e-m+fp/hard/crtbegin.o

.rodata         0x08002d54       0x10
                0x08002d54                        . = ALIGN (0x4)
 *(.rodata)
 *(.rodata*)
 .rodata.AHBPrescTable
                0x08002d54       0x10 ./Core/Src/system_stm32f4xx.o
                0x08002d54                AHBPrescTable
                0x08002d64                        . = ALIGN (0x4)

.ARM.extab      0x08002d64        0x0
                0x08002d64                        . = ALIGN (0x4)
 *(.ARM.extab* .gnu.linkonce.armextab.*)
                0x08002d64                        . = ALIGN (0x4)

.ARM            0x08002d64        0x8
                0x08002d64                        . = ALIGN (0x4)
                0x08002d64                        __exidx_start = .
 *(.ARM.exidx*)
 .ARM.exidx     0x08002d64        0x8 C:/ST/STM32CubeIDE_1.19.0/STM32CubeIDE/plugins/com.st.stm32cube.ide.mcu.externaltools.gnu-tools-for-stm32.13.3.rel1.win32_1.0.0.202411081344/tools/bin/../lib/gcc/arm-none-eabi/13.3.1/thumb/v7e-m+fp/hard\libgcc.a(_udivmoddi4.o)
                0x08002d6c                        __exidx_end = .
                0x08002d6c                        . = ALIGN (0x4)

.preinit_array  0x08002d6c        0x0
                0x08002d6c                        . = ALIGN (0x4)
                0x08002d6c                        PROVIDE (__preinit_array_start = .)
 *(.preinit_array*)
                0x08002d6c                        PROVIDE (__preinit_array_end = .)
                0x08002d6c                        . = ALIGN (0x4)

.init_array     0x08002d6c        0x4
                0x08002d6c                        . = ALIGN (0x4)
                0x08002d6c                        PROVIDE (__init_array_start = .)
 *(SORT_BY_NAME(.init_array.*))
 *(.init_array*)
 .init_array    0x08002d6c        0x4 C:/ST/STM32CubeIDE_1.19.0/STM32CubeIDE/plugins/com.st.stm32cube.ide.mcu.externaltools.gnu-tools-for-stm32.13.3.rel1.win32_1.0.0.202411081344/tools/bin/../lib/gcc/arm-none-eabi/13.3.1/thumb/v7e-m+fp/hard/crtbegin.o
                0x08002d70                        PROVIDE (__init_array_end = .)
                0x08002d70                        . = ALIGN (0x4)

.fini_array     0x08002d70        0x4
                0x08002d70                        . = ALIGN (0x4)
                [!provide]                        PROVIDE (__fini_array_start = .)
 *(SORT_BY_NAME(.fini_array.*))
 *(.fini_array*)
 .fini_array    0x08002d70        0x4 C:/ST/STM32CubeIDE_1.19.0/STM32CubeIDE/plugins/com.st.stm32cube.ide.mcu.externaltools.gnu-tools-for-stm32.13.3.rel1.win32_1.0.0.202411081344/tools/bin/../lib/gcc/arm-none-eabi/13.3.1/thumb/v7e-m+fp/hard/crtbegin.o
                [!provide]                        PROVIDE (__fini_array_end = .)
                0x08002d74                        . = ALIGN (0x4)
                0x08002d74                        _sidata = LOADADDR (.data)

.rel.dyn        0x08002d74        0x0
 .rel.iplt      0x08002d74        0x0 C:/ST/STM32CubeIDE_1.19.0/STM32CubeIDE/plugins/com.st.stm32cube.ide.mcu.externaltools.gnu-tools-for-stm32.13.3.rel1.win32_1.0.0.202411081344/tools/bin/../lib/gcc/arm-none-eabi/13.3.1/thumb/v7e-m+fp/hard/crtbegin.o

.data           0x20000000       0x5c load address 0x08002d74
                0x20000000                        . = ALIGN (0x4)
                0x20000000                        _sdata = .
 *(.data)
 *(.data*)
 .data.SystemCoreClock
                0x20000000        0x4 ./Core/Src/system_stm32f4xx.o
                0x20000000                SystemCoreClock
 .data.uwTickPrio
                0x20000004        0x4 ./Drivers/STM32F4xx_HAL_Driver/Src/stm32f4xx_hal.o
                0x20000004                uwTickPrio
 .data.uwTickFreq
                0x20000008        0x1 ./Drivers/STM32F4xx_HAL_Driver/Src/stm32f4xx_hal.o
                0x20000008                uwTickFreq
 .data.mode     0x20000009        0x1 ./User/Src/app_main.o
 *fill*         0x2000000a        0x2 
 .data.input_config
                0x2000000c       0x20 ./User/Src/input.o
 .data.output_config
                0x2000002c       0x30 ./User/Src/output.o
 *(.RamFunc)
 *(.RamFunc*)
                0x2000005c                        . = ALIGN (0x4)
                0x2000005c                        _edata = .
                0x08002dd0                        _siccmram = LOADADDR (.ccmram)

.igot.plt       0x2000005c        0x0 load address 0x08002dd0
 .igot.plt      0x2000005c        0x0 C:/ST/STM32CubeIDE_1.19.0/STM32CubeIDE/plugins/com.st.stm32cube.ide.mcu.externaltools.gnu-tools-for-stm32.13.3.rel1.win32_1.0.0.202411081344/tools/bin/../lib/gcc/arm-none-eabi/13.3.1/thumb/v7e-m+fp/hard/crtbegin.o

.ccmram         0x10000000        0x0 load address 0x08002dd0
                0x10000000                        . = ALIGN (0x4)
                0x10000000                        _sccmram = .
 *(.ccmram)
 *(.ccmram*)
                0x10000000                        . = ALIGN (0x4)
                0x10000000                        _eccmram = .
                0x10000000                        . = ALIGN (0x4)

.bss            0x2000005c       0x70
                0x2000005c                        _sbss = .
                0x2000005c                        __bss_start__ = _sbss
 *(.bss)
 .bss           0x2000005c       0x1c C:/ST/STM32CubeIDE_1.19.0/STM32CubeIDE/plugins/com.st.stm32cube.ide.mcu.externaltools.gnu-tools-for-stm32.13.3.rel1.win32_1.0.0.202411081344/tools/bin/../lib/gcc/arm-none-eabi/13.3.1/thumb/v7e-m+fp/hard/crtbegin.o
 *(.bss*)
 .bss.htim6     0x20000078       0x48 ./Core/Src/main.o
                0x20000078                htim6
 .bss.uwTick    0x200000c0        0x4 ./Drivers/STM32F4xx_HAL_Driver/Src/stm32f4xx_hal.o
                0x200000c0                uwTick
 .bss.state     0x200000c4        0x1 ./User/Src/app_main.o
 *fill*         0x200000c5        0x3 
 .bss.time      0x200000c8        0x4 ./User/Src/timer.o
 *(COMMON)
                0x200000cc                        . = ALIGN (0x4)
                0x200000cc                        _ebss = .
                0x200000cc                        __bss_end__ = _ebss

._user_heap_stack
                0x200000cc      0x604
                0x200000d0                        . = ALIGN (0x8)
 *fill*         0x200000cc        0x4 
                [!provide]                        PROVIDE (end = .)
                0x200000d0                        PROVIDE (_end = .)
                0x200002d0                        . = (. + _Min_Heap_Size)
 *fill*         0x200000d0      0x200 
                0x200006d0                        . = (. + _Min_Stack_Size)
 *fill*         0x200002d0      0x400 
                0x200006d0                        . = ALIGN (0x8)

/DISCARD/
 libc.a(*)
 libm.a(*)
 libgcc.a(*)

.ARM.attributes
                0x00000000       0x30
 *(.ARM.attributes)
 .ARM.attributes
                0x00000000       0x22 C:/ST/STM32CubeIDE_1.19.0/STM32CubeIDE/plugins/com.st.stm32cube.ide.mcu.externaltools.gnu-tools-for-stm32.13.3.rel1.win32_1.0.0.202411081344/tools/bin/../lib/gcc/arm-none-eabi/13.3.1/thumb/v7e-m+fp/hard/crti.o
 .ARM.attributes
                0x00000022       0x34 C:/ST/STM32CubeIDE_1.19.0/STM32CubeIDE/plugins/com.st.stm32cube.ide.mcu.externaltools.gnu-tools-for-stm32.13.3.rel1.win32_1.0.0.202411081344/tools/bin/../lib/gcc/arm-none-eabi/13.3.1/thumb/v7e-m+fp/hard/crtbegin.o
 .ARM.attributes
                0x00000056       0x34 ./Core/Src/main.o
 .ARM.attributes
                0x0000008a       0x34 ./Core/Src/stm32f4xx_hal_msp.o
 .ARM.attributes
                0x000000be       0x34 ./Core/Src/stm32f4xx_it.o
 .ARM.attributes
                0x000000f2       0x34 ./Core/Src/system_stm32f4xx.o
 .ARM.attributes
                0x00000126       0x21 ./Core/Startup/startup_stm32f407vetx.o
 .ARM.attributes
                0x00000147       0x34 ./Drivers/STM32F4xx_HAL_Driver/Src/stm32f4xx_hal.o
 .ARM.attributes
                0x0000017b       0x34 ./Drivers/STM32F4xx_HAL_Driver/Src/stm32f4xx_hal_cortex.o
 .ARM.attributes
                0x000001af       0x34 ./Drivers/STM32F4xx_HAL_Driver/Src/stm32f4xx_hal_gpio.o
 .ARM.attributes
                0x000001e3       0x34 ./Drivers/STM32F4xx_HAL_Driver/Src/stm32f4xx_hal_rcc.o
 .ARM.attributes
                0x00000217       0x34 ./Drivers/STM32F4xx_HAL_Driver/Src/stm32f4xx_hal_tim.o
 .ARM.attributes
                0x0000024b       0x34 ./Drivers/STM32F4xx_HAL_Driver/Src/stm32f4xx_hal_tim_ex.o
 .ARM.attributes
                0x0000027f       0x34 ./Lib/Src/7SEG.o
 .ARM.attributes
                0x000002b3       0x34 ./User/Src/app_main.o
 .ARM.attributes
                0x000002e7       0x34 ./User/Src/input.o
 .ARM.attributes
                0x0000031b       0x34 ./User/Src/output.o
 .ARM.attributes
                0x0000034f       0x34 ./User/Src/segment.o
 .ARM.attributes
                0x00000383       0x34 ./User/Src/timer.o
 .ARM.attributes
                0x000003b7       0x34 C:/ST/STM32CubeIDE_1.19.0/STM32CubeIDE/plugins/com.st.stm32cube.ide.mcu.externaltools.gnu-tools-for-stm32.13.3.rel1.win32_1.0.0.202411081344/tools/bin/../lib/gcc/arm-none-eabi/13.3.1/../../../../arm-none-eabi/lib/thumb/v7e-m+fp/hard\libc_nano.a(libc_a-memset.o)
 .ARM.attributes
                0x000003eb       0x34 C:/ST/STM32CubeIDE_1.19.0/STM32CubeIDE/plugins/com.st.stm32cube.ide.mcu.externaltools.gnu-tools-for-stm32.13.3.rel1.win32_1.0.0.202411081344/tools/bin/../lib/gcc/arm-none-eabi/13.3.1/../../../../arm-none-eabi/lib/thumb/v7e-m+fp/hard\libc_nano.a(libc_a-init.o)
 .ARM.attributes
                0x0000041f       0x22 C:/ST/STM32CubeIDE_1.19.0/STM32CubeIDE/plugins/com.st.stm32cube.ide.mcu.externaltools.gnu-tools-for-stm32.13.3.rel1.win32_1.0.0.202411081344/tools/bin/../lib/gcc/arm-none-eabi/13.3.1/thumb/v7e-m+fp/hard\libgcc.a(_aeabi_uldivmod.o)
 .ARM.attributes
                0x00000441       0x34 C:/ST/STM32CubeIDE_1.19.0/STM32CubeIDE/plugins/com.st.stm32cube.ide.mcu.externaltools.gnu-tools-for-stm32.13.3.rel1.win32_1.0.0.202411081344/tools/bin/../lib/gcc/arm-none-eabi/13.3.1/thumb/v7e-m+fp/hard\libgcc.a(_udivmoddi4.o)
 .ARM.attributes
                0x00000475       0x22 C:/ST/STM32CubeIDE_1.19.0/STM32CubeIDE/plugins/com.st.stm32cube.ide.mcu.externaltools.gnu-tools-for-stm32.13.3.rel1.win32_1.0.0.202411081344/tools/bin/../lib/gcc/arm-none-eabi/13.3.1/thumb/v7e-m+fp/hard\libgcc.a(_dvmd_tls.o)
 .ARM.attributes
                0x00000497       0x22 C:/ST/STM32CubeIDE_1.19.0/STM32CubeIDE/plugins/com.st.stm32cube.ide.mcu.externaltools.gnu-tools-for-stm32.13.3.rel1.win32_1.0.0.202411081344/tools/bin/../lib/gcc/arm-none-eabi/13.3.1/thumb/v7e-m+fp/hard/crtn.o
OUTPUT(_2_pp.elf elf32-littlearm)
LOAD linker stubs
LOAD C:/ST/STM32CubeIDE_1.19.0/STM32CubeIDE/plugins/com.st.stm32cube.ide.mcu.externaltools.gnu-tools-for-stm32.13.3.rel1.win32_1.0.0.202411081344/tools/bin/../lib/gcc/arm-none-eabi/13.3.1/../../../../arm-none-eabi/lib/thumb/v7e-m+fp/hard\libc.a
LOAD C:/ST/STM32CubeIDE_1.19.0/STM32CubeIDE/plugins/com.st.stm32cube.ide.mcu.externaltools.gnu-tools-for-stm32.13.3.rel1.win32_1.0.0.202411081344/tools/bin/../lib/gcc/arm-none-eabi/13.3.1/../../../../arm-none-eabi/lib/thumb/v7e-m+fp/hard\libm.a
LOAD C:/ST/STM32CubeIDE_1.19.0/STM32CubeIDE/plugins/com.st.stm32cube.ide.mcu.externaltools.gnu-tools-for-stm32.13.3.rel1.win32_1.0.0.202411081344/tools/bin/../lib/gcc/arm-none-eabi/13.3.1/thumb/v7e-m+fp/hard\libgcc.a

.debug_info     0x00000000     0x9dba
 .debug_info    0x00000000      0xd45 ./Core/Src/main.o
 .debug_info    0x00000d45      0xaf0 ./Core/Src/stm32f4xx_hal_msp.o
 .debug_info    0x00001835      0x6e1 ./Core/Src/stm32f4xx_it.o
 .debug_info    0x00001f16      0x512 ./Core/Src/system_stm32f4xx.o
 .debug_info    0x00002428       0x30 ./Core/Startup/startup_stm32f407vetx.o
 .debug_info    0x00002458      0x944 ./Drivers/STM32F4xx_HAL_Driver/Src/stm32f4xx_hal.o
 .debug_info    0x00002d9c      0xd8c ./Drivers/STM32F4xx_HAL_Driver/Src/stm32f4xx_hal_cortex.o
 .debug_info    0x00003b28      0x6c3 ./Drivers/STM32F4xx_HAL_Driver/Src/stm32f4xx_hal_gpio.o
 .debug_info    0x000041eb      0x8c3 ./Drivers/STM32F4xx_HAL_Driver/Src/stm32f4xx_hal_rcc.o
 .debug_info    0x00004aae     0x299d ./Drivers/STM32F4xx_HAL_Driver/Src/stm32f4xx_hal_tim.o
 .debug_info    0x0000744b     0x14db ./Drivers/STM32F4xx_HAL_Driver/Src/stm32f4xx_hal_tim_ex.o
 .debug_info    0x00008926      0x446 ./Lib/Src/7SEG.o
 .debug_info    0x00008d6c      0x852 ./User/Src/app_main.o
 .debug_info    0x000095be      0x301 ./User/Src/input.o
 .debug_info    0x000098bf      0x2c6 ./User/Src/output.o
 .debug_info    0x00009b85      0x11c ./User/Src/segment.o
 .debug_info    0x00009ca1      0x119 ./User/Src/timer.o

.debug_abbrev   0x00000000     0x1d49
 .debug_abbrev  0x00000000      0x258 ./Core/Src/main.o
 .debug_abbrev  0x00000258      0x1ae ./Core/Src/stm32f4xx_hal_msp.o
 .debug_abbrev  0x00000406      0x192 ./Core/Src/stm32f4xx_it.o
 .debug_abbrev  0x00000598      0x11a ./Core/Src/system_stm32f4xx.o
 .debug_abbrev  0x000006b2       0x24 ./Core/Startup/startup_stm32f407vetx.o
 .debug_abbrev  0x000006d6      0x214 ./Drivers/STM32F4xx_HAL_Driver/Src/stm32f4xx_hal.o
 .debug_abbrev  0x000008ea      0x31d ./Drivers/STM32F4xx_HAL_Driver/Src/stm32f4xx_hal_cortex.o
 .debug_abbrev  0x00000c07      0x1d4 ./Drivers/STM32F4xx_HAL_Driver/Src/stm32f4xx_hal_gpio.o
 .debug_abbrev  0x00000ddb      0x2b7 ./Drivers/STM32F4xx_HAL_Driver/Src/stm32f4xx_hal_rcc.o
 .debug_abbrev  0x00001092      0x278 ./Drivers/STM32F4xx_HAL_Driver/Src/stm32f4xx_hal_tim.o
 .debug_abbrev  0x0000130a      0x283 ./Drivers/STM32F4xx_HAL_Driver/Src/stm32f4xx_hal_tim_ex.o
 .debug_abbrev  0x0000158d      0x17f ./Lib/Src/7SEG.o
 .debug_abbrev  0x0000170c      0x200 ./User/Src/app_main.o
 .debug_abbrev  0x0000190c      0x16d ./User/Src/input.o
 .debug_abbrev  0x00001a79      0x169 ./User/Src/output.o
 .debug_abbrev  0x00001be2       0xb6 ./User/Src/segment.o
 .debug_abbrev  0x00001c98       0xb1 ./User/Src/timer.o

.debug_aranges  0x00000000      0xa78
 .debug_aranges
                0x00000000       0x40 ./Core/Src/main.o
 .debug_aranges
                0x00000040       0x30 ./Core/Src/stm32f4xx_hal_msp.o
 .debug_aranges
                0x00000070       0x68 ./Core/Src/stm32f4xx_it.o
 .debug_aranges
                0x000000d8       0x28 ./Core/Src/system_stm32f4xx.o
 .debug_aranges
                0x00000100       0x28 ./Core/Startup/startup_stm32f407vetx.o
 .debug_aranges
                0x00000128       0xf0 ./Drivers/STM32F4xx_HAL_Driver/Src/stm32f4xx_hal.o
 .debug_aranges
                0x00000218      0x130 ./Drivers/STM32F4xx_HAL_Driver/Src/stm32f4xx_hal_cortex.o
 .debug_aranges
                0x00000348       0x58 ./Drivers/STM32F4xx_HAL_Driver/Src/stm32f4xx_hal_gpio.o
 .debug_aranges
                0x000003a0       0x88 ./Drivers/STM32F4xx_HAL_Driver/Src/stm32f4xx_hal_rcc.o
 .debug_aranges
                0x00000428      0x3d0 ./Drivers/STM32F4xx_HAL_Driver/Src/stm32f4xx_hal_tim.o
 .debug_aranges
                0x000007f8      0x168 ./Drivers/STM32F4xx_HAL_Driver/Src/stm32f4xx_hal_tim_ex.o
 .debug_aranges
                0x00000960       0x28 ./Lib/Src/7SEG.o
 .debug_aranges
                0x00000988       0x38 ./User/Src/app_main.o
 .debug_aranges
                0x000009c0       0x38 ./User/Src/input.o
 .debug_aranges
                0x000009f8       0x30 ./User/Src/output.o
 .debug_aranges
                0x00000a28       0x20 ./User/Src/segment.o
 .debug_aranges
                0x00000a48       0x30 ./User/Src/timer.o

.debug_rnglists
                0x00000000      0x7f2
 .debug_rnglists
                0x00000000       0x2d ./Core/Src/main.o
 .debug_rnglists
                0x0000002d       0x1f ./Core/Src/stm32f4xx_hal_msp.o
 .debug_rnglists
                0x0000004c       0x49 ./Core/Src/stm32f4xx_it.o
 .debug_rnglists
                0x00000095       0x1a ./Core/Src/system_stm32f4xx.o
 .debug_rnglists
                0x000000af       0x19 ./Core/Startup/startup_stm32f407vetx.o
 .debug_rnglists
                0x000000c8       0xaf ./Drivers/STM32F4xx_HAL_Driver/Src/stm32f4xx_hal.o
 .debug_rnglists
                0x00000177       0xe0 ./Drivers/STM32F4xx_HAL_Driver/Src/stm32f4xx_hal_cortex.o
 .debug_rnglists
                0x00000257       0x3f ./Drivers/STM32F4xx_HAL_Driver/Src/stm32f4xx_hal_gpio.o
 .debug_rnglists
                0x00000296       0x66 ./Drivers/STM32F4xx_HAL_Driver/Src/stm32f4xx_hal_rcc.o
 .debug_rnglists
                0x000002fc      0x31a ./Drivers/STM32F4xx_HAL_Driver/Src/stm32f4xx_hal_tim.o
 .debug_rnglists
                0x00000616      0x125 ./Drivers/STM32F4xx_HAL_Driver/Src/stm32f4xx_hal_tim_ex.o
 .debug_rnglists
                0x0000073b       0x1b ./Lib/Src/7SEG.o
 .debug_rnglists
                0x00000756       0x26 ./User/Src/app_main.o
 .debug_rnglists
                0x0000077c       0x25 ./User/Src/input.o
 .debug_rnglists
                0x000007a1       0x1f ./User/Src/output.o
 .debug_rnglists
                0x000007c0       0x13 ./User/Src/segment.o
 .debug_rnglists
                0x000007d3       0x1f ./User/Src/timer.o

.debug_macro    0x00000000    0x20d38
 .debug_macro   0x00000000      0x1dd ./Core/Src/main.o
 .debug_macro   0x000001dd      0xad8 ./Core/Src/main.o
 .debug_macro   0x00000cb5      0x295 ./Core/Src/main.o
 .debug_macro   0x00000f4a       0x2e ./Core/Src/main.o
 .debug_macro   0x00000f78       0x2f ./Core/Src/main.o
 .debug_macro   0x00000fa7       0x22 ./Core/Src/main.o
 .debug_macro   0x00000fc9       0x8e ./Core/Src/main.o
 .debug_macro   0x00001057       0x51 ./Core/Src/main.o
 .debug_macro   0x000010a8      0x103 ./Core/Src/main.o
 .debug_macro   0x000011ab       0x6a ./Core/Src/main.o
 .debug_macro   0x00001215      0x1df ./Core/Src/main.o
 .debug_macro   0x000013f4       0x1c ./Core/Src/main.o
 .debug_macro   0x00001410       0x22 ./Core/Src/main.o
 .debug_macro   0x00001432       0xfb ./Core/Src/main.o
 .debug_macro   0x0000152d     0x1011 ./Core/Src/main.o
 .debug_macro   0x0000253e      0x11f ./Core/Src/main.o
 .debug_macro   0x0000265d    0x15ea5 ./Core/Src/main.o
 .debug_macro   0x00018502       0x6d ./Core/Src/main.o
 .debug_macro   0x0001856f     0x3693 ./Core/Src/main.o
 .debug_macro   0x0001bc02      0x190 ./Core/Src/main.o
 .debug_macro   0x0001bd92       0x5c ./Core/Src/main.o
 .debug_macro   0x0001bdee      0x980 ./Core/Src/main.o
 .debug_macro   0x0001c76e      0x9e9 ./Core/Src/main.o
 .debug_macro   0x0001d157      0x115 ./Core/Src/main.o
 .debug_macro   0x0001d26c      0x13e ./Core/Src/main.o
 .debug_macro   0x0001d3aa       0xa5 ./Core/Src/main.o
 .debug_macro   0x0001d44f      0x174 ./Core/Src/main.o
 .debug_macro   0x0001d5c3      0x287 ./Core/Src/main.o
 .debug_macro   0x0001d84a       0x5f ./Core/Src/main.o
 .debug_macro   0x0001d8a9      0x236 ./Core/Src/main.o
 .debug_macro   0x0001dadf      0x12c ./Core/Src/main.o
 .debug_macro   0x0001dc0b      0x21e ./Core/Src/main.o
 .debug_macro   0x0001de29       0x2e ./Core/Src/main.o
 .debug_macro   0x0001de57      0x127 ./Core/Src/main.o
 .debug_macro   0x0001df7e       0x7e ./Core/Src/main.o
 .debug_macro   0x0001dffc       0x89 ./Core/Src/main.o
 .debug_macro   0x0001e085      0x8ed ./Core/Src/main.o
 .debug_macro   0x0001e972       0x4d ./Core/Src/main.o
 .debug_macro   0x0001e9bf      0x12d ./Core/Src/main.o
 .debug_macro   0x0001eaec       0x7c ./Core/Src/main.o
 .debug_macro   0x0001eb68      0x1d3 ./Core/Src/stm32f4xx_hal_msp.o
 .debug_macro   0x0001ed3b      0x1dd ./Core/Src/stm32f4xx_it.o
 .debug_macro   0x0001ef18      0x1c4 ./Core/Src/system_stm32f4xx.o
 .debug_macro   0x0001f0dc      0x224 ./Drivers/STM32F4xx_HAL_Driver/Src/stm32f4xx_hal.o
 .debug_macro   0x0001f300      0x1c4 ./Drivers/STM32F4xx_HAL_Driver/Src/stm32f4xx_hal_cortex.o
 .debug_macro   0x0001f4c4      0x1ca ./Drivers/STM32F4xx_HAL_Driver/Src/stm32f4xx_hal_gpio.o
 .debug_macro   0x0001f68e      0x1e8 ./Drivers/STM32F4xx_HAL_Driver/Src/stm32f4xx_hal_rcc.o
 .debug_macro   0x0001f876      0x1c5 ./Drivers/STM32F4xx_HAL_Driver/Src/stm32f4xx_hal_tim.o
 .debug_macro   0x0001fa3b      0x1c4 ./Drivers/STM32F4xx_HAL_Driver/Src/stm32f4xx_hal_tim_ex.o
 .debug_macro   0x0001fbff      0x1d3 ./Lib/Src/7SEG.o
 .debug_macro   0x0001fdd2      0x19c ./Lib/Src/7SEG.o
 .debug_macro   0x0001ff6e      0x221 ./User/Src/app_main.o
 .debug_macro   0x0002018f       0x22 ./User/Src/app_main.o
 .debug_macro   0x000201b1      0x1a2 ./User/Src/app_main.o
 .debug_macro   0x00020353      0x1ea ./User/Src/input.o
 .debug_macro   0x0002053d       0x82 ./User/Src/input.o
 .debug_macro   0x000205bf      0x1ea ./User/Src/output.o
 .debug_macro   0x000207a9      0x203 ./User/Src/segment.o
 .debug_macro   0x000209ac      0x19c ./User/Src/segment.o
 .debug_macro   0x00020b48      0x1f0 ./User/Src/timer.o

.debug_line     0x00000000     0xd4fc
 .debug_line    0x00000000      0x86e ./Core/Src/main.o
 .debug_line    0x0000086e      0x769 ./Core/Src/stm32f4xx_hal_msp.o
 .debug_line    0x00000fd7      0x7f5 ./Core/Src/stm32f4xx_it.o
 .debug_line    0x000017cc      0x7a4 ./Core/Src/system_stm32f4xx.o
 .debug_line    0x00001f70       0x7a ./Core/Startup/startup_stm32f407vetx.o
 .debug_line    0x00001fea      0xa20 ./Drivers/STM32F4xx_HAL_Driver/Src/stm32f4xx_hal.o
 .debug_line    0x00002a0a      0xcf0 ./Drivers/STM32F4xx_HAL_Driver/Src/stm32f4xx_hal_cortex.o
 .debug_line    0x000036fa      0xb78 ./Drivers/STM32F4xx_HAL_Driver/Src/stm32f4xx_hal_gpio.o
 .debug_line    0x00004272      0xe2f ./Drivers/STM32F4xx_HAL_Driver/Src/stm32f4xx_hal_rcc.o
 .debug_line    0x000050a1     0x3795 ./Drivers/STM32F4xx_HAL_Driver/Src/stm32f4xx_hal_tim.o
 .debug_line    0x00008836     0x1980 ./Drivers/STM32F4xx_HAL_Driver/Src/stm32f4xx_hal_tim_ex.o
 .debug_line    0x0000a1b6      0xb5c ./Lib/Src/7SEG.o
 .debug_line    0x0000ad12      0x8db ./User/Src/app_main.o
 .debug_line    0x0000b5ed      0x816 ./User/Src/input.o
 .debug_line    0x0000be03      0x7b5 ./User/Src/output.o
 .debug_line    0x0000c5b8      0x7ae ./User/Src/segment.o
 .debug_line    0x0000cd66      0x796 ./User/Src/timer.o

.debug_str      0x00000000    0xc5e17
 .debug_str     0x00000000    0xc5e17 ./Core/Src/main.o
                              0xc2bc7 (size before relaxing)
 .debug_str     0x000c5e17    0xc2df8 ./Core/Src/stm32f4xx_hal_msp.o
 .debug_str     0x000c5e17    0xc2855 ./Core/Src/stm32f4xx_it.o
 .debug_str     0x000c5e17    0xc221c ./Core/Src/system_stm32f4xx.o
 .debug_str     0x000c5e17       0x67 ./Core/Startup/startup_stm32f407vetx.o
 .debug_str     0x000c5e17    0xc2da0 ./Drivers/STM32F4xx_HAL_Driver/Src/stm32f4xx_hal.o
 .debug_str     0x000c5e17    0xc2b1c ./Drivers/STM32F4xx_HAL_Driver/Src/stm32f4xx_hal_cortex.o
 .debug_str     0x000c5e17    0xc2397 ./Drivers/STM32F4xx_HAL_Driver/Src/stm32f4xx_hal_gpio.o
 .debug_str     0x000c5e17    0xc2650 ./Drivers/STM32F4xx_HAL_Driver/Src/stm32f4xx_hal_rcc.o
 .debug_str     0x000c5e17    0xc35a6 ./Drivers/STM32F4xx_HAL_Driver/Src/stm32f4xx_hal_tim.o
 .debug_str     0x000c5e17    0xc2db2 ./Drivers/STM32F4xx_HAL_Driver/Src/stm32f4xx_hal_tim_ex.o
 .debug_str     0x000c5e17    0xc2d1b ./Lib/Src/7SEG.o
 .debug_str     0x000c5e17    0xc34ec ./User/Src/app_main.o
 .debug_str     0x000c5e17    0xc23e0 ./User/Src/input.o
 .debug_str     0x000c5e17    0xc23e8 ./User/Src/output.o
 .debug_str     0x000c5e17    0xc2e1b ./User/Src/segment.o
 .debug_str     0x000c5e17    0xc2328 ./User/Src/timer.o

.comment        0x00000000       0x43
 .comment       0x00000000       0x43 ./Core/Src/main.o
                                 0x44 (size before relaxing)
 .comment       0x00000043       0x44 ./Core/Src/stm32f4xx_hal_msp.o
 .comment       0x00000043       0x44 ./Core/Src/stm32f4xx_it.o
 .comment       0x00000043       0x44 ./Core/Src/system_stm32f4xx.o
 .comment       0x00000043       0x44 ./Drivers/STM32F4xx_HAL_Driver/Src/stm32f4xx_hal.o
 .comment       0x00000043       0x44 ./Drivers/STM32F4xx_HAL_Driver/Src/stm32f4xx_hal_cortex.o
 .comment       0x00000043       0x44 ./Drivers/STM32F4xx_HAL_Driver/Src/stm32f4xx_hal_gpio.o
 .comment       0x00000043       0x44 ./Drivers/STM32F4xx_HAL_Driver/Src/stm32f4xx_hal_rcc.o
 .comment       0x00000043       0x44 ./Drivers/STM32F4xx_HAL_Driver/Src/stm32f4xx_hal_tim.o
 .comment       0x00000043       0x44 ./Drivers/STM32F4xx_HAL_Driver/Src/stm32f4xx_hal_tim_ex.o
 .comment       0x00000043       0x44 ./Lib/Src/7SEG.o
 .comment       0x00000043       0x44 ./User/Src/app_main.o
 .comment       0x00000043       0x44 ./User/Src/input.o
 .comment       0x00000043       0x44 ./User/Src/output.o
 .comment       0x00000043       0x44 ./User/Src/segment.o
 .comment       0x00000043       0x44 ./User/Src/timer.o

.debug_frame    0x00000000     0x29c4
 .debug_frame   0x00000000       0xb0 ./Core/Src/main.o
 .debug_frame   0x000000b0       0x80 ./Core/Src/stm32f4xx_hal_msp.o
 .debug_frame   0x00000130      0x120 ./Core/Src/stm32f4xx_it.o
 .debug_frame   0x00000250       0x58 ./Core/Src/system_stm32f4xx.o
 .debug_frame   0x000002a8      0x374 ./Drivers/STM32F4xx_HAL_Driver/Src/stm32f4xx_hal.o
 .debug_frame   0x0000061c      0x508 ./Drivers/STM32F4xx_HAL_Driver/Src/stm32f4xx_hal_cortex.o
 .debug_frame   0x00000b24      0x14c ./Drivers/STM32F4xx_HAL_Driver/Src/stm32f4xx_hal_gpio.o
 .debug_frame   0x00000c70      0x1f4 ./Drivers/STM32F4xx_HAL_Driver/Src/stm32f4xx_hal_rcc.o
 .debug_frame   0x00000e64     0x11c0 ./Drivers/STM32F4xx_HAL_Driver/Src/stm32f4xx_hal_tim.o
 .debug_frame   0x00002024      0x638 ./Drivers/STM32F4xx_HAL_Driver/Src/stm32f4xx_hal_tim_ex.o
 .debug_frame   0x0000265c       0x5c ./Lib/Src/7SEG.o
 .debug_frame   0x000026b8       0x88 ./User/Src/app_main.o
 .debug_frame   0x00002740       0xac ./User/Src/input.o
 .debug_frame   0x000027ec       0x7c ./User/Src/output.o
 .debug_frame   0x00002868       0x38 ./User/Src/segment.o
 .debug_frame   0x000028a0       0x78 ./User/Src/timer.o
 .debug_frame   0x00002918       0x20 C:/ST/STM32CubeIDE_1.19.0/STM32CubeIDE/plugins/com.st.stm32cube.ide.mcu.externaltools.gnu-tools-for-stm32.13.3.rel1.win32_1.0.0.202411081344/tools/bin/../lib/gcc/arm-none-eabi/13.3.1/../../../../arm-none-eabi/lib/thumb/v7e-m+fp/hard\libc_nano.a(libc_a-memset.o)
 .debug_frame   0x00002938       0x2c C:/ST/STM32CubeIDE_1.19.0/STM32CubeIDE/plugins/com.st.stm32cube.ide.mcu.externaltools.gnu-tools-for-stm32.13.3.rel1.win32_1.0.0.202411081344/tools/bin/../lib/gcc/arm-none-eabi/13.3.1/../../../../arm-none-eabi/lib/thumb/v7e-m+fp/hard\libc_nano.a(libc_a-init.o)
 .debug_frame   0x00002964       0x2c C:/ST/STM32CubeIDE_1.19.0/STM32CubeIDE/plugins/com.st.stm32cube.ide.mcu.externaltools.gnu-tools-for-stm32.13.3.rel1.win32_1.0.0.202411081344/tools/bin/../lib/gcc/arm-none-eabi/13.3.1/thumb/v7e-m+fp/hard\libgcc.a(_aeabi_uldivmod.o)
 .debug_frame   0x00002990       0x34 C:/ST/STM32CubeIDE_1.19.0/STM32CubeIDE/plugins/com.st.stm32cube.ide.mcu.externaltools.gnu-tools-for-stm32.13.3.rel1.win32_1.0.0.202411081344/tools/bin/../lib/gcc/arm-none-eabi/13.3.1/thumb/v7e-m+fp/hard\libgcc.a(_udivmoddi4.o)

.debug_line_str
                0x00000000       0x4b
 .debug_line_str
                0x00000000       0x4b ./Core/Startup/startup_stm32f407vetx.o
