09:39:07 **** Clean-only build of configuration Debug for project temp ****
make -j16 clean 
rm -rf ./User/Src/app_main.cyclo ./User/Src/app_main.d ./User/Src/app_main.o ./User/Src/app_main.su ./User/Src/input.cyclo ./User/Src/input.d ./User/Src/input.o ./User/Src/input.su ./User/Src/led_manager.cyclo ./User/Src/led_manager.d ./User/Src/led_manager.o ./User/Src/led_manager.su ./User/Src/output.cyclo ./User/Src/output.d ./User/Src/output.o ./User/Src/output.su ./User/Src/uart.cyclo ./User/Src/uart.d ./User/Src/uart.o ./User/Src/uart.su
rm -rf ./Drivers/STM32F4xx_HAL_Driver/Src/stm32f4xx_hal.cyclo ./Drivers/STM32F4xx_HAL_Driver/Src/stm32f4xx_hal.d ./Drivers/STM32F4xx_HAL_Driver/Src/stm32f4xx_hal.o ./Drivers/STM32F4xx_HAL_Driver/Src/stm32f4xx_hal.su ./Drivers/STM32F4xx_HAL_Driver/Src/stm32f4xx_hal_cortex.cyclo ./Drivers/STM32F4xx_HAL_Driver/Src/stm32f4xx_hal_cortex.d ./Drivers/STM32F4xx_HAL_Driver/Src/stm32f4xx_hal_cortex.o ./Drivers/STM32F4xx_HAL_Driver/Src/stm32f4xx_hal_cortex.su ./Drivers/STM32F4xx_HAL_Driver/Src/stm32f4xx_hal_dma.cyclo ./Drivers/STM32F4xx_HAL_Driver/Src/stm32f4xx_hal_dma.d ./Drivers/STM32F4xx_HAL_Driver/Src/stm32f4xx_hal_dma.o ./Drivers/STM32F4xx_HAL_Driver/Src/stm32f4xx_hal_dma.su ./Drivers/STM32F4xx_HAL_Driver/Src/stm32f4xx_hal_dma_ex.cyclo ./Drivers/STM32F4xx_HAL_Driver/Src/stm32f4xx_hal_dma_ex.d ./Drivers/STM32F4xx_HAL_Driver/Src/stm32f4xx_hal_dma_ex.o ./Drivers/STM32F4xx_HAL_Driver/Src/stm32f4xx_hal_dma_ex.su ./Drivers/STM32F4xx_HAL_Driver/Src/stm32f4xx_hal_exti.cyclo ./Drivers/STM32F4xx_HAL_Driver/Src/stm32f4xx_hal_exti.d ./Drivers/STM32F4xx_HAL_Driver/Src/stm32f4xx_hal_exti.o ./Drivers/STM32F4xx_HAL_Driver/Src/stm32f4xx_hal_exti.su ./Drivers/STM32F4xx_HAL_Driver/Src/stm32f4xx_hal_flash.cyclo ./Drivers/STM32F4xx_HAL_Driver/Src/stm32f4xx_hal_flash.d ./Drivers/STM32F4xx_HAL_Driver/Src/stm32f4xx_hal_flash.o ./Drivers/STM32F4xx_HAL_Driver/Src/stm32f4xx_hal_flash.su ./Drivers/STM32F4xx_HAL_Driver/Src/stm32f4xx_hal_flash_ex.cyclo ./Drivers/STM32F4xx_HAL_Driver/Src/stm32f4xx_hal_flash_ex.d ./Drivers/STM32F4xx_HAL_Driver/Src/stm32f4xx_hal_flash_ex.o ./Drivers/STM32F4xx_HAL_Driver/Src/stm32f4xx_hal_flash_ex.su ./Drivers/STM32F4xx_HAL_Driver/Src/stm32f4xx_hal_flash_ramfunc.cyclo ./Drivers/STM32F4xx_HAL_Driver/Src/stm32f4xx_hal_flash_ramfunc.d ./Drivers/STM32F4xx_HAL_Driver/Src/stm32f4xx_hal_flash_ramfunc.o ./Drivers/STM32F4xx_HAL_Driver/Src/stm32f4xx_hal_flash_ramfunc.su ./Drivers/STM32F4xx_HAL_Driver/Src/stm32f4xx_hal_gpio.cyclo ./Drivers/STM32F4xx_HAL_Driver/Src/stm32f4xx_hal_gpio.d ./Drivers/STM32F4xx_HAL_Driver/Src/stm32f4xx_hal_gpio.o ./Drivers/STM32F4xx_HAL_Driver/Src/stm32f4xx_hal_gpio.su ./Drivers/STM32F4xx_HAL_Driver/Src/stm32f4xx_hal_pwr.cyclo ./Drivers/STM32F4xx_HAL_Driver/Src/stm32f4xx_hal_pwr.d ./Drivers/STM32F4xx_HAL_Driver/Src/stm32f4xx_hal_pwr.o ./Drivers/STM32F4xx_HAL_Driver/Src/stm32f4xx_hal_pwr.su ./Drivers/STM32F4xx_HAL_Driver/Src/stm32f4xx_hal_pwr_ex.cyclo ./Drivers/STM32F4xx_HAL_Driver/Src/stm32f4xx_hal_pwr_ex.d ./Drivers/STM32F4xx_HAL_Driver/Src/stm32f4xx_hal_pwr_ex.o ./Drivers/STM32F4xx_HAL_Driver/Src/stm32f4xx_hal_pwr_ex.su ./Drivers/STM32F4xx_HAL_Driver/Src/stm32f4xx_hal_rcc.cyclo ./Drivers/STM32F4xx_HAL_Driver/Src/stm32f4xx_hal_rcc.d ./Drivers/STM32F4xx_HAL_Driver/Src/stm32f4xx_hal_rcc.o ./Drivers/STM32F4xx_HAL_Driver/Src/stm32f4xx_hal_rcc.su ./Drivers/STM32F4xx_HAL_Driver/Src/stm32f4xx_hal_rcc_ex.cyclo ./Drivers/STM32F4xx_HAL_Driver/Src/stm32f4xx_hal_rcc_ex.d ./Drivers/STM32F4xx_HAL_Driver/Src/stm32f4xx_hal_rcc_ex.o ./Drivers/STM32F4xx_HAL_Driver/Src/stm32f4xx_hal_rcc_ex.su ./Drivers/STM32F4xx_HAL_Driver/Src/stm32f4xx_hal_uart.cyclo ./Drivers/STM32F4xx_HAL_Driver/Src/stm32f4xx_hal_uart.d ./Drivers/STM32F4xx_HAL_Driver/Src/stm32f4xx_hal_uart.o ./Drivers/STM32F4xx_HAL_Driver/Src/stm32f4xx_hal_uart.su
rm -rf ./Core/Startup/startup_stm32f407vetx.d ./Core/Startup/startup_stm32f407vetx.o
rm -rf ./Core/Src/main.cyclo ./Core/Src/main.d ./Core/Src/main.o ./Core/Src/main.su ./Core/Src/stm32f4xx_hal_msp.cyclo ./Core/Src/stm32f4xx_hal_msp.d ./Core/Src/stm32f4xx_hal_msp.o ./Core/Src/stm32f4xx_hal_msp.su ./Core/Src/stm32f4xx_it.cyclo ./Core/Src/stm32f4xx_it.d ./Core/Src/stm32f4xx_it.o ./Core/Src/stm32f4xx_it.su ./Core/Src/syscalls.cyclo ./Core/Src/syscalls.d ./Core/Src/syscalls.o ./Core/Src/syscalls.su ./Core/Src/sysmem.cyclo ./Core/Src/sysmem.d ./Core/Src/sysmem.o ./Core/Src/sysmem.su ./Core/Src/system_stm32f4xx.cyclo ./Core/Src/system_stm32f4xx.d ./Core/Src/system_stm32f4xx.o ./Core/Src/system_stm32f4xx.su
rm -rf default.size.stdout temp.elf temp.list temp.map
 
09:39:27 **** Build of configuration Debug for project temp ****
make -j16 all 
arm-none-eabi-gcc "../User/Src/app_main.c" -mcpu=cortex-m4 -std=gnu11 -g3 -DDEBUG -DUSE_HAL_DRIVER -DSTM32F407xx -c -I../Core/Inc -I../User/Inc -I../Drivers/STM32F4xx_HAL_Driver/Inc -I../Drivers/STM32F4xx_HAL_Driver/Inc/Legacy -I../Drivers/CMSIS/Device/ST/STM32F4xx/Include -I../Drivers/CMSIS/Include -O0 -ffunction-sections -fdata-sections -Wall -fstack-usage -fcyclomatic-complexity -MMD -MP -MF"User/Src/app_main.d" -MT"User/Src/app_main.o" --specs=nano.specs -mfpu=fpv4-sp-d16 -mfloat-abi=hard -mthumb -o "User/Src/app_main.o"
arm-none-eabi-gcc "../User/Src/input.c" -mcpu=cortex-m4 -std=gnu11 -g3 -DDEBUG -DUSE_HAL_DRIVER -DSTM32F407xx -c -I../Core/Inc -I../User/Inc -I../Drivers/STM32F4xx_HAL_Driver/Inc -I../Drivers/STM32F4xx_HAL_Driver/Inc/Legacy -I../Drivers/CMSIS/Device/ST/STM32F4xx/Include -I../Drivers/CMSIS/Include -O0 -ffunction-sections -fdata-sections -Wall -fstack-usage -fcyclomatic-complexity -MMD -MP -MF"User/Src/input.d" -MT"User/Src/input.o" --specs=nano.specs -mfpu=fpv4-sp-d16 -mfloat-abi=hard -mthumb -o "User/Src/input.o"
arm-none-eabi-gcc "../User/Src/led_manager.c" -mcpu=cortex-m4 -std=gnu11 -g3 -DDEBUG -DUSE_HAL_DRIVER -DSTM32F407xx -c -I../Core/Inc -I../User/Inc -I../Drivers/STM32F4xx_HAL_Driver/Inc -I../Drivers/STM32F4xx_HAL_Driver/Inc/Legacy -I../Drivers/CMSIS/Device/ST/STM32F4xx/Include -I../Drivers/CMSIS/Include -O0 -ffunction-sections -fdata-sections -Wall -fstack-usage -fcyclomatic-complexity -MMD -MP -MF"User/Src/led_manager.d" -MT"User/Src/led_manager.o" --specs=nano.specs -mfpu=fpv4-sp-d16 -mfloat-abi=hard -mthumb -o "User/Src/led_manager.o"
arm-none-eabi-gcc "../User/Src/output.c" -mcpu=cortex-m4 -std=gnu11 -g3 -DDEBUG -DUSE_HAL_DRIVER -DSTM32F407xx -c -I../Core/Inc -I../User/Inc -I../Drivers/STM32F4xx_HAL_Driver/Inc -I../Drivers/STM32F4xx_HAL_Driver/Inc/Legacy -I../Drivers/CMSIS/Device/ST/STM32F4xx/Include -I../Drivers/CMSIS/Include -O0 -ffunction-sections -fdata-sections -Wall -fstack-usage -fcyclomatic-complexity -MMD -MP -MF"User/Src/output.d" -MT"User/Src/output.o" --specs=nano.specs -mfpu=fpv4-sp-d16 -mfloat-abi=hard -mthumb -o "User/Src/output.o"
arm-none-eabi-gcc "../User/Src/uart.c" -mcpu=cortex-m4 -std=gnu11 -g3 -DDEBUG -DUSE_HAL_DRIVER -DSTM32F407xx -c -I../Core/Inc -I../User/Inc -I../Drivers/STM32F4xx_HAL_Driver/Inc -I../Drivers/STM32F4xx_HAL_Driver/Inc/Legacy -I../Drivers/CMSIS/Device/ST/STM32F4xx/Include -I../Drivers/CMSIS/Include -O0 -ffunction-sections -fdata-sections -Wall -fstack-usage -fcyclomatic-complexity -MMD -MP -MF"User/Src/uart.d" -MT"User/Src/uart.o" --specs=nano.specs -mfpu=fpv4-sp-d16 -mfloat-abi=hard -mthumb -o "User/Src/uart.o"
arm-none-eabi-gcc "../Drivers/STM32F4xx_HAL_Driver/Src/stm32f4xx_hal.c" -mcpu=cortex-m4 -std=gnu11 -g3 -DDEBUG -DUSE_HAL_DRIVER -DSTM32F407xx -c -I../Core/Inc -I../User/Inc -I../Drivers/STM32F4xx_HAL_Driver/Inc -I../Drivers/STM32F4xx_HAL_Driver/Inc/Legacy -I../Drivers/CMSIS/Device/ST/STM32F4xx/Include -I../Drivers/CMSIS/Include -O0 -ffunction-sections -fdata-sections -Wall -fstack-usage -fcyclomatic-complexity -MMD -MP -MF"Drivers/STM32F4xx_HAL_Driver/Src/stm32f4xx_hal.d" -MT"Drivers/STM32F4xx_HAL_Driver/Src/stm32f4xx_hal.o" --specs=nano.specs -mfpu=fpv4-sp-d16 -mfloat-abi=hard -mthumb -o "Drivers/STM32F4xx_HAL_Driver/Src/stm32f4xx_hal.o"
arm-none-eabi-gcc "../Drivers/STM32F4xx_HAL_Driver/Src/stm32f4xx_hal_cortex.c" -mcpu=cortex-m4 -std=gnu11 -g3 -DDEBUG -DUSE_HAL_DRIVER -DSTM32F407xx -c -I../Core/Inc -I../User/Inc -I../Drivers/STM32F4xx_HAL_Driver/Inc -I../Drivers/STM32F4xx_HAL_Driver/Inc/Legacy -I../Drivers/CMSIS/Device/ST/STM32F4xx/Include -I../Drivers/CMSIS/Include -O0 -ffunction-sections -fdata-sections -Wall -fstack-usage -fcyclomatic-complexity -MMD -MP -MF"Drivers/STM32F4xx_HAL_Driver/Src/stm32f4xx_hal_cortex.d" -MT"Drivers/STM32F4xx_HAL_Driver/Src/stm32f4xx_hal_cortex.o" --specs=nano.specs -mfpu=fpv4-sp-d16 -mfloat-abi=hard -mthumb -o "Drivers/STM32F4xx_HAL_Driver/Src/stm32f4xx_hal_cortex.o"
arm-none-eabi-gcc "../Drivers/STM32F4xx_HAL_Driver/Src/stm32f4xx_hal_dma.c" -mcpu=cortex-m4 -std=gnu11 -g3 -DDEBUG -DUSE_HAL_DRIVER -DSTM32F407xx -c -I../Core/Inc -I../User/Inc -I../Drivers/STM32F4xx_HAL_Driver/Inc -I../Drivers/STM32F4xx_HAL_Driver/Inc/Legacy -I../Drivers/CMSIS/Device/ST/STM32F4xx/Include -I../Drivers/CMSIS/Include -O0 -ffunction-sections -fdata-sections -Wall -fstack-usage -fcyclomatic-complexity -MMD -MP -MF"Drivers/STM32F4xx_HAL_Driver/Src/stm32f4xx_hal_dma.d" -MT"Drivers/STM32F4xx_HAL_Driver/Src/stm32f4xx_hal_dma.o" --specs=nano.specs -mfpu=fpv4-sp-d16 -mfloat-abi=hard -mthumb -o "Drivers/STM32F4xx_HAL_Driver/Src/stm32f4xx_hal_dma.o"
arm-none-eabi-gcc "../Drivers/STM32F4xx_HAL_Driver/Src/stm32f4xx_hal_dma_ex.c" -mcpu=cortex-m4 -std=gnu11 -g3 -DDEBUG -DUSE_HAL_DRIVER -DSTM32F407xx -c -I../Core/Inc -I../User/Inc -I../Drivers/STM32F4xx_HAL_Driver/Inc -I../Drivers/STM32F4xx_HAL_Driver/Inc/Legacy -I../Drivers/CMSIS/Device/ST/STM32F4xx/Include -I../Drivers/CMSIS/Include -O0 -ffunction-sections -fdata-sections -Wall -fstack-usage -fcyclomatic-complexity -MMD -MP -MF"Drivers/STM32F4xx_HAL_Driver/Src/stm32f4xx_hal_dma_ex.d" -MT"Drivers/STM32F4xx_HAL_Driver/Src/stm32f4xx_hal_dma_ex.o" --specs=nano.specs -mfpu=fpv4-sp-d16 -mfloat-abi=hard -mthumb -o "Drivers/STM32F4xx_HAL_Driver/Src/stm32f4xx_hal_dma_ex.o"
arm-none-eabi-gcc "../Drivers/STM32F4xx_HAL_Driver/Src/stm32f4xx_hal_exti.c" -mcpu=cortex-m4 -std=gnu11 -g3 -DDEBUG -DUSE_HAL_DRIVER -DSTM32F407xx -c -I../Core/Inc -I../User/Inc -I../Drivers/STM32F4xx_HAL_Driver/Inc -I../Drivers/STM32F4xx_HAL_Driver/Inc/Legacy -I../Drivers/CMSIS/Device/ST/STM32F4xx/Include -I../Drivers/CMSIS/Include -O0 -ffunction-sections -fdata-sections -Wall -fstack-usage -fcyclomatic-complexity -MMD -MP -MF"Drivers/STM32F4xx_HAL_Driver/Src/stm32f4xx_hal_exti.d" -MT"Drivers/STM32F4xx_HAL_Driver/Src/stm32f4xx_hal_exti.o" --specs=nano.specs -mfpu=fpv4-sp-d16 -mfloat-abi=hard -mthumb -o "Drivers/STM32F4xx_HAL_Driver/Src/stm32f4xx_hal_exti.o"
arm-none-eabi-gcc "../Drivers/STM32F4xx_HAL_Driver/Src/stm32f4xx_hal_flash.c" -mcpu=cortex-m4 -std=gnu11 -g3 -DDEBUG -DUSE_HAL_DRIVER -DSTM32F407xx -c -I../Core/Inc -I../User/Inc -I../Drivers/STM32F4xx_HAL_Driver/Inc -I../Drivers/STM32F4xx_HAL_Driver/Inc/Legacy -I../Drivers/CMSIS/Device/ST/STM32F4xx/Include -I../Drivers/CMSIS/Include -O0 -ffunction-sections -fdata-sections -Wall -fstack-usage -fcyclomatic-complexity -MMD -MP -MF"Drivers/STM32F4xx_HAL_Driver/Src/stm32f4xx_hal_flash.d" -MT"Drivers/STM32F4xx_HAL_Driver/Src/stm32f4xx_hal_flash.o" --specs=nano.specs -mfpu=fpv4-sp-d16 -mfloat-abi=hard -mthumb -o "Drivers/STM32F4xx_HAL_Driver/Src/stm32f4xx_hal_flash.o"
arm-none-eabi-gcc "../Drivers/STM32F4xx_HAL_Driver/Src/stm32f4xx_hal_flash_ex.c" -mcpu=cortex-m4 -std=gnu11 -g3 -DDEBUG -DUSE_HAL_DRIVER -DSTM32F407xx -c -I../Core/Inc -I../User/Inc -I../Drivers/STM32F4xx_HAL_Driver/Inc -I../Drivers/STM32F4xx_HAL_Driver/Inc/Legacy -I../Drivers/CMSIS/Device/ST/STM32F4xx/Include -I../Drivers/CMSIS/Include -O0 -ffunction-sections -fdata-sections -Wall -fstack-usage -fcyclomatic-complexity -MMD -MP -MF"Drivers/STM32F4xx_HAL_Driver/Src/stm32f4xx_hal_flash_ex.d" -MT"Drivers/STM32F4xx_HAL_Driver/Src/stm32f4xx_hal_flash_ex.o" --specs=nano.specs -mfpu=fpv4-sp-d16 -mfloat-abi=hard -mthumb -o "Drivers/STM32F4xx_HAL_Driver/Src/stm32f4xx_hal_flash_ex.o"
arm-none-eabi-gcc "../Drivers/STM32F4xx_HAL_Driver/Src/stm32f4xx_hal_flash_ramfunc.c" -mcpu=cortex-m4 -std=gnu11 -g3 -DDEBUG -DUSE_HAL_DRIVER -DSTM32F407xx -c -I../Core/Inc -I../User/Inc -I../Drivers/STM32F4xx_HAL_Driver/Inc -I../Drivers/STM32F4xx_HAL_Driver/Inc/Legacy -I../Drivers/CMSIS/Device/ST/STM32F4xx/Include -I../Drivers/CMSIS/Include -O0 -ffunction-sections -fdata-sections -Wall -fstack-usage -fcyclomatic-complexity -MMD -MP -MF"Drivers/STM32F4xx_HAL_Driver/Src/stm32f4xx_hal_flash_ramfunc.d" -MT"Drivers/STM32F4xx_HAL_Driver/Src/stm32f4xx_hal_flash_ramfunc.o" --specs=nano.specs -mfpu=fpv4-sp-d16 -mfloat-abi=hard -mthumb -o "Drivers/STM32F4xx_HAL_Driver/Src/stm32f4xx_hal_flash_ramfunc.o"
arm-none-eabi-gcc "../Drivers/STM32F4xx_HAL_Driver/Src/stm32f4xx_hal_gpio.c" -mcpu=cortex-m4 -std=gnu11 -g3 -DDEBUG -DUSE_HAL_DRIVER -DSTM32F407xx -c -I../Core/Inc -I../User/Inc -I../Drivers/STM32F4xx_HAL_Driver/Inc -I../Drivers/STM32F4xx_HAL_Driver/Inc/Legacy -I../Drivers/CMSIS/Device/ST/STM32F4xx/Include -I../Drivers/CMSIS/Include -O0 -ffunction-sections -fdata-sections -Wall -fstack-usage -fcyclomatic-complexity -MMD -MP -MF"Drivers/STM32F4xx_HAL_Driver/Src/stm32f4xx_hal_gpio.d" -MT"Drivers/STM32F4xx_HAL_Driver/Src/stm32f4xx_hal_gpio.o" --specs=nano.specs -mfpu=fpv4-sp-d16 -mfloat-abi=hard -mthumb -o "Drivers/STM32F4xx_HAL_Driver/Src/stm32f4xx_hal_gpio.o"
arm-none-eabi-gcc "../Drivers/STM32F4xx_HAL_Driver/Src/stm32f4xx_hal_pwr.c" -mcpu=cortex-m4 -std=gnu11 -g3 -DDEBUG -DUSE_HAL_DRIVER -DSTM32F407xx -c -I../Core/Inc -I../User/Inc -I../Drivers/STM32F4xx_HAL_Driver/Inc -I../Drivers/STM32F4xx_HAL_Driver/Inc/Legacy -I../Drivers/CMSIS/Device/ST/STM32F4xx/Include -I../Drivers/CMSIS/Include -O0 -ffunction-sections -fdata-sections -Wall -fstack-usage -fcyclomatic-complexity -MMD -MP -MF"Drivers/STM32F4xx_HAL_Driver/Src/stm32f4xx_hal_pwr.d" -MT"Drivers/STM32F4xx_HAL_Driver/Src/stm32f4xx_hal_pwr.o" --specs=nano.specs -mfpu=fpv4-sp-d16 -mfloat-abi=hard -mthumb -o "Drivers/STM32F4xx_HAL_Driver/Src/stm32f4xx_hal_pwr.o"
arm-none-eabi-gcc "../Drivers/STM32F4xx_HAL_Driver/Src/stm32f4xx_hal_pwr_ex.c" -mcpu=cortex-m4 -std=gnu11 -g3 -DDEBUG -DUSE_HAL_DRIVER -DSTM32F407xx -c -I../Core/Inc -I../User/Inc -I../Drivers/STM32F4xx_HAL_Driver/Inc -I../Drivers/STM32F4xx_HAL_Driver/Inc/Legacy -I../Drivers/CMSIS/Device/ST/STM32F4xx/Include -I../Drivers/CMSIS/Include -O0 -ffunction-sections -fdata-sections -Wall -fstack-usage -fcyclomatic-complexity -MMD -MP -MF"Drivers/STM32F4xx_HAL_Driver/Src/stm32f4xx_hal_pwr_ex.d" -MT"Drivers/STM32F4xx_HAL_Driver/Src/stm32f4xx_hal_pwr_ex.o" --specs=nano.specs -mfpu=fpv4-sp-d16 -mfloat-abi=hard -mthumb -o "Drivers/STM32F4xx_HAL_Driver/Src/stm32f4xx_hal_pwr_ex.o"
arm-none-eabi-gcc "../Drivers/STM32F4xx_HAL_Driver/Src/stm32f4xx_hal_rcc.c" -mcpu=cortex-m4 -std=gnu11 -g3 -DDEBUG -DUSE_HAL_DRIVER -DSTM32F407xx -c -I../Core/Inc -I../User/Inc -I../Drivers/STM32F4xx_HAL_Driver/Inc -I../Drivers/STM32F4xx_HAL_Driver/Inc/Legacy -I../Drivers/CMSIS/Device/ST/STM32F4xx/Include -I../Drivers/CMSIS/Include -O0 -ffunction-sections -fdata-sections -Wall -fstack-usage -fcyclomatic-complexity -MMD -MP -MF"Drivers/STM32F4xx_HAL_Driver/Src/stm32f4xx_hal_rcc.d" -MT"Drivers/STM32F4xx_HAL_Driver/Src/stm32f4xx_hal_rcc.o" --specs=nano.specs -mfpu=fpv4-sp-d16 -mfloat-abi=hard -mthumb -o "Drivers/STM32F4xx_HAL_Driver/Src/stm32f4xx_hal_rcc.o"
arm-none-eabi-gcc "../Drivers/STM32F4xx_HAL_Driver/Src/stm32f4xx_hal_rcc_ex.c" -mcpu=cortex-m4 -std=gnu11 -g3 -DDEBUG -DUSE_HAL_DRIVER -DSTM32F407xx -c -I../Core/Inc -I../User/Inc -I../Drivers/STM32F4xx_HAL_Driver/Inc -I../Drivers/STM32F4xx_HAL_Driver/Inc/Legacy -I../Drivers/CMSIS/Device/ST/STM32F4xx/Include -I../Drivers/CMSIS/Include -O0 -ffunction-sections -fdata-sections -Wall -fstack-usage -fcyclomatic-complexity -MMD -MP -MF"Drivers/STM32F4xx_HAL_Driver/Src/stm32f4xx_hal_rcc_ex.d" -MT"Drivers/STM32F4xx_HAL_Driver/Src/stm32f4xx_hal_rcc_ex.o" --specs=nano.specs -mfpu=fpv4-sp-d16 -mfloat-abi=hard -mthumb -o "Drivers/STM32F4xx_HAL_Driver/Src/stm32f4xx_hal_rcc_ex.o"
arm-none-eabi-gcc "../Drivers/STM32F4xx_HAL_Driver/Src/stm32f4xx_hal_uart.c" -mcpu=cortex-m4 -std=gnu11 -g3 -DDEBUG -DUSE_HAL_DRIVER -DSTM32F407xx -c -I../Core/Inc -I../User/Inc -I../Drivers/STM32F4xx_HAL_Driver/Inc -I../Drivers/STM32F4xx_HAL_Driver/Inc/Legacy -I../Drivers/CMSIS/Device/ST/STM32F4xx/Include -I../Drivers/CMSIS/Include -O0 -ffunction-sections -fdata-sections -Wall -fstack-usage -fcyclomatic-complexity -MMD -MP -MF"Drivers/STM32F4xx_HAL_Driver/Src/stm32f4xx_hal_uart.d" -MT"Drivers/STM32F4xx_HAL_Driver/Src/stm32f4xx_hal_uart.o" --specs=nano.specs -mfpu=fpv4-sp-d16 -mfloat-abi=hard -mthumb -o "Drivers/STM32F4xx_HAL_Driver/Src/stm32f4xx_hal_uart.o"
arm-none-eabi-gcc -mcpu=cortex-m4 -g3 -DDEBUG -c -x assembler-with-cpp -MMD -MP -MF"Core/Startup/startup_stm32f407vetx.d" -MT"Core/Startup/startup_stm32f407vetx.o" --specs=nano.specs -mfpu=fpv4-sp-d16 -mfloat-abi=hard -mthumb -o "Core/Startup/startup_stm32f407vetx.o" "../Core/Startup/startup_stm32f407vetx.s"
arm-none-eabi-gcc "../Core/Src/main.c" -mcpu=cortex-m4 -std=gnu11 -g3 -DDEBUG -DUSE_HAL_DRIVER -DSTM32F407xx -c -I../Core/Inc -I../User/Inc -I../Drivers/STM32F4xx_HAL_Driver/Inc -I../Drivers/STM32F4xx_HAL_Driver/Inc/Legacy -I../Drivers/CMSIS/Device/ST/STM32F4xx/Include -I../Drivers/CMSIS/Include -O0 -ffunction-sections -fdata-sections -Wall -fstack-usage -fcyclomatic-complexity -MMD -MP -MF"Core/Src/main.d" -MT"Core/Src/main.o" --specs=nano.specs -mfpu=fpv4-sp-d16 -mfloat-abi=hard -mthumb -o "Core/Src/main.o"
arm-none-eabi-gcc "../Core/Src/stm32f4xx_hal_msp.c" -mcpu=cortex-m4 -std=gnu11 -g3 -DDEBUG -DUSE_HAL_DRIVER -DSTM32F407xx -c -I../Core/Inc -I../User/Inc -I../Drivers/STM32F4xx_HAL_Driver/Inc -I../Drivers/STM32F4xx_HAL_Driver/Inc/Legacy -I../Drivers/CMSIS/Device/ST/STM32F4xx/Include -I../Drivers/CMSIS/Include -O0 -ffunction-sections -fdata-sections -Wall -fstack-usage -fcyclomatic-complexity -MMD -MP -MF"Core/Src/stm32f4xx_hal_msp.d" -MT"Core/Src/stm32f4xx_hal_msp.o" --specs=nano.specs -mfpu=fpv4-sp-d16 -mfloat-abi=hard -mthumb -o "Core/Src/stm32f4xx_hal_msp.o"
arm-none-eabi-gcc "../Core/Src/stm32f4xx_it.c" -mcpu=cortex-m4 -std=gnu11 -g3 -DDEBUG -DUSE_HAL_DRIVER -DSTM32F407xx -c -I../Core/Inc -I../User/Inc -I../Drivers/STM32F4xx_HAL_Driver/Inc -I../Drivers/STM32F4xx_HAL_Driver/Inc/Legacy -I../Drivers/CMSIS/Device/ST/STM32F4xx/Include -I../Drivers/CMSIS/Include -O0 -ffunction-sections -fdata-sections -Wall -fstack-usage -fcyclomatic-complexity -MMD -MP -MF"Core/Src/stm32f4xx_it.d" -MT"Core/Src/stm32f4xx_it.o" --specs=nano.specs -mfpu=fpv4-sp-d16 -mfloat-abi=hard -mthumb -o "Core/Src/stm32f4xx_it.o"
arm-none-eabi-gcc "../Core/Src/syscalls.c" -mcpu=cortex-m4 -std=gnu11 -g3 -DDEBUG -DUSE_HAL_DRIVER -DSTM32F407xx -c -I../Core/Inc -I../User/Inc -I../Drivers/STM32F4xx_HAL_Driver/Inc -I../Drivers/STM32F4xx_HAL_Driver/Inc/Legacy -I../Drivers/CMSIS/Device/ST/STM32F4xx/Include -I../Drivers/CMSIS/Include -O0 -ffunction-sections -fdata-sections -Wall -fstack-usage -fcyclomatic-complexity -MMD -MP -MF"Core/Src/syscalls.d" -MT"Core/Src/syscalls.o" --specs=nano.specs -mfpu=fpv4-sp-d16 -mfloat-abi=hard -mthumb -o "Core/Src/syscalls.o"
arm-none-eabi-gcc "../Core/Src/sysmem.c" -mcpu=cortex-m4 -std=gnu11 -g3 -DDEBUG -DUSE_HAL_DRIVER -DSTM32F407xx -c -I../Core/Inc -I../User/Inc -I../Drivers/STM32F4xx_HAL_Driver/Inc -I../Drivers/STM32F4xx_HAL_Driver/Inc/Legacy -I../Drivers/CMSIS/Device/ST/STM32F4xx/Include -I../Drivers/CMSIS/Include -O0 -ffunction-sections -fdata-sections -Wall -fstack-usage -fcyclomatic-complexity -MMD -MP -MF"Core/Src/sysmem.d" -MT"Core/Src/sysmem.o" --specs=nano.specs -mfpu=fpv4-sp-d16 -mfloat-abi=hard -mthumb -o "Core/Src/sysmem.o"
arm-none-eabi-gcc "../Core/Src/system_stm32f4xx.c" -mcpu=cortex-m4 -std=gnu11 -g3 -DDEBUG -DUSE_HAL_DRIVER -DSTM32F407xx -c -I../Core/Inc -I../User/Inc -I../Drivers/STM32F4xx_HAL_Driver/Inc -I../Drivers/STM32F4xx_HAL_Driver/Inc/Legacy -I../Drivers/CMSIS/Device/ST/STM32F4xx/Include -I../Drivers/CMSIS/Include -O0 -ffunction-sections -fdata-sections -Wall -fstack-usage -fcyclomatic-complexity -MMD -MP -MF"Core/Src/system_stm32f4xx.d" -MT"Core/Src/system_stm32f4xx.o" --specs=nano.specs -mfpu=fpv4-sp-d16 -mfloat-abi=hard -mthumb -o "Core/Src/system_stm32f4xx.o"
arm-none-eabi-gcc -o "temp.elf" @"objects.list"   -mcpu=cortex-m4 -T"C:\Github\oop-in-clang\temp\STM32F407VETX_FLASH.ld" --specs=nosys.specs -Wl,-Map="temp.map" -Wl,--gc-sections -static --specs=nano.specs -mfpu=fpv4-sp-d16 -mfloat-abi=hard -mthumb -Wl,--start-group -lc -lm -Wl,--end-group
Finished building target: temp.elf
 
arm-none-eabi-size  temp.elf 
arm-none-eabi-objdump -h -S temp.elf  > "temp.list"
   text	   data	    bss	    dec	    hex	filename
  12724	     92	   2052	  14868	   3a14	temp.elf
Finished building: default.size.stdout
 
Finished building: temp.list
 
09:39:42 **** Incremental Build of configuration Debug for project temp ****
make -j16 all 
arm-none-eabi-size  temp.elf 
   text	   data	    bss	    dec	    hex	filename
  12724	     92	   2052	  14868	   3a14	temp.elf
Finished building: default.size.stdout
 
09:41:59 **** Incremental Build of configuration Debug for project temp ****
make -j16 all 
arm-none-eabi-gcc "../User/Src/led_manager.c" -mcpu=cortex-m4 -std=gnu11 -g3 -DDEBUG -DUSE_HAL_DRIVER -DSTM32F407xx -c -I../Core/Inc -I../User/Inc -I../Drivers/STM32F4xx_HAL_Driver/Inc -I../Drivers/STM32F4xx_HAL_Driver/Inc/Legacy -I../Drivers/CMSIS/Device/ST/STM32F4xx/Include -I../Drivers/CMSIS/Include -O0 -ffunction-sections -fdata-sections -Wall -fstack-usage -fcyclomatic-complexity -MMD -MP -MF"User/Src/led_manager.d" -MT"User/Src/led_manager.o" --specs=nano.specs -mfpu=fpv4-sp-d16 -mfloat-abi=hard -mthumb -o "User/Src/led_manager.o"
arm-none-eabi-gcc -o "temp.elf" @"objects.list"   -mcpu=cortex-m4 -T"C:\Github\oop-in-clang\temp\STM32F407VETX_FLASH.ld" --specs=nosys.specs -Wl,-Map="temp.map" -Wl,--gc-sections -static --specs=nano.specs -mfpu=fpv4-sp-d16 -mfloat-abi=hard -mthumb -Wl,--start-group -lc -lm -Wl,--end-group
Finished building target: temp.elf
 
arm-none-eabi-size  temp.elf 
arm-none-eabi-objdump -h -S temp.elf  > "temp.list"
   text	   data	    bss	    dec	    hex	filename
  12732	     92	   2052	  14876	   3a1c	temp.elf
Finished building: default.size.stdout
 
Finished building: temp.list
 
09:42:01 **** Incremental Build of configuration Debug for project temp ****
make -j16 all 
arm-none-eabi-size  temp.elf 
   text	   data	    bss	    dec	    hex	filename
  12732	     92	   2052	  14876	   3a1c	temp.elf
Finished building: default.size.stdout
 
09:42:34 **** Incremental Build of configuration Debug for project temp ****
make -j16 all 
arm-none-eabi-gcc "../User/Src/led_manager.c" -mcpu=cortex-m4 -std=gnu11 -g3 -DDEBUG -DUSE_HAL_DRIVER -DSTM32F407xx -c -I../Core/Inc -I../User/Inc -I../Drivers/STM32F4xx_HAL_Driver/Inc -I../Drivers/STM32F4xx_HAL_Driver/Inc/Legacy -I../Drivers/CMSIS/Device/ST/STM32F4xx/Include -I../Drivers/CMSIS/Include -O0 -ffunction-sections -fdata-sections -Wall -fstack-usage -fcyclomatic-complexity -MMD -MP -MF"User/Src/led_manager.d" -MT"User/Src/led_manager.o" --specs=nano.specs -mfpu=fpv4-sp-d16 -mfloat-abi=hard -mthumb -o "User/Src/led_manager.o"
arm-none-eabi-gcc -o "temp.elf" @"objects.list"   -mcpu=cortex-m4 -T"C:\Github\oop-in-clang\temp\STM32F407VETX_FLASH.ld" --specs=nosys.specs -Wl,-Map="temp.map" -Wl,--gc-sections -static --specs=nano.specs -mfpu=fpv4-sp-d16 -mfloat-abi=hard -mthumb -Wl,--start-group -lc -lm -Wl,--end-group
Finished building target: temp.elf
 
arm-none-eabi-size  temp.elf 
arm-none-eabi-objdump -h -S temp.elf  > "temp.list"
   text	   data	    bss	    dec	    hex	filename
  12740	     92	   2052	  14884	   3a24	temp.elf
Finished building: default.size.stdout
 
Finished building: temp.list
 
09:42:36 **** Incremental Build of configuration Debug for project temp ****
make -j16 all 
arm-none-eabi-size  temp.elf 
   text	   data	    bss	    dec	    hex	filename
  12740	     92	   2052	  14884	   3a24	temp.elf
Finished building: default.size.stdout
 
09:46:17 **** Build of configuration Debug for project oop_1-3 ****
make -j16 all 
arm-none-eabi-gcc -o "oop_1-3.elf" @"objects.list"   -mcpu=cortex-m4 -T"C:\Github\oop-in-clang\oop_1-3\STM32F407VETX_FLASH.ld" --specs=nosys.specs -Wl,-Map="oop_1-3.map" -Wl,--gc-sections -static --specs=nano.specs -mfpu=fpv4-sp-d16 -mfloat-abi=hard -mthumb -Wl,--start-group -lc -lm -Wl,--end-group
Finished building target: oop_1-3.elf
 
arm-none-eabi-size  oop_1-3.elf 
arm-none-eabi-objdump -h -S oop_1-3.elf  > "oop_1-3.list"
   text	   data	    bss	    dec	    hex	filename
  12196	     92	   1996	  14284	   37cc	oop_1-3.elf
Finished building: default.size.stdout
 
Finished building: oop_1-3.list
 
09:46:54 **** Incremental Build of configuration Debug for project oop_1-3 ****
make -j16 all 
arm-none-eabi-size  oop_1-3.elf 
   text	   data	    bss	    dec	    hex	filename
  12196	     92	   1996	  14284	   37cc	oop_1-3.elf
Finished building: default.size.stdout
 
09:47:35 **** Build of configuration Debug for project oop_2 ****
make -j16 all 
arm-none-eabi-gcc -o "oop_2.elf" @"objects.list"   -mcpu=cortex-m4 -T"C:\Github\oop-in-clang\oop_2\STM32F407VETX_FLASH.ld" --specs=nosys.specs -Wl,-Map="oop_2.map" -Wl,--gc-sections -static --specs=nano.specs -mfpu=fpv4-sp-d16 -mfloat-abi=hard -mthumb -Wl,--start-group -lc -lm -Wl,--end-group
Finished building target: oop_2.elf
 
arm-none-eabi-size  oop_2.elf 
arm-none-eabi-objdump -h -S oop_2.elf  > "oop_2.list"
   text	   data	    bss	    dec	    hex	filename
  13032	     92	   2036	  15160	   3b38	oop_2.elf
Finished building: default.size.stdout
 
Finished building: oop_2.list
 
10:24:46 **** Incremental Build of configuration Debug for project oop_2 ****
make -j16 all 
arm-none-eabi-gcc "../User/Src/app_main.c" -mcpu=cortex-m4 -std=gnu11 -g3 -DDEBUG -DUSE_HAL_DRIVER -DSTM32F407xx -c -I../Core/Inc -I../User/State -I../User/Mode -I../User/Inc -I../Lib/Inc -I../Drivers/STM32F4xx_HAL_Driver/Inc -I../Drivers/STM32F4xx_HAL_Driver/Inc/Legacy -I../Drivers/CMSIS/Device/ST/STM32F4xx/Include -I../Drivers/CMSIS/Include -O0 -ffunction-sections -fdata-sections -Wall -fstack-usage -fcyclomatic-complexity -MMD -MP -MF"User/Src/app_main.d" -MT"User/Src/app_main.o" --specs=nano.specs -mfpu=fpv4-sp-d16 -mfloat-abi=hard -mthumb -o "User/Src/app_main.o"
arm-none-eabi-gcc "../User/Src/input.c" -mcpu=cortex-m4 -std=gnu11 -g3 -DDEBUG -DUSE_HAL_DRIVER -DSTM32F407xx -c -I../Core/Inc -I../User/State -I../User/Mode -I../User/Inc -I../Lib/Inc -I../Drivers/STM32F4xx_HAL_Driver/Inc -I../Drivers/STM32F4xx_HAL_Driver/Inc/Legacy -I../Drivers/CMSIS/Device/ST/STM32F4xx/Include -I../Drivers/CMSIS/Include -O0 -ffunction-sections -fdata-sections -Wall -fstack-usage -fcyclomatic-complexity -MMD -MP -MF"User/Src/input.d" -MT"User/Src/input.o" --specs=nano.specs -mfpu=fpv4-sp-d16 -mfloat-abi=hard -mthumb -o "User/Src/input.o"
arm-none-eabi-gcc "../User/Src/mode_mediator.c" -mcpu=cortex-m4 -std=gnu11 -g3 -DDEBUG -DUSE_HAL_DRIVER -DSTM32F407xx -c -I../Core/Inc -I../User/State -I../User/Mode -I../User/Inc -I../Lib/Inc -I../Drivers/STM32F4xx_HAL_Driver/Inc -I../Drivers/STM32F4xx_HAL_Driver/Inc/Legacy -I../Drivers/CMSIS/Device/ST/STM32F4xx/Include -I../Drivers/CMSIS/Include -O0 -ffunction-sections -fdata-sections -Wall -fstack-usage -fcyclomatic-complexity -MMD -MP -MF"User/Src/mode_mediator.d" -MT"User/Src/mode_mediator.o" --specs=nano.specs -mfpu=fpv4-sp-d16 -mfloat-abi=hard -mthumb -o "User/Src/mode_mediator.o"
arm-none-eabi-gcc "../User/Src/output.c" -mcpu=cortex-m4 -std=gnu11 -g3 -DDEBUG -DUSE_HAL_DRIVER -DSTM32F407xx -c -I../Core/Inc -I../User/State -I../User/Mode -I../User/Inc -I../Lib/Inc -I../Drivers/STM32F4xx_HAL_Driver/Inc -I../Drivers/STM32F4xx_HAL_Driver/Inc/Legacy -I../Drivers/CMSIS/Device/ST/STM32F4xx/Include -I../Drivers/CMSIS/Include -O0 -ffunction-sections -fdata-sections -Wall -fstack-usage -fcyclomatic-complexity -MMD -MP -MF"User/Src/output.d" -MT"User/Src/output.o" --specs=nano.specs -mfpu=fpv4-sp-d16 -mfloat-abi=hard -mthumb -o "User/Src/output.o"
arm-none-eabi-gcc "../User/Src/seven_segment.c" -mcpu=cortex-m4 -std=gnu11 -g3 -DDEBUG -DUSE_HAL_DRIVER -DSTM32F407xx -c -I../Core/Inc -I../User/State -I../User/Mode -I../User/Inc -I../Lib/Inc -I../Drivers/STM32F4xx_HAL_Driver/Inc -I../Drivers/STM32F4xx_HAL_Driver/Inc/Legacy -I../Drivers/CMSIS/Device/ST/STM32F4xx/Include -I../Drivers/CMSIS/Include -O0 -ffunction-sections -fdata-sections -Wall -fstack-usage -fcyclomatic-complexity -MMD -MP -MF"User/Src/seven_segment.d" -MT"User/Src/seven_segment.o" --specs=nano.specs -mfpu=fpv4-sp-d16 -mfloat-abi=hard -mthumb -o "User/Src/seven_segment.o"
arm-none-eabi-gcc "../User/Src/timer.c" -mcpu=cortex-m4 -std=gnu11 -g3 -DDEBUG -DUSE_HAL_DRIVER -DSTM32F407xx -c -I../Core/Inc -I../User/State -I../User/Mode -I../User/Inc -I../Lib/Inc -I../Drivers/STM32F4xx_HAL_Driver/Inc -I../Drivers/STM32F4xx_HAL_Driver/Inc/Legacy -I../Drivers/CMSIS/Device/ST/STM32F4xx/Include -I../Drivers/CMSIS/Include -O0 -ffunction-sections -fdata-sections -Wall -fstack-usage -fcyclomatic-complexity -MMD -MP -MF"User/Src/timer.d" -MT"User/Src/timer.o" --specs=nano.specs -mfpu=fpv4-sp-d16 -mfloat-abi=hard -mthumb -o "User/Src/timer.o"
../User/Src/mode_mediator.c: In function 'new_ModeMediator':
../User/Src/mode_mediator.c:72:9: error: unknown type name 'ModeMediatorPrtivate'; did you mean 'ModeMediatorPrivate'?
   72 |         ModeMediatorPrtivate* this = malloc(sizeof(ModeMediator));
      |         ^~~~~~~~~~~~~~~~~~~~
      |         ModeMediatorPrivate
../User/Src/mode_mediator.c:74:13: error: request for member 'public' in something not a structure or union
   74 |         this->public.update    = update;
      |             ^~
../User/Src/mode_mediator.c:75:13: error: request for member 'public' in something not a structure or union
   75 |         this->public.get_mode  = get_mode;
      |             ^~
../User/Src/timer.c: In function 'new_Timer':
../User/Src/mode_mediator.c:76:13: error: request for member 'public' in something not a structure or union
   76 |         this->public.get_state = get_state;
      |             ^~
../User/Src/mode_mediator.c:78:13: error: request for member 'button_2' in something not a structure or union
   78 |         this->button_2 = button_2;
      |             ^~
../User/Src/mode_mediator.c:79:13: error: request for member 'button_3' in something not a structure or union
   79 |         this->button_3 = button_3;
      |             ^~
../User/Src/timer.c:36:42: error: 'button_2' undeclared (first use in this function)
   36 |         this.mediator = new_ModeMediator(button_2, button_3)
      |                                          ^~~~~~~~
../User/Src/timer.c:36:42: note: each undeclared identifier is reported only once for each function it appears in
../User/Src/mode_mediator.c:81:13: error: request for member 'mode' in something not a structure or union
   81 |         this->mode  = MODE_STOPWATCH;
      |             ^~
../User/Src/mode_mediator.c:82:13: error: request for member 'state' in something not a structure or union
   82 |         this->state = STATE_STOPPED;
      |             ^~
../User/Src/seven_segment.c: In function 'operate':
../User/Src/seven_segment.c:15:31: error: 'Timer' {aka 'struct _Timer'} has no member named 'get_count'
   15 |         uint16_t count = timer->get_count(timer);
      |                               ^~
../User/Src/timer.c:36:52: error: 'button_3' undeclared (first use in this function)
   36 |         this.mediator = new_ModeMediator(button_2, button_3)
      |                                                    ^~~~~~~~
../User/Src/timer.c:36:61: error: expected ';' before 'return'
   36 |         this.mediator = new_ModeMediator(button_2, button_3)
      |                                                             ^
      |                                                             ;
   37 | 
   38 |         return (Timer*) &this;
      |         ~~~~~~                                               
../User/Src/timer.c:34:29: warning: variable 'this' set but not used [-Wunused-but-set-variable]
   34 |         static TimerPrivate this;
      |                             ^~~~
../User/Src/timer.c:39:1: warning: control reaches end of non-void function [-Wreturn-type]
   39 | }
      | ^
../User/Src/timer.c: At top level:
../User/Src/timer.c:25:17: warning: 'get_count' defined but not used [-Wunused-function]
   25 | static uint16_t get_count(Timer* public)
      |                 ^~~~~~~~~
../User/Src/timer.c:18:13: warning: 'reset_count' defined but not used [-Wunused-function]
   18 | static void reset_count(Timer* public)
      |             ^~~~~~~~~~~
../User/Src/timer.c:11:13: warning: 'operate' defined but not used [-Wunused-function]
   11 | static void operate(Timer* public)
      |             ^~~~~~~
make: *** [User/Src/subdir.mk:34: User/Src/mode_mediator.o] Error 1
make: *** Waiting for unfinished jobs....
make: *** [User/Src/subdir.mk:34: User/Src/seven_segment.o] Error 1
make: *** [User/Src/subdir.mk:34: User/Src/timer.o] Error 1
../User/Src/app_main.c:15:10: fatal error: digital_clock.h: No such file or directory
   15 | #include <digital_clock.h>
      |          ^~~~~~~~~~~~~~~~~
compilation terminated.
make: *** [User/Src/subdir.mk:34: User/Src/app_main.o] Error 1
"make -j16 all" terminated with exit code 2. Build might be incomplete.
10:24:54 **** Incremental Build of configuration Debug for project oop_2 ****
make -j16 all 
arm-none-eabi-gcc "../User/Src/app_main.c" -mcpu=cortex-m4 -std=gnu11 -g3 -DDEBUG -DUSE_HAL_DRIVER -DSTM32F407xx -c -I../Core/Inc -I../User/State -I../User/Mode -I../User/Inc -I../Lib/Inc -I../Drivers/STM32F4xx_HAL_Driver/Inc -I../Drivers/STM32F4xx_HAL_Driver/Inc/Legacy -I../Drivers/CMSIS/Device/ST/STM32F4xx/Include -I../Drivers/CMSIS/Include -O0 -ffunction-sections -fdata-sections -Wall -fstack-usage -fcyclomatic-complexity -MMD -MP -MF"User/Src/app_main.d" -MT"User/Src/app_main.o" --specs=nano.specs -mfpu=fpv4-sp-d16 -mfloat-abi=hard -mthumb -o "User/Src/app_main.o"
arm-none-eabi-gcc "../User/Src/mode_mediator.c" -mcpu=cortex-m4 -std=gnu11 -g3 -DDEBUG -DUSE_HAL_DRIVER -DSTM32F407xx -c -I../Core/Inc -I../User/State -I../User/Mode -I../User/Inc -I../Lib/Inc -I../Drivers/STM32F4xx_HAL_Driver/Inc -I../Drivers/STM32F4xx_HAL_Driver/Inc/Legacy -I../Drivers/CMSIS/Device/ST/STM32F4xx/Include -I../Drivers/CMSIS/Include -O0 -ffunction-sections -fdata-sections -Wall -fstack-usage -fcyclomatic-complexity -MMD -MP -MF"User/Src/mode_mediator.d" -MT"User/Src/mode_mediator.o" --specs=nano.specs -mfpu=fpv4-sp-d16 -mfloat-abi=hard -mthumb -o "User/Src/mode_mediator.o"
arm-none-eabi-gcc "../User/Src/seven_segment.c" -mcpu=cortex-m4 -std=gnu11 -g3 -DDEBUG -DUSE_HAL_DRIVER -DSTM32F407xx -c -I../Core/Inc -I../User/State -I../User/Mode -I../User/Inc -I../Lib/Inc -I../Drivers/STM32F4xx_HAL_Driver/Inc -I../Drivers/STM32F4xx_HAL_Driver/Inc/Legacy -I../Drivers/CMSIS/Device/ST/STM32F4xx/Include -I../Drivers/CMSIS/Include -O0 -ffunction-sections -fdata-sections -Wall -fstack-usage -fcyclomatic-complexity -MMD -MP -MF"User/Src/seven_segment.d" -MT"User/Src/seven_segment.o" --specs=nano.specs -mfpu=fpv4-sp-d16 -mfloat-abi=hard -mthumb -o "User/Src/seven_segment.o"
arm-none-eabi-gcc "../User/Src/timer.c" -mcpu=cortex-m4 -std=gnu11 -g3 -DDEBUG -DUSE_HAL_DRIVER -DSTM32F407xx -c -I../Core/Inc -I../User/State -I../User/Mode -I../User/Inc -I../Lib/Inc -I../Drivers/STM32F4xx_HAL_Driver/Inc -I../Drivers/STM32F4xx_HAL_Driver/Inc/Legacy -I../Drivers/CMSIS/Device/ST/STM32F4xx/Include -I../Drivers/CMSIS/Include -O0 -ffunction-sections -fdata-sections -Wall -fstack-usage -fcyclomatic-complexity -MMD -MP -MF"User/Src/timer.d" -MT"User/Src/timer.o" --specs=nano.specs -mfpu=fpv4-sp-d16 -mfloat-abi=hard -mthumb -o "User/Src/timer.o"
../User/Src/app_main.c:15:10: fatal error: digital_clock.h: No such file or directory
   15 | #include <digital_clock.h>
      |          ^~~~~~~~~~~~~~~~~
compilation terminated.
make: *** [User/Src/subdir.mk:34: User/Src/app_main.o] Error 1
make: *** Waiting for unfinished jobs....
../User/Src/seven_segment.c: In function 'operate':
../User/Src/seven_segment.c:15:31: error: 'Timer' {aka 'struct _Timer'} has no member named 'get_count'
   15 |         uint16_t count = timer->get_count(timer);
      |                               ^~
../User/Src/timer.c: In function 'new_Timer':
../User/Src/timer.c:36:42: error: 'button_2' undeclared (first use in this function)
   36 |         this.mediator = new_ModeMediator(button_2, button_3)
      |                                          ^~~~~~~~
../User/Src/timer.c:36:42: note: each undeclared identifier is reported only once for each function it appears in
make: *** [User/Src/subdir.mk:34: User/Src/seven_segment.o] Error 1
../User/Src/timer.c:36:52: error: 'button_3' undeclared (first use in this function)
   36 |         this.mediator = new_ModeMediator(button_2, button_3)
      |                                                    ^~~~~~~~
../User/Src/timer.c:36:61: error: expected ';' before 'return'
   36 |         this.mediator = new_ModeMediator(button_2, button_3)
      |                                                             ^
      |                                                             ;
   37 | 
   38 |         return (Timer*) &this;
      |         ~~~~~~                                               
../User/Src/timer.c:34:29: warning: variable 'this' set but not used [-Wunused-but-set-variable]
   34 |         static TimerPrivate this;
      |                             ^~~~
../User/Src/timer.c:39:1: warning: control reaches end of non-void function [-Wreturn-type]
   39 | }
      | ^
../User/Src/timer.c: At top level:
../User/Src/timer.c:25:17: warning: 'get_count' defined but not used [-Wunused-function]
   25 | static uint16_t get_count(Timer* public)
      |                 ^~~~~~~~~
../User/Src/timer.c:18:13: warning: 'reset_count' defined but not used [-Wunused-function]
   18 | static void reset_count(Timer* public)
      |             ^~~~~~~~~~~
../User/Src/timer.c:11:13: warning: 'operate' defined but not used [-Wunused-function]
   11 | static void operate(Timer* public)
      |             ^~~~~~~
make: *** [User/Src/subdir.mk:34: User/Src/timer.o] Error 1
"make -j16 all" terminated with exit code 2. Build might be incomplete.
10:26:22 **** Incremental Build of configuration Debug for project oop_2 ****
make -j16 all 
arm-none-eabi-gcc "../User/Src/app_main.c" -mcpu=cortex-m4 -std=gnu11 -g3 -DDEBUG -DUSE_HAL_DRIVER -DSTM32F407xx -c -I../Core/Inc -I../User/State -I../User/Mode -I../User/Inc -I../Lib/Inc -I../Drivers/STM32F4xx_HAL_Driver/Inc -I../Drivers/STM32F4xx_HAL_Driver/Inc/Legacy -I../Drivers/CMSIS/Device/ST/STM32F4xx/Include -I../Drivers/CMSIS/Include -O0 -ffunction-sections -fdata-sections -Wall -fstack-usage -fcyclomatic-complexity -MMD -MP -MF"User/Src/app_main.d" -MT"User/Src/app_main.o" --specs=nano.specs -mfpu=fpv4-sp-d16 -mfloat-abi=hard -mthumb -o "User/Src/app_main.o"
arm-none-eabi-gcc "../User/Src/mode_mediator.c" -mcpu=cortex-m4 -std=gnu11 -g3 -DDEBUG -DUSE_HAL_DRIVER -DSTM32F407xx -c -I../Core/Inc -I../User/State -I../User/Mode -I../User/Inc -I../Lib/Inc -I../Drivers/STM32F4xx_HAL_Driver/Inc -I../Drivers/STM32F4xx_HAL_Driver/Inc/Legacy -I../Drivers/CMSIS/Device/ST/STM32F4xx/Include -I../Drivers/CMSIS/Include -O0 -ffunction-sections -fdata-sections -Wall -fstack-usage -fcyclomatic-complexity -MMD -MP -MF"User/Src/mode_mediator.d" -MT"User/Src/mode_mediator.o" --specs=nano.specs -mfpu=fpv4-sp-d16 -mfloat-abi=hard -mthumb -o "User/Src/mode_mediator.o"
arm-none-eabi-gcc "../User/Src/seven_segment.c" -mcpu=cortex-m4 -std=gnu11 -g3 -DDEBUG -DUSE_HAL_DRIVER -DSTM32F407xx -c -I../Core/Inc -I../User/State -I../User/Mode -I../User/Inc -I../Lib/Inc -I../Drivers/STM32F4xx_HAL_Driver/Inc -I../Drivers/STM32F4xx_HAL_Driver/Inc/Legacy -I../Drivers/CMSIS/Device/ST/STM32F4xx/Include -I../Drivers/CMSIS/Include -O0 -ffunction-sections -fdata-sections -Wall -fstack-usage -fcyclomatic-complexity -MMD -MP -MF"User/Src/seven_segment.d" -MT"User/Src/seven_segment.o" --specs=nano.specs -mfpu=fpv4-sp-d16 -mfloat-abi=hard -mthumb -o "User/Src/seven_segment.o"
arm-none-eabi-gcc "../User/Src/timer.c" -mcpu=cortex-m4 -std=gnu11 -g3 -DDEBUG -DUSE_HAL_DRIVER -DSTM32F407xx -c -I../Core/Inc -I../User/State -I../User/Mode -I../User/Inc -I../Lib/Inc -I../Drivers/STM32F4xx_HAL_Driver/Inc -I../Drivers/STM32F4xx_HAL_Driver/Inc/Legacy -I../Drivers/CMSIS/Device/ST/STM32F4xx/Include -I../Drivers/CMSIS/Include -O0 -ffunction-sections -fdata-sections -Wall -fstack-usage -fcyclomatic-complexity -MMD -MP -MF"User/Src/timer.d" -MT"User/Src/timer.o" --specs=nano.specs -mfpu=fpv4-sp-d16 -mfloat-abi=hard -mthumb -o "User/Src/timer.o"
../User/Src/app_main.c:15:10: fatal error: digital_clock.h: No such file or directory
   15 | #include <digital_clock.h>
      |          ^~~~~~~~~~~~~~~~~
compilation terminated.
make: *** [User/Src/subdir.mk:34: User/Src/app_main.o] Error 1
make: *** Waiting for unfinished jobs....
../User/Src/seven_segment.c: In function 'operate':
../User/Src/seven_segment.c:15:31: error: 'Timer' {aka 'struct _Timer'} has no member named 'get_count'
   15 |         uint16_t count = timer->get_count(timer);
      |                               ^~
make: *** [User/Src/subdir.mk:34: User/Src/seven_segment.o] Error 1
../User/Src/timer.c:32:8: error: conflicting types for 'new_Timer'; have 'Timer *(ModeMediator *)' {aka 'struct _Timer *(struct _ModeMediator *)'}
   32 | Timer* new_Timer(ModeMediator* mediator)
      |        ^~~~~~~~~
In file included from ../User/Src/timer.c:9:
../User/Inc/timer.h:27:8: note: previous declaration of 'new_Timer' with type 'Timer *(void)' {aka 'struct _Timer *(void)'}
   27 | Timer* new_Timer(void);
      |        ^~~~~~~~~
../User/Src/timer.c:25:17: warning: 'get_count' defined but not used [-Wunused-function]
   25 | static uint16_t get_count(Timer* public)
      |                 ^~~~~~~~~
../User/Src/timer.c:18:13: warning: 'reset_count' defined but not used [-Wunused-function]
   18 | static void reset_count(Timer* public)
      |             ^~~~~~~~~~~
../User/Src/timer.c:11:13: warning: 'operate' defined but not used [-Wunused-function]
   11 | static void operate(Timer* public)
      |             ^~~~~~~
make: *** [User/Src/subdir.mk:34: User/Src/timer.o] Error 1
"make -j16 all" terminated with exit code 2. Build might be incomplete.
10:26:33 **** Incremental Build of configuration Debug for project oop_2 ****
make -j16 all 
arm-none-eabi-gcc "../User/Src/app_main.c" -mcpu=cortex-m4 -std=gnu11 -g3 -DDEBUG -DUSE_HAL_DRIVER -DSTM32F407xx -c -I../Core/Inc -I../User/State -I../User/Mode -I../User/Inc -I../Lib/Inc -I../Drivers/STM32F4xx_HAL_Driver/Inc -I../Drivers/STM32F4xx_HAL_Driver/Inc/Legacy -I../Drivers/CMSIS/Device/ST/STM32F4xx/Include -I../Drivers/CMSIS/Include -O0 -ffunction-sections -fdata-sections -Wall -fstack-usage -fcyclomatic-complexity -MMD -MP -MF"User/Src/app_main.d" -MT"User/Src/app_main.o" --specs=nano.specs -mfpu=fpv4-sp-d16 -mfloat-abi=hard -mthumb -o "User/Src/app_main.o"
arm-none-eabi-gcc "../User/Src/seven_segment.c" -mcpu=cortex-m4 -std=gnu11 -g3 -DDEBUG -DUSE_HAL_DRIVER -DSTM32F407xx -c -I../Core/Inc -I../User/State -I../User/Mode -I../User/Inc -I../Lib/Inc -I../Drivers/STM32F4xx_HAL_Driver/Inc -I../Drivers/STM32F4xx_HAL_Driver/Inc/Legacy -I../Drivers/CMSIS/Device/ST/STM32F4xx/Include -I../Drivers/CMSIS/Include -O0 -ffunction-sections -fdata-sections -Wall -fstack-usage -fcyclomatic-complexity -MMD -MP -MF"User/Src/seven_segment.d" -MT"User/Src/seven_segment.o" --specs=nano.specs -mfpu=fpv4-sp-d16 -mfloat-abi=hard -mthumb -o "User/Src/seven_segment.o"
arm-none-eabi-gcc "../User/Src/timer.c" -mcpu=cortex-m4 -std=gnu11 -g3 -DDEBUG -DUSE_HAL_DRIVER -DSTM32F407xx -c -I../Core/Inc -I../User/State -I../User/Mode -I../User/Inc -I../Lib/Inc -I../Drivers/STM32F4xx_HAL_Driver/Inc -I../Drivers/STM32F4xx_HAL_Driver/Inc/Legacy -I../Drivers/CMSIS/Device/ST/STM32F4xx/Include -I../Drivers/CMSIS/Include -O0 -ffunction-sections -fdata-sections -Wall -fstack-usage -fcyclomatic-complexity -MMD -MP -MF"User/Src/timer.d" -MT"User/Src/timer.o" --specs=nano.specs -mfpu=fpv4-sp-d16 -mfloat-abi=hard -mthumb -o "User/Src/timer.o"
../User/Src/app_main.c:15:10: fatal error: digital_clock.h: No such file or directory
   15 | #include <digital_clock.h>
      |          ^~~~~~~~~~~~~~~~~
compilation terminated.
../User/Src/seven_segment.c: In function 'operate':
../User/Src/seven_segment.c:15:31: error: 'Timer' {aka 'struct _Timer'} has no member named 'get_count'
   15 |         uint16_t count = timer->get_count(timer);
      |                               ^~
../User/Src/seven_segment.c: In function 'new_SevenSegment':
../User/Src/seven_segment.c:29:22: error: too few arguments to function 'new_Timer'
   29 |         this.timer = new_Timer();
      |                      ^~~~~~~~~
In file included from ../User/Inc/seven_segment.h:13,
                 from ../User/Src/seven_segment.c:9:
../User/Inc/timer.h:27:8: note: declared here
   27 | Timer* new_Timer(ModeMediator*);
      |        ^~~~~~~~~
make: *** [User/Src/subdir.mk:34: User/Src/app_main.o] Error 1
make: *** Waiting for unfinished jobs....
make: *** [User/Src/subdir.mk:34: User/Src/seven_segment.o] Error 1
../User/Src/timer.c:25:17: warning: 'get_count' defined but not used [-Wunused-function]
   25 | static uint16_t get_count(Timer* public)
      |                 ^~~~~~~~~
../User/Src/timer.c:18:13: warning: 'reset_count' defined but not used [-Wunused-function]
   18 | static void reset_count(Timer* public)
      |             ^~~~~~~~~~~
../User/Src/timer.c:11:13: warning: 'operate' defined but not used [-Wunused-function]
   11 | static void operate(Timer* public)
      |             ^~~~~~~
"make -j16 all" terminated with exit code 2. Build might be incomplete.
10:30:47 **** Incremental Build of configuration Debug for project oop_2 ****
make -j16 all 
arm-none-eabi-gcc "../User/Src/app_main.c" -mcpu=cortex-m4 -std=gnu11 -g3 -DDEBUG -DUSE_HAL_DRIVER -DSTM32F407xx -c -I../Core/Inc -I../User/State -I../User/Mode -I../User/Inc -I../Lib/Inc -I../Drivers/STM32F4xx_HAL_Driver/Inc -I../Drivers/STM32F4xx_HAL_Driver/Inc/Legacy -I../Drivers/CMSIS/Device/ST/STM32F4xx/Include -I../Drivers/CMSIS/Include -O0 -ffunction-sections -fdata-sections -Wall -fstack-usage -fcyclomatic-complexity -MMD -MP -MF"User/Src/app_main.d" -MT"User/Src/app_main.o" --specs=nano.specs -mfpu=fpv4-sp-d16 -mfloat-abi=hard -mthumb -o "User/Src/app_main.o"
arm-none-eabi-gcc "../User/Src/seven_segment.c" -mcpu=cortex-m4 -std=gnu11 -g3 -DDEBUG -DUSE_HAL_DRIVER -DSTM32F407xx -c -I../Core/Inc -I../User/State -I../User/Mode -I../User/Inc -I../Lib/Inc -I../Drivers/STM32F4xx_HAL_Driver/Inc -I../Drivers/STM32F4xx_HAL_Driver/Inc/Legacy -I../Drivers/CMSIS/Device/ST/STM32F4xx/Include -I../Drivers/CMSIS/Include -O0 -ffunction-sections -fdata-sections -Wall -fstack-usage -fcyclomatic-complexity -MMD -MP -MF"User/Src/seven_segment.d" -MT"User/Src/seven_segment.o" --specs=nano.specs -mfpu=fpv4-sp-d16 -mfloat-abi=hard -mthumb -o "User/Src/seven_segment.o"
arm-none-eabi-gcc "../User/Src/timer.c" -mcpu=cortex-m4 -std=gnu11 -g3 -DDEBUG -DUSE_HAL_DRIVER -DSTM32F407xx -c -I../Core/Inc -I../User/State -I../User/Mode -I../User/Inc -I../Lib/Inc -I../Drivers/STM32F4xx_HAL_Driver/Inc -I../Drivers/STM32F4xx_HAL_Driver/Inc/Legacy -I../Drivers/CMSIS/Device/ST/STM32F4xx/Include -I../Drivers/CMSIS/Include -O0 -ffunction-sections -fdata-sections -Wall -fstack-usage -fcyclomatic-complexity -MMD -MP -MF"User/Src/timer.d" -MT"User/Src/timer.o" --specs=nano.specs -mfpu=fpv4-sp-d16 -mfloat-abi=hard -mthumb -o "User/Src/timer.o"
../User/Src/app_main.c:15:10: fatal error: digital_clock.h: No such file or directory
   15 | #include <digital_clock.h>
      |          ^~~~~~~~~~~~~~~~~
compilation terminated.
../User/Src/seven_segment.c: In function 'operate':
../User/Src/seven_segment.c:15:31: error: 'Timer' {aka 'struct _Timer'} has no member named 'get_count'
   15 |         uint16_t count = timer->get_count(timer);
      |                               ^~
../User/Src/seven_segment.c: In function 'new_SevenSegment':
../User/Src/seven_segment.c:29:22: error: too few arguments to function 'new_Timer'
   29 |         this.timer = new_Timer();
      |                      ^~~~~~~~~
In file included from ../User/Inc/seven_segment.h:13,
                 from ../User/Src/seven_segment.c:9:
../User/Inc/timer.h:27:8: note: declared here
   27 | Timer* new_Timer(ModeMediator*);
      |        ^~~~~~~~~
make: *** [User/Src/subdir.mk:34: User/Src/app_main.o] Error 1
make: *** Waiting for unfinished jobs....
make: *** [User/Src/subdir.mk:34: User/Src/seven_segment.o] Error 1
../User/Src/timer.c: In function 'new_Timer':
../User/Src/timer.c:42:16: warning: function returns address of local variable [-Wreturn-local-addr]
   42 |         return (Timer*) &this;
      |                ^~~~~~~~~~~~~~
"make -j16 all" terminated with exit code 2. Build might be incomplete.
10:30:53 **** Incremental Build of configuration Debug for project oop_2 ****
make -j16 all 
arm-none-eabi-gcc "../User/Src/app_main.c" -mcpu=cortex-m4 -std=gnu11 -g3 -DDEBUG -DUSE_HAL_DRIVER -DSTM32F407xx -c -I../Core/Inc -I../User/State -I../User/Mode -I../User/Inc -I../Lib/Inc -I../Drivers/STM32F4xx_HAL_Driver/Inc -I../Drivers/STM32F4xx_HAL_Driver/Inc/Legacy -I../Drivers/CMSIS/Device/ST/STM32F4xx/Include -I../Drivers/CMSIS/Include -O0 -ffunction-sections -fdata-sections -Wall -fstack-usage -fcyclomatic-complexity -MMD -MP -MF"User/Src/app_main.d" -MT"User/Src/app_main.o" --specs=nano.specs -mfpu=fpv4-sp-d16 -mfloat-abi=hard -mthumb -o "User/Src/app_main.o"
arm-none-eabi-gcc "../User/Src/seven_segment.c" -mcpu=cortex-m4 -std=gnu11 -g3 -DDEBUG -DUSE_HAL_DRIVER -DSTM32F407xx -c -I../Core/Inc -I../User/State -I../User/Mode -I../User/Inc -I../Lib/Inc -I../Drivers/STM32F4xx_HAL_Driver/Inc -I../Drivers/STM32F4xx_HAL_Driver/Inc/Legacy -I../Drivers/CMSIS/Device/ST/STM32F4xx/Include -I../Drivers/CMSIS/Include -O0 -ffunction-sections -fdata-sections -Wall -fstack-usage -fcyclomatic-complexity -MMD -MP -MF"User/Src/seven_segment.d" -MT"User/Src/seven_segment.o" --specs=nano.specs -mfpu=fpv4-sp-d16 -mfloat-abi=hard -mthumb -o "User/Src/seven_segment.o"
arm-none-eabi-gcc "../User/Src/timer.c" -mcpu=cortex-m4 -std=gnu11 -g3 -DDEBUG -DUSE_HAL_DRIVER -DSTM32F407xx -c -I../Core/Inc -I../User/State -I../User/Mode -I../User/Inc -I../Lib/Inc -I../Drivers/STM32F4xx_HAL_Driver/Inc -I../Drivers/STM32F4xx_HAL_Driver/Inc/Legacy -I../Drivers/CMSIS/Device/ST/STM32F4xx/Include -I../Drivers/CMSIS/Include -O0 -ffunction-sections -fdata-sections -Wall -fstack-usage -fcyclomatic-complexity -MMD -MP -MF"User/Src/timer.d" -MT"User/Src/timer.o" --specs=nano.specs -mfpu=fpv4-sp-d16 -mfloat-abi=hard -mthumb -o "User/Src/timer.o"
../User/Src/app_main.c:15:10: fatal error: digital_clock.h: No such file or directory
   15 | #include <digital_clock.h>
      |          ^~~~~~~~~~~~~~~~~
compilation terminated.
../User/Src/seven_segment.c: In function 'operate':
../User/Src/seven_segment.c:15:31: error: 'Timer' {aka 'struct _Timer'} has no member named 'get_count'
   15 |         uint16_t count = timer->get_count(timer);
      |                               ^~
../User/Src/seven_segment.c: In function 'new_SevenSegment':
../User/Src/seven_segment.c:29:22: error: too few arguments to function 'new_Timer'
   29 |         this.timer = new_Timer();
      |                      ^~~~~~~~~
In file included from ../User/Inc/seven_segment.h:13,
                 from ../User/Src/seven_segment.c:9:
../User/Inc/timer.h:27:8: note: declared here
   27 | Timer* new_Timer(ModeMediator*);
      |        ^~~~~~~~~
make: *** [User/Src/subdir.mk:34: User/Src/app_main.o] Error 1
make: *** Waiting for unfinished jobs....
make: *** [User/Src/subdir.mk:34: User/Src/seven_segment.o] Error 1
"make -j16 all" terminated with exit code 2. Build might be incomplete.
10:33:21 **** Incremental Build of configuration Debug for project oop_2 ****
make -j16 all 
arm-none-eabi-gcc "../User/Src/app_main.c" -mcpu=cortex-m4 -std=gnu11 -g3 -DDEBUG -DUSE_HAL_DRIVER -DSTM32F407xx -c -I../Core/Inc -I../User/State -I../User/Mode -I../User/Inc -I../Lib/Inc -I../Drivers/STM32F4xx_HAL_Driver/Inc -I../Drivers/STM32F4xx_HAL_Driver/Inc/Legacy -I../Drivers/CMSIS/Device/ST/STM32F4xx/Include -I../Drivers/CMSIS/Include -O0 -ffunction-sections -fdata-sections -Wall -fstack-usage -fcyclomatic-complexity -MMD -MP -MF"User/Src/app_main.d" -MT"User/Src/app_main.o" --specs=nano.specs -mfpu=fpv4-sp-d16 -mfloat-abi=hard -mthumb -o "User/Src/app_main.o"
arm-none-eabi-gcc "../User/Src/seven_segment.c" -mcpu=cortex-m4 -std=gnu11 -g3 -DDEBUG -DUSE_HAL_DRIVER -DSTM32F407xx -c -I../Core/Inc -I../User/State -I../User/Mode -I../User/Inc -I../Lib/Inc -I../Drivers/STM32F4xx_HAL_Driver/Inc -I../Drivers/STM32F4xx_HAL_Driver/Inc/Legacy -I../Drivers/CMSIS/Device/ST/STM32F4xx/Include -I../Drivers/CMSIS/Include -O0 -ffunction-sections -fdata-sections -Wall -fstack-usage -fcyclomatic-complexity -MMD -MP -MF"User/Src/seven_segment.d" -MT"User/Src/seven_segment.o" --specs=nano.specs -mfpu=fpv4-sp-d16 -mfloat-abi=hard -mthumb -o "User/Src/seven_segment.o"
arm-none-eabi-gcc "../User/Src/timer.c" -mcpu=cortex-m4 -std=gnu11 -g3 -DDEBUG -DUSE_HAL_DRIVER -DSTM32F407xx -c -I../Core/Inc -I../User/State -I../User/Mode -I../User/Inc -I../Lib/Inc -I../Drivers/STM32F4xx_HAL_Driver/Inc -I../Drivers/STM32F4xx_HAL_Driver/Inc/Legacy -I../Drivers/CMSIS/Device/ST/STM32F4xx/Include -I../Drivers/CMSIS/Include -O0 -ffunction-sections -fdata-sections -Wall -fstack-usage -fcyclomatic-complexity -MMD -MP -MF"User/Src/timer.d" -MT"User/Src/timer.o" --specs=nano.specs -mfpu=fpv4-sp-d16 -mfloat-abi=hard -mthumb -o "User/Src/timer.o"
../User/Src/app_main.c:15:10: fatal error: digital_clock.h: No such file or directory
   15 | #include <digital_clock.h>
      |          ^~~~~~~~~~~~~~~~~
compilation terminated.
make: *** [User/Src/subdir.mk:34: User/Src/app_main.o] Error 1
make: *** Waiting for unfinished jobs....
"make -j16 all" terminated with exit code 2. Build might be incomplete.
10:37:09 **** Incremental Build of configuration Debug for project oop_2 ****
make -j16 all 
arm-none-eabi-gcc "../User/Src/app_main.c" -mcpu=cortex-m4 -std=gnu11 -g3 -DDEBUG -DUSE_HAL_DRIVER -DSTM32F407xx -c -I../Core/Inc -I../User/State -I../User/Mode -I../User/Inc -I../Lib/Inc -I../Drivers/STM32F4xx_HAL_Driver/Inc -I../Drivers/STM32F4xx_HAL_Driver/Inc/Legacy -I../Drivers/CMSIS/Device/ST/STM32F4xx/Include -I../Drivers/CMSIS/Include -O0 -ffunction-sections -fdata-sections -Wall -fstack-usage -fcyclomatic-complexity -MMD -MP -MF"User/Src/app_main.d" -MT"User/Src/app_main.o" --specs=nano.specs -mfpu=fpv4-sp-d16 -mfloat-abi=hard -mthumb -o "User/Src/app_main.o"
arm-none-eabi-gcc -o "oop_2.elf" @"objects.list"   -mcpu=cortex-m4 -T"C:\Github\oop-in-clang\oop_2\STM32F407VETX_FLASH.ld" --specs=nosys.specs -Wl,-Map="oop_2.map" -Wl,--gc-sections -static --specs=nano.specs -mfpu=fpv4-sp-d16 -mfloat-abi=hard -mthumb -Wl,--start-group -lc -lm -Wl,--end-group
Finished building target: oop_2.elf
 
arm-none-eabi-size  oop_2.elf 
arm-none-eabi-objdump -h -S oop_2.elf  > "oop_2.list"
   text	   data	    bss	    dec	    hex	filename
  13008	     92	   2020	  15120	   3b10	oop_2.elf
Finished building: default.size.stdout
 
Finished building: oop_2.list
 
10:37:14 **** Incremental Build of configuration Debug for project oop_2 ****
make -j16 all 
arm-none-eabi-size  oop_2.elf 
   text	   data	    bss	    dec	    hex	filename
  13008	     92	   2020	  15120	   3b10	oop_2.elf
Finished building: default.size.stdout
 
10:37:17 **** Incremental Build of configuration Debug for project oop_2 ****
make -j16 all 
arm-none-eabi-size  oop_2.elf 
   text	   data	    bss	    dec	    hex	filename
  13008	     92	   2020	  15120	   3b10	oop_2.elf
Finished building: default.size.stdout
 
10:39:30 **** Incremental Build of configuration Debug for project oop_2 ****
make -j16 all 
arm-none-eabi-size  oop_2.elf 
   text	   data	    bss	    dec	    hex	filename
  13008	     92	   2020	  15120	   3b10	oop_2.elf
Finished building: default.size.stdout
 
10:40:26 **** Incremental Build of configuration Debug for project oop_2 ****
make -j16 all 
arm-none-eabi-size  oop_2.elf 
   text	   data	    bss	    dec	    hex	filename
  13008	     92	   2020	  15120	   3b10	oop_2.elf
Finished building: default.size.stdout
 
10:43:03 **** Incremental Build of configuration Debug for project oop_2 ****
make -j16 all 
arm-none-eabi-size  oop_2.elf 
   text	   data	    bss	    dec	    hex	filename
  13008	     92	   2020	  15120	   3b10	oop_2.elf
Finished building: default.size.stdout
 
10:45:06 **** Incremental Build of configuration Debug for project oop_2 ****
make -j16 all 
arm-none-eabi-size  oop_2.elf 
   text	   data	    bss	    dec	    hex	filename
  13008	     92	   2020	  15120	   3b10	oop_2.elf
Finished building: default.size.stdout
 
10:45:40 **** Incremental Build of configuration Debug for project oop_2 ****
make -j16 all 
arm-none-eabi-size  oop_2.elf 
   text	   data	    bss	    dec	    hex	filename
  13008	     92	   2020	  15120	   3b10	oop_2.elf
Finished building: default.size.stdout
 
10:47:55 **** Incremental Build of configuration Debug for project oop_2 ****
make -j16 all 
arm-none-eabi-gcc "../Core/Src/main.c" -mcpu=cortex-m4 -std=gnu11 -g3 -DDEBUG -DUSE_HAL_DRIVER -DSTM32F407xx -c -I../Core/Inc -I../User/State -I../User/Mode -I../User/Inc -I../Lib/Inc -I../Drivers/STM32F4xx_HAL_Driver/Inc -I../Drivers/STM32F4xx_HAL_Driver/Inc/Legacy -I../Drivers/CMSIS/Device/ST/STM32F4xx/Include -I../Drivers/CMSIS/Include -O0 -ffunction-sections -fdata-sections -Wall -fstack-usage -fcyclomatic-complexity -MMD -MP -MF"Core/Src/main.d" -MT"Core/Src/main.o" --specs=nano.specs -mfpu=fpv4-sp-d16 -mfloat-abi=hard -mthumb -o "Core/Src/main.o"
arm-none-eabi-gcc -o "oop_2.elf" @"objects.list"   -mcpu=cortex-m4 -T"C:\Github\oop-in-clang\oop_2\STM32F407VETX_FLASH.ld" --specs=nosys.specs -Wl,-Map="oop_2.map" -Wl,--gc-sections -static --specs=nano.specs -mfpu=fpv4-sp-d16 -mfloat-abi=hard -mthumb -Wl,--start-group -lc -lm -Wl,--end-group
Finished building target: oop_2.elf
 
arm-none-eabi-size  oop_2.elf 
arm-none-eabi-objdump -h -S oop_2.elf  > "oop_2.list"
   text	   data	    bss	    dec	    hex	filename
  13008	     92	   2020	  15120	   3b10	oop_2.elf
Finished building: default.size.stdout
 
Finished building: oop_2.list
 
10:47:58 **** Incremental Build of configuration Debug for project oop_2 ****
make -j16 all 
arm-none-eabi-size  oop_2.elf 
   text	   data	    bss	    dec	    hex	filename
  13008	     92	   2020	  15120	   3b10	oop_2.elf
Finished building: default.size.stdout
 
10:49:23 **** Incremental Build of configuration Debug for project oop_2 ****
make -j16 all 
arm-none-eabi-size  oop_2.elf 
   text	   data	    bss	    dec	    hex	filename
  13008	     92	   2020	  15120	   3b10	oop_2.elf
Finished building: default.size.stdout
 
10:50:28 **** Incremental Build of configuration Debug for project oop_2 ****
make -j16 all 
arm-none-eabi-size  oop_2.elf 
   text	   data	    bss	    dec	    hex	filename
  13008	     92	   2020	  15120	   3b10	oop_2.elf
Finished building: default.size.stdout
 
10:50:42 **** Incremental Build of configuration Debug for project oop_2 ****
make -j16 all 
arm-none-eabi-size  oop_2.elf 
   text	   data	    bss	    dec	    hex	filename
  13008	     92	   2020	  15120	   3b10	oop_2.elf
Finished building: default.size.stdout
 
10:51:14 **** Incremental Build of configuration Debug for project oop_2 ****
make -j16 all 
arm-none-eabi-size  oop_2.elf 
   text	   data	    bss	    dec	    hex	filename
  13008	     92	   2020	  15120	   3b10	oop_2.elf
Finished building: default.size.stdout
 
10:51:58 **** Incremental Build of configuration Debug for project oop_2 ****
make -j16 all 
arm-none-eabi-size  oop_2.elf 
   text	   data	    bss	    dec	    hex	filename
  13008	     92	   2020	  15120	   3b10	oop_2.elf
Finished building: default.size.stdout
 
10:52:49 **** Incremental Build of configuration Debug for project oop_2 ****
make -j16 all 
arm-none-eabi-size  oop_2.elf 
   text	   data	    bss	    dec	    hex	filename
  13008	     92	   2020	  15120	   3b10	oop_2.elf
Finished building: default.size.stdout
 
10:53:26 **** Incremental Build of configuration Debug for project oop_2 ****
make -j16 all 
arm-none-eabi-gcc "../User/Src/mode_mediator.c" -mcpu=cortex-m4 -std=gnu11 -g3 -DDEBUG -DUSE_HAL_DRIVER -DSTM32F407xx -c -I../Core/Inc -I../User/State -I../User/Mode -I../User/Inc -I../Lib/Inc -I../Drivers/STM32F4xx_HAL_Driver/Inc -I../Drivers/STM32F4xx_HAL_Driver/Inc/Legacy -I../Drivers/CMSIS/Device/ST/STM32F4xx/Include -I../Drivers/CMSIS/Include -O0 -ffunction-sections -fdata-sections -Wall -fstack-usage -fcyclomatic-complexity -MMD -MP -MF"User/Src/mode_mediator.d" -MT"User/Src/mode_mediator.o" --specs=nano.specs -mfpu=fpv4-sp-d16 -mfloat-abi=hard -mthumb -o "User/Src/mode_mediator.o"
arm-none-eabi-gcc -o "oop_2.elf" @"objects.list"   -mcpu=cortex-m4 -T"C:\Github\oop-in-clang\oop_2\STM32F407VETX_FLASH.ld" --specs=nosys.specs -Wl,-Map="oop_2.map" -Wl,--gc-sections -static --specs=nano.specs -mfpu=fpv4-sp-d16 -mfloat-abi=hard -mthumb -Wl,--start-group -lc -lm -Wl,--end-group
Finished building target: oop_2.elf
 
arm-none-eabi-size  oop_2.elf 
arm-none-eabi-objdump -h -S oop_2.elf  > "oop_2.list"
   text	   data	    bss	    dec	    hex	filename
  13008	     92	   2020	  15120	   3b10	oop_2.elf
Finished building: default.size.stdout
 
Finished building: oop_2.list
 
10:53:39 **** Incremental Build of configuration Debug for project oop_2 ****
make -j16 all 
arm-none-eabi-size  oop_2.elf 
   text	   data	    bss	    dec	    hex	filename
  13008	     92	   2020	  15120	   3b10	oop_2.elf
Finished building: default.size.stdout
 
10:54:03 **** Incremental Build of configuration Debug for project oop_2 ****
make -j16 all 
arm-none-eabi-size  oop_2.elf 
   text	   data	    bss	    dec	    hex	filename
  13008	     92	   2020	  15120	   3b10	oop_2.elf
Finished building: default.size.stdout
 
11:16:12 **** Build of configuration Debug for project oop_3 ****
make -j16 all 
arm-none-eabi-gcc "../User/Src/app_main.c" -mcpu=cortex-m4 -std=gnu11 -g3 -DDEBUG -DUSE_HAL_DRIVER -DSTM32F407xx -c -I../Core/Inc -I../User/State -I../User/Mode -I../User/Inc -I../Lib/Inc -I../Drivers/STM32F4xx_HAL_Driver/Inc -I../Drivers/STM32F4xx_HAL_Driver/Inc/Legacy -I../Drivers/CMSIS/Device/ST/STM32F4xx/Include -I../Drivers/CMSIS/Include -O0 -ffunction-sections -fdata-sections -Wall -fstack-usage -fcyclomatic-complexity -MMD -MP -MF"User/Src/app_main.d" -MT"User/Src/app_main.o" --specs=nano.specs -mfpu=fpv4-sp-d16 -mfloat-abi=hard -mthumb -o "User/Src/app_main.o"
arm-none-eabi-gcc "../User/Src/input.c" -mcpu=cortex-m4 -std=gnu11 -g3 -DDEBUG -DUSE_HAL_DRIVER -DSTM32F407xx -c -I../Core/Inc -I../User/State -I../User/Mode -I../User/Inc -I../Lib/Inc -I../Drivers/STM32F4xx_HAL_Driver/Inc -I../Drivers/STM32F4xx_HAL_Driver/Inc/Legacy -I../Drivers/CMSIS/Device/ST/STM32F4xx/Include -I../Drivers/CMSIS/Include -O0 -ffunction-sections -fdata-sections -Wall -fstack-usage -fcyclomatic-complexity -MMD -MP -MF"User/Src/input.d" -MT"User/Src/input.o" --specs=nano.specs -mfpu=fpv4-sp-d16 -mfloat-abi=hard -mthumb -o "User/Src/input.o"
arm-none-eabi-gcc "../User/Src/lcd.c" -mcpu=cortex-m4 -std=gnu11 -g3 -DDEBUG -DUSE_HAL_DRIVER -DSTM32F407xx -c -I../Core/Inc -I../User/State -I../User/Mode -I../User/Inc -I../Lib/Inc -I../Drivers/STM32F4xx_HAL_Driver/Inc -I../Drivers/STM32F4xx_HAL_Driver/Inc/Legacy -I../Drivers/CMSIS/Device/ST/STM32F4xx/Include -I../Drivers/CMSIS/Include -O0 -ffunction-sections -fdata-sections -Wall -fstack-usage -fcyclomatic-complexity -MMD -MP -MF"User/Src/lcd.d" -MT"User/Src/lcd.o" --specs=nano.specs -mfpu=fpv4-sp-d16 -mfloat-abi=hard -mthumb -o "User/Src/lcd.o"
arm-none-eabi-gcc "../User/Src/mode_mediator.c" -mcpu=cortex-m4 -std=gnu11 -g3 -DDEBUG -DUSE_HAL_DRIVER -DSTM32F407xx -c -I../Core/Inc -I../User/State -I../User/Mode -I../User/Inc -I../Lib/Inc -I../Drivers/STM32F4xx_HAL_Driver/Inc -I../Drivers/STM32F4xx_HAL_Driver/Inc/Legacy -I../Drivers/CMSIS/Device/ST/STM32F4xx/Include -I../Drivers/CMSIS/Include -O0 -ffunction-sections -fdata-sections -Wall -fstack-usage -fcyclomatic-complexity -MMD -MP -MF"User/Src/mode_mediator.d" -MT"User/Src/mode_mediator.o" --specs=nano.specs -mfpu=fpv4-sp-d16 -mfloat-abi=hard -mthumb -o "User/Src/mode_mediator.o"
arm-none-eabi-gcc "../User/Src/output.c" -mcpu=cortex-m4 -std=gnu11 -g3 -DDEBUG -DUSE_HAL_DRIVER -DSTM32F407xx -c -I../Core/Inc -I../User/State -I../User/Mode -I../User/Inc -I../Lib/Inc -I../Drivers/STM32F4xx_HAL_Driver/Inc -I../Drivers/STM32F4xx_HAL_Driver/Inc/Legacy -I../Drivers/CMSIS/Device/ST/STM32F4xx/Include -I../Drivers/CMSIS/Include -O0 -ffunction-sections -fdata-sections -Wall -fstack-usage -fcyclomatic-complexity -MMD -MP -MF"User/Src/output.d" -MT"User/Src/output.o" --specs=nano.specs -mfpu=fpv4-sp-d16 -mfloat-abi=hard -mthumb -o "User/Src/output.o"
arm-none-eabi-gcc "../User/Src/seven_segment.c" -mcpu=cortex-m4 -std=gnu11 -g3 -DDEBUG -DUSE_HAL_DRIVER -DSTM32F407xx -c -I../Core/Inc -I../User/State -I../User/Mode -I../User/Inc -I../Lib/Inc -I../Drivers/STM32F4xx_HAL_Driver/Inc -I../Drivers/STM32F4xx_HAL_Driver/Inc/Legacy -I../Drivers/CMSIS/Device/ST/STM32F4xx/Include -I../Drivers/CMSIS/Include -O0 -ffunction-sections -fdata-sections -Wall -fstack-usage -fcyclomatic-complexity -MMD -MP -MF"User/Src/seven_segment.d" -MT"User/Src/seven_segment.o" --specs=nano.specs -mfpu=fpv4-sp-d16 -mfloat-abi=hard -mthumb -o "User/Src/seven_segment.o"
arm-none-eabi-gcc "../User/Src/timer.c" -mcpu=cortex-m4 -std=gnu11 -g3 -DDEBUG -DUSE_HAL_DRIVER -DSTM32F407xx -c -I../Core/Inc -I../User/State -I../User/Mode -I../User/Inc -I../Lib/Inc -I../Drivers/STM32F4xx_HAL_Driver/Inc -I../Drivers/STM32F4xx_HAL_Driver/Inc/Legacy -I../Drivers/CMSIS/Device/ST/STM32F4xx/Include -I../Drivers/CMSIS/Include -O0 -ffunction-sections -fdata-sections -Wall -fstack-usage -fcyclomatic-complexity -MMD -MP -MF"User/Src/timer.d" -MT"User/Src/timer.o" --specs=nano.specs -mfpu=fpv4-sp-d16 -mfloat-abi=hard -mthumb -o "User/Src/timer.o"
arm-none-eabi-gcc "../Lib/Src/7SEG.c" -mcpu=cortex-m4 -std=gnu11 -g3 -DDEBUG -DUSE_HAL_DRIVER -DSTM32F407xx -c -I../Core/Inc -I../User/State -I../User/Mode -I../User/Inc -I../Lib/Inc -I../Drivers/STM32F4xx_HAL_Driver/Inc -I../Drivers/STM32F4xx_HAL_Driver/Inc/Legacy -I../Drivers/CMSIS/Device/ST/STM32F4xx/Include -I../Drivers/CMSIS/Include -O0 -ffunction-sections -fdata-sections -Wall -fstack-usage -fcyclomatic-complexity -MMD -MP -MF"Lib/Src/7SEG.d" -MT"Lib/Src/7SEG.o" --specs=nano.specs -mfpu=fpv4-sp-d16 -mfloat-abi=hard -mthumb -o "Lib/Src/7SEG.o"
arm-none-eabi-gcc "../Lib/Src/CLCD.c" -mcpu=cortex-m4 -std=gnu11 -g3 -DDEBUG -DUSE_HAL_DRIVER -DSTM32F407xx -c -I../Core/Inc -I../User/State -I../User/Mode -I../User/Inc -I../Lib/Inc -I../Drivers/STM32F4xx_HAL_Driver/Inc -I../Drivers/STM32F4xx_HAL_Driver/Inc/Legacy -I../Drivers/CMSIS/Device/ST/STM32F4xx/Include -I../Drivers/CMSIS/Include -O0 -ffunction-sections -fdata-sections -Wall -fstack-usage -fcyclomatic-complexity -MMD -MP -MF"Lib/Src/CLCD.d" -MT"Lib/Src/CLCD.o" --specs=nano.specs -mfpu=fpv4-sp-d16 -mfloat-abi=hard -mthumb -o "Lib/Src/CLCD.o"
arm-none-eabi-gcc "../Drivers/STM32F4xx_HAL_Driver/Src/stm32f4xx_hal.c" -mcpu=cortex-m4 -std=gnu11 -g3 -DDEBUG -DUSE_HAL_DRIVER -DSTM32F407xx -c -I../Core/Inc -I../User/State -I../User/Mode -I../User/Inc -I../Lib/Inc -I../Drivers/STM32F4xx_HAL_Driver/Inc -I../Drivers/STM32F4xx_HAL_Driver/Inc/Legacy -I../Drivers/CMSIS/Device/ST/STM32F4xx/Include -I../Drivers/CMSIS/Include -O0 -ffunction-sections -fdata-sections -Wall -fstack-usage -fcyclomatic-complexity -MMD -MP -MF"Drivers/STM32F4xx_HAL_Driver/Src/stm32f4xx_hal.d" -MT"Drivers/STM32F4xx_HAL_Driver/Src/stm32f4xx_hal.o" --specs=nano.specs -mfpu=fpv4-sp-d16 -mfloat-abi=hard -mthumb -o "Drivers/STM32F4xx_HAL_Driver/Src/stm32f4xx_hal.o"
arm-none-eabi-gcc "../Drivers/STM32F4xx_HAL_Driver/Src/stm32f4xx_hal_cortex.c" -mcpu=cortex-m4 -std=gnu11 -g3 -DDEBUG -DUSE_HAL_DRIVER -DSTM32F407xx -c -I../Core/Inc -I../User/State -I../User/Mode -I../User/Inc -I../Lib/Inc -I../Drivers/STM32F4xx_HAL_Driver/Inc -I../Drivers/STM32F4xx_HAL_Driver/Inc/Legacy -I../Drivers/CMSIS/Device/ST/STM32F4xx/Include -I../Drivers/CMSIS/Include -O0 -ffunction-sections -fdata-sections -Wall -fstack-usage -fcyclomatic-complexity -MMD -MP -MF"Drivers/STM32F4xx_HAL_Driver/Src/stm32f4xx_hal_cortex.d" -MT"Drivers/STM32F4xx_HAL_Driver/Src/stm32f4xx_hal_cortex.o" --specs=nano.specs -mfpu=fpv4-sp-d16 -mfloat-abi=hard -mthumb -o "Drivers/STM32F4xx_HAL_Driver/Src/stm32f4xx_hal_cortex.o"
arm-none-eabi-gcc "../Drivers/STM32F4xx_HAL_Driver/Src/stm32f4xx_hal_dma.c" -mcpu=cortex-m4 -std=gnu11 -g3 -DDEBUG -DUSE_HAL_DRIVER -DSTM32F407xx -c -I../Core/Inc -I../User/State -I../User/Mode -I../User/Inc -I../Lib/Inc -I../Drivers/STM32F4xx_HAL_Driver/Inc -I../Drivers/STM32F4xx_HAL_Driver/Inc/Legacy -I../Drivers/CMSIS/Device/ST/STM32F4xx/Include -I../Drivers/CMSIS/Include -O0 -ffunction-sections -fdata-sections -Wall -fstack-usage -fcyclomatic-complexity -MMD -MP -MF"Drivers/STM32F4xx_HAL_Driver/Src/stm32f4xx_hal_dma.d" -MT"Drivers/STM32F4xx_HAL_Driver/Src/stm32f4xx_hal_dma.o" --specs=nano.specs -mfpu=fpv4-sp-d16 -mfloat-abi=hard -mthumb -o "Drivers/STM32F4xx_HAL_Driver/Src/stm32f4xx_hal_dma.o"
arm-none-eabi-gcc "../Drivers/STM32F4xx_HAL_Driver/Src/stm32f4xx_hal_dma_ex.c" -mcpu=cortex-m4 -std=gnu11 -g3 -DDEBUG -DUSE_HAL_DRIVER -DSTM32F407xx -c -I../Core/Inc -I../User/State -I../User/Mode -I../User/Inc -I../Lib/Inc -I../Drivers/STM32F4xx_HAL_Driver/Inc -I../Drivers/STM32F4xx_HAL_Driver/Inc/Legacy -I../Drivers/CMSIS/Device/ST/STM32F4xx/Include -I../Drivers/CMSIS/Include -O0 -ffunction-sections -fdata-sections -Wall -fstack-usage -fcyclomatic-complexity -MMD -MP -MF"Drivers/STM32F4xx_HAL_Driver/Src/stm32f4xx_hal_dma_ex.d" -MT"Drivers/STM32F4xx_HAL_Driver/Src/stm32f4xx_hal_dma_ex.o" --specs=nano.specs -mfpu=fpv4-sp-d16 -mfloat-abi=hard -mthumb -o "Drivers/STM32F4xx_HAL_Driver/Src/stm32f4xx_hal_dma_ex.o"
arm-none-eabi-gcc "../Drivers/STM32F4xx_HAL_Driver/Src/stm32f4xx_hal_exti.c" -mcpu=cortex-m4 -std=gnu11 -g3 -DDEBUG -DUSE_HAL_DRIVER -DSTM32F407xx -c -I../Core/Inc -I../User/State -I../User/Mode -I../User/Inc -I../Lib/Inc -I../Drivers/STM32F4xx_HAL_Driver/Inc -I../Drivers/STM32F4xx_HAL_Driver/Inc/Legacy -I../Drivers/CMSIS/Device/ST/STM32F4xx/Include -I../Drivers/CMSIS/Include -O0 -ffunction-sections -fdata-sections -Wall -fstack-usage -fcyclomatic-complexity -MMD -MP -MF"Drivers/STM32F4xx_HAL_Driver/Src/stm32f4xx_hal_exti.d" -MT"Drivers/STM32F4xx_HAL_Driver/Src/stm32f4xx_hal_exti.o" --specs=nano.specs -mfpu=fpv4-sp-d16 -mfloat-abi=hard -mthumb -o "Drivers/STM32F4xx_HAL_Driver/Src/stm32f4xx_hal_exti.o"
arm-none-eabi-gcc "../Drivers/STM32F4xx_HAL_Driver/Src/stm32f4xx_hal_flash.c" -mcpu=cortex-m4 -std=gnu11 -g3 -DDEBUG -DUSE_HAL_DRIVER -DSTM32F407xx -c -I../Core/Inc -I../User/State -I../User/Mode -I../User/Inc -I../Lib/Inc -I../Drivers/STM32F4xx_HAL_Driver/Inc -I../Drivers/STM32F4xx_HAL_Driver/Inc/Legacy -I../Drivers/CMSIS/Device/ST/STM32F4xx/Include -I../Drivers/CMSIS/Include -O0 -ffunction-sections -fdata-sections -Wall -fstack-usage -fcyclomatic-complexity -MMD -MP -MF"Drivers/STM32F4xx_HAL_Driver/Src/stm32f4xx_hal_flash.d" -MT"Drivers/STM32F4xx_HAL_Driver/Src/stm32f4xx_hal_flash.o" --specs=nano.specs -mfpu=fpv4-sp-d16 -mfloat-abi=hard -mthumb -o "Drivers/STM32F4xx_HAL_Driver/Src/stm32f4xx_hal_flash.o"
arm-none-eabi-gcc "../Drivers/STM32F4xx_HAL_Driver/Src/stm32f4xx_hal_flash_ex.c" -mcpu=cortex-m4 -std=gnu11 -g3 -DDEBUG -DUSE_HAL_DRIVER -DSTM32F407xx -c -I../Core/Inc -I../User/State -I../User/Mode -I../User/Inc -I../Lib/Inc -I../Drivers/STM32F4xx_HAL_Driver/Inc -I../Drivers/STM32F4xx_HAL_Driver/Inc/Legacy -I../Drivers/CMSIS/Device/ST/STM32F4xx/Include -I../Drivers/CMSIS/Include -O0 -ffunction-sections -fdata-sections -Wall -fstack-usage -fcyclomatic-complexity -MMD -MP -MF"Drivers/STM32F4xx_HAL_Driver/Src/stm32f4xx_hal_flash_ex.d" -MT"Drivers/STM32F4xx_HAL_Driver/Src/stm32f4xx_hal_flash_ex.o" --specs=nano.specs -mfpu=fpv4-sp-d16 -mfloat-abi=hard -mthumb -o "Drivers/STM32F4xx_HAL_Driver/Src/stm32f4xx_hal_flash_ex.o"
In file included from ../User/Src/timer.c:9:
../User/Inc/timer.h:29:18: error: expected ':', ',', ';', '}' or '__attribute__' before 'logged_count'
   29 |         uint16_t logged_count[MAX_LOGGED_COUNT];
      |                  ^~~~~~~~~~~~
In file included from ../User/Inc/seven_segment.h:13,
                 from ../User/Src/seven_segment.c:9:
../User/Inc/timer.h:29:18: error: expected ':', ',', ';', '}' or '__attribute__' before 'logged_count'
   29 |         uint16_t logged_count[MAX_LOGGED_COUNT];
      |                  ^~~~~~~~~~~~
make: *** [User/Src/subdir.mk:37: User/Src/timer.o] Error 1
make: *** Waiting for unfinished jobs....
make: *** [User/Src/subdir.mk:37: User/Src/seven_segment.o] Error 1
In file included from ../User/Inc/lcd.h:12,
                 from ../User/Src/lcd.c:9:
../User/Inc/timer.h:29:18: error: expected ':', ',', ';', '}' or '__attribute__' before 'logged_count'
   29 |         uint16_t logged_count[MAX_LOGGED_COUNT];
      |                  ^~~~~~~~~~~~
../User/Src/lcd.c: In function 'operate':
../User/Src/lcd.c:24:9: warning: implicit declaration of function 'sprintf' [-Wimplicit-function-declaration]
   24 |         sprintf(buffer, "STW %02d:%02d:%02d.%03d", hour, minute, second, milisecond);
      |         ^~~~~~~
../User/Src/lcd.c:10:1: note: include '<stdio.h>' or provide a declaration of 'sprintf'
    9 | #include <lcd.h>
  +++ |+#include <stdio.h>
   10 | 
../User/Src/lcd.c:24:9: warning: incompatible implicit declaration of built-in function 'sprintf' [-Wbuiltin-declaration-mismatch]
   24 |         sprintf(buffer, "STW %02d:%02d:%02d.%03d", hour, minute, second, milisecond);
      |         ^~~~~~~
../User/Src/lcd.c:24:9: note: include '<stdio.h>' or provide a declaration of 'sprintf'
../User/Src/lcd.c:24:17: warning: pointer targets in passing argument 1 of 'sprintf' differ in signedness [-Wpointer-sign]
   24 |         sprintf(buffer, "STW %02d:%02d:%02d.%03d", hour, minute, second, milisecond);
      |                 ^~~~~~
      |                 |
      |                 uint8_t * {aka unsigned char *}
../User/Src/lcd.c:24:17: note: expected 'char *' but argument is of type 'uint8_t *' {aka 'unsigned char *'}
In file included from ../User/Inc/seven_segment.h:13,
                 from ../User/Src/app_main.c:13:
../User/Inc/timer.h:29:18: error: expected ':', ',', ';', '}' or '__attribute__' before 'logged_count'
   29 |         uint16_t logged_count[MAX_LOGGED_COUNT];
      |                  ^~~~~~~~~~~~
../User/Src/lcd.c:27:18: error: 'Timer' {aka 'struct _Timer'} has no member named 'get_count_total'
   27 |         if (timer->get_count_total(timer) == 0) return;
      |                  ^~
../User/Src/lcd.c:28:18: error: 'Timer' {aka 'struct _Timer'} has no member named 'get_count_total'
   28 |         if (timer->get_count_total(timer) > RECORDED_MAX_COUNT)
      |                  ^~
make: *** [User/Src/subdir.mk:37: User/Src/app_main.o] Error 1
../User/Src/lcd.c:28:45: error: 'RECORDED_MAX_COUNT' undeclared (first use in this function)
   28 |         if (timer->get_count_total(timer) > RECORDED_MAX_COUNT)
      |                                             ^~~~~~~~~~~~~~~~~~
../User/Src/lcd.c:28:45: note: each undeclared identifier is reported only once for each function it appears in
../User/Src/lcd.c:33:33: warning: pointer targets in passing argument 3 of 'CLCD_Puts' differ in signedness [-Wpointer-sign]
   33 |                 CLCD_Puts(0, 1, "                ");
      |                                 ^~~~~~~~~~~~~~~~~~
      |                                 |
      |                                 char *
In file included from ../User/Inc/lcd.h:11:
../Lib/Inc/CLCD.h:57:65: note: expected 'unsigned char *' but argument is of type 'char *'
   57 | void CLCD_Puts(unsigned char x, unsigned char y, unsigned char *str);
      |                                                  ~~~~~~~~~~~~~~~^~~
../User/Src/lcd.c:34:33: warning: pointer targets in passing argument 3 of 'CLCD_Puts' differ in signedness [-Wpointer-sign]
   34 |                 CLCD_Puts(0, 1, "LAP FULL(9/9)");
      |                                 ^~~~~~~~~~~~~~~
      |                                 |
      |                                 char *
../Lib/Inc/CLCD.h:57:65: note: expected 'unsigned char *' but argument is of type 'char *'
   57 | void CLCD_Puts(unsigned char x, unsigned char y, unsigned char *str);
      |                                                  ~~~~~~~~~~~~~~~^~~
../User/Src/lcd.c:38:30: error: 'Timer' {aka 'struct _Timer'} has no member named 'get_count_total'
   38 |         uint8_t index = timer->get_count_total(timer) - 1;
      |                              ^~
../User/Src/lcd.c:39:27: error: 'Timer' {aka 'struct _Timer'} has no member named 'get_recorded_count'
   39 |         count      = timer->get_recorded_count(timer, index);
      |                           ^~
../User/Src/lcd.c:45:58: error: 'Timer' {aka 'struct _Timer'} has no member named 'get_count_total'
   45 |         sprintf(buffer, "LT%d %02d:%02d:%02d.%03d", timer->get_count_total(timer), hour, minute, second, milisecond);
      |                                                          ^~
../User/Src/lcd.c:45:17: warning: pointer targets in passing argument 1 of 'sprintf' differ in signedness [-Wpointer-sign]
   45 |         sprintf(buffer, "LT%d %02d:%02d:%02d.%03d", timer->get_count_total(timer), hour, minute, second, milisecond);
      |                 ^~~~~~
      |                 |
      |                 uint8_t * {aka unsigned char *}
../User/Src/lcd.c:45:17: note: expected 'char *' but argument is of type 'uint8_t *' {aka 'unsigned char *'}
../User/Src/lcd.c: At top level:
../User/Src/lcd.c:49:6: error: conflicting types for 'new_LCD'; have 'LCD *(Timer *)' {aka 'struct _LCD *(struct _Timer *)'}
   49 | LCD* new_LCD(Timer* timer)
      |      ^~~~~~~
../User/Inc/lcd.h:26:6: note: previous declaration of 'new_LCD' with type 'LCD *(void)' {aka 'struct _LCD *(void)'}
   26 | LCD* new_LCD(void);
      |      ^~~~~~~
make: *** [User/Src/subdir.mk:37: User/Src/lcd.o] Error 1
"make -j16 all" terminated with exit code 2. Build might be incomplete.
11:16:26 **** Incremental Build of configuration Debug for project oop_3 ****
make -j16 all 
arm-none-eabi-gcc "../User/Src/app_main.c" -mcpu=cortex-m4 -std=gnu11 -g3 -DDEBUG -DUSE_HAL_DRIVER -DSTM32F407xx -c -I../Core/Inc -I../User/State -I../User/Mode -I../User/Inc -I../Lib/Inc -I../Drivers/STM32F4xx_HAL_Driver/Inc -I../Drivers/STM32F4xx_HAL_Driver/Inc/Legacy -I../Drivers/CMSIS/Device/ST/STM32F4xx/Include -I../Drivers/CMSIS/Include -O0 -ffunction-sections -fdata-sections -Wall -fstack-usage -fcyclomatic-complexity -MMD -MP -MF"User/Src/app_main.d" -MT"User/Src/app_main.o" --specs=nano.specs -mfpu=fpv4-sp-d16 -mfloat-abi=hard -mthumb -o "User/Src/app_main.o"
arm-none-eabi-gcc "../User/Src/lcd.c" -mcpu=cortex-m4 -std=gnu11 -g3 -DDEBUG -DUSE_HAL_DRIVER -DSTM32F407xx -c -I../Core/Inc -I../User/State -I../User/Mode -I../User/Inc -I../Lib/Inc -I../Drivers/STM32F4xx_HAL_Driver/Inc -I../Drivers/STM32F4xx_HAL_Driver/Inc/Legacy -I../Drivers/CMSIS/Device/ST/STM32F4xx/Include -I../Drivers/CMSIS/Include -O0 -ffunction-sections -fdata-sections -Wall -fstack-usage -fcyclomatic-complexity -MMD -MP -MF"User/Src/lcd.d" -MT"User/Src/lcd.o" --specs=nano.specs -mfpu=fpv4-sp-d16 -mfloat-abi=hard -mthumb -o "User/Src/lcd.o"
[...]
C:\ST\STM32CubeIDE_1.16.1\STM32CubeIDE\plugins\com.st.stm32cube.ide.mcu.externaltools.gnu-tools-for-stm32.13.3.rel1.win32_1.0.0.202411081344\tools\bin/../lib/gcc/arm-none-eabi/13.3.1/../../../../arm-none-eabi/include/stdio.h:250:36: note: expected 'const char * restrict' but argument is of type 'uint8_t *' {aka 'unsigned char *'}
  250 | int     sprintf (char *__restrict, const char *__restrict, ...)
      |                                    ^
../User/Src/lcd.c:45:17: warning: pointer targets in passing argument 1 of 'sprintf' differ in signedness [-Wpointer-sign]
   45 |         sprintf(buffer, (uint8_t*)"LT%d %02d:%02d:%02d.%03d", timer->get_log_index(timer), hour, minute, second, milisecond);
      |                 ^~~~~~
      |                 |
      |                 uint8_t * {aka unsigned char *}
C:\ST\STM32CubeIDE_1.16.1\STM32CubeIDE\plugins\com.st.stm32cube.ide.mcu.externaltools.gnu-tools-for-stm32.13.3.rel1.win32_1.0.0.202411081344\tools\bin/../lib/gcc/arm-none-eabi/13.3.1/../../../../arm-none-eabi/include/stdio.h:250:18: note: expected 'char * restrict' but argument is of type 'uint8_t *' {aka 'unsigned char *'}
  250 | int     sprintf (char *__restrict, const char *__restrict, ...)
      |                  ^
../User/Src/lcd.c:45:25: warning: pointer targets in passing argument 2 of 'sprintf' differ in signedness [-Wpointer-sign]
   45 |         sprintf(buffer, (uint8_t*)"LT%d %02d:%02d:%02d.%03d", timer->get_log_index(timer), hour, minute, second, milisecond);
      |                         ^~~~~~~~~~~~~~~~~~~~~~~~~~~~~~~~~~~~
      |                         |
      |                         uint8_t * {aka unsigned char *}
C:\ST\STM32CubeIDE_1.16.1\STM32CubeIDE\plugins\com.st.stm32cube.ide.mcu.externaltools.gnu-tools-for-stm32.13.3.rel1.win32_1.0.0.202411081344\tools\bin/../lib/gcc/arm-none-eabi/13.3.1/../../../../arm-none-eabi/include/stdio.h:250:36: note: expected 'const char * restrict' but argument is of type 'uint8_t *' {aka 'unsigned char *'}
  250 | int     sprintf (char *__restrict, const char *__restrict, ...)
      |                                    ^
arm-none-eabi-gcc -o "oop_3.elf" @"objects.list"   -mcpu=cortex-m4 -T"C:\Github\oop-in-clang\oop_3\STM32F407VETX_FLASH.ld" --specs=nosys.specs -Wl,-Map="oop_3.map" -Wl,--gc-sections -static --specs=nano.specs -mfpu=fpv4-sp-d16 -mfloat-abi=hard -mthumb -Wl,--start-group -lc -lm -Wl,--end-group
Finished building target: oop_3.elf
 
arm-none-eabi-size  oop_3.elf 
arm-none-eabi-objdump -h -S oop_3.elf  > "oop_3.list"
   text	   data	    bss	    dec	    hex	filename
  17604	     92	   2076	  19772	   4d3c	oop_3.elf
Finished building: default.size.stdout
 
Finished building: oop_3.list
 
14:54:13 **** Incremental Build of configuration Debug for project oop_3 ****
make -j16 all 
arm-none-eabi-gcc "../User/Src/lcd.c" -mcpu=cortex-m4 -std=gnu11 -g3 -DDEBUG -DUSE_HAL_DRIVER -DSTM32F407xx -c -I../Core/Inc -I../User/State -I../User/Mode -I../User/Inc -I../Lib/Inc -I../Drivers/STM32F4xx_HAL_Driver/Inc -I../Drivers/STM32F4xx_HAL_Driver/Inc/Legacy -I../Drivers/CMSIS/Device/ST/STM32F4xx/Include -I../Drivers/CMSIS/Include -O0 -ffunction-sections -fdata-sections -Wall -fstack-usage -fcyclomatic-complexity -MMD -MP -MF"User/Src/lcd.d" -MT"User/Src/lcd.o" --specs=nano.specs -mfpu=fpv4-sp-d16 -mfloat-abi=hard -mthumb -o "User/Src/lcd.o"
../User/Src/lcd.c: In function 'stopwatch_opertion':
../User/Src/lcd.c:24:32: warning: pointer targets in passing argument 2 of 'sprintf' differ in signedness [-Wpointer-sign]
   24 |         sprintf((char*)buffer, (uint8_t*)"STW %02d:%02d:%02d.%03d", hour, minute, second, milisecond);
      |                                ^~~~~~~~~~~~~~~~~~~~~~~~~~~~~~~~~~~
      |                                |
      |                                uint8_t * {aka unsigned char *}
In file included from ../User/Inc/common_include.h:15,
                 from ../User/Inc/lcd.h:11,
                 from ../User/Src/lcd.c:9:
C:\ST\STM32CubeIDE_1.16.1\STM32CubeIDE\plugins\com.st.stm32cube.ide.mcu.externaltools.gnu-tools-for-stm32.13.3.rel1.win32_1.0.0.202411081344\tools\bin/../lib/gcc/arm-none-eabi/13.3.1/../../../../arm-none-eabi/include/stdio.h:250:36: note: expected 'const char * restrict' but argument is of type 'uint8_t *' {aka 'unsigned char *'}
  250 | int     sprintf (char *__restrict, const char *__restrict, ...)
      |                                    ^
../User/Src/lcd.c:45:17: warning: pointer targets in passing argument 1 of 'sprintf' differ in signedness [-Wpointer-sign]
   45 |         sprintf(buffer, (uint8_t*)"LT%d %02d:%02d:%02d.%03d", timer->get_log_index(timer), hour, minute, second, milisecond);
      |                 ^~~~~~
      |                 |
      |                 uint8_t * {aka unsigned char *}
C:\ST\STM32CubeIDE_1.16.1\STM32CubeIDE\plugins\com.st.stm32cube.ide.mcu.externaltools.gnu-tools-for-stm32.13.3.rel1.win32_1.0.0.202411081344\tools\bin/../lib/gcc/arm-none-eabi/13.3.1/../../../../arm-none-eabi/include/stdio.h:250:18: note: expected 'char * restrict' but argument is of type 'uint8_t *' {aka 'unsigned char *'}
  250 | int     sprintf (char *__restrict, const char *__restrict, ...)
      |                  ^
../User/Src/lcd.c:45:25: warning: pointer targets in passing argument 2 of 'sprintf' differ in signedness [-Wpointer-sign]
   45 |         sprintf(buffer, (uint8_t*)"LT%d %02d:%02d:%02d.%03d", timer->get_log_index(timer), hour, minute, second, milisecond);
      |                         ^~~~~~~~~~~~~~~~~~~~~~~~~~~~~~~~~~~~
      |                         |
      |                         uint8_t * {aka unsigned char *}
C:\ST\STM32CubeIDE_1.16.1\STM32CubeIDE\plugins\com.st.stm32cube.ide.mcu.externaltools.gnu-tools-for-stm32.13.3.rel1.win32_1.0.0.202411081344\tools\bin/../lib/gcc/arm-none-eabi/13.3.1/../../../../arm-none-eabi/include/stdio.h:250:36: note: expected 'const char * restrict' but argument is of type 'uint8_t *' {aka 'unsigned char *'}
  250 | int     sprintf (char *__restrict, const char *__restrict, ...)
      |                                    ^
arm-none-eabi-gcc -o "oop_3.elf" @"objects.list"   -mcpu=cortex-m4 -T"C:\Github\oop-in-clang\oop_3\STM32F407VETX_FLASH.ld" --specs=nosys.specs -Wl,-Map="oop_3.map" -Wl,--gc-sections -static --specs=nano.specs -mfpu=fpv4-sp-d16 -mfloat-abi=hard -mthumb -Wl,--start-group -lc -lm -Wl,--end-group
Finished building target: oop_3.elf
 
arm-none-eabi-size  oop_3.elf 
arm-none-eabi-objdump -h -S oop_3.elf  > "oop_3.list"
   text	   data	    bss	    dec	    hex	filename
  17604	     92	   2076	  19772	   4d3c	oop_3.elf
Finished building: default.size.stdout
 
Finished building: oop_3.list
 
14:54:18 **** Incremental Build of configuration Debug for project oop_3 ****
make -j16 all 
arm-none-eabi-size  oop_3.elf 
   text	   data	    bss	    dec	    hex	filename
  17604	     92	   2076	  19772	   4d3c	oop_3.elf
Finished building: default.size.stdout
 
14:54:26 **** Incremental Build of configuration Debug for project oop_3 ****
make -j16 all 
arm-none-eabi-gcc "../User/Src/lcd.c" -mcpu=cortex-m4 -std=gnu11 -g3 -DDEBUG -DUSE_HAL_DRIVER -DSTM32F407xx -c -I../Core/Inc -I../User/State -I../User/Mode -I../User/Inc -I../Lib/Inc -I../Drivers/STM32F4xx_HAL_Driver/Inc -I../Drivers/STM32F4xx_HAL_Driver/Inc/Legacy -I../Drivers/CMSIS/Device/ST/STM32F4xx/Include -I../Drivers/CMSIS/Include -O0 -ffunction-sections -fdata-sections -Wall -fstack-usage -fcyclomatic-complexity -MMD -MP -MF"User/Src/lcd.d" -MT"User/Src/lcd.o" --specs=nano.specs -mfpu=fpv4-sp-d16 -mfloat-abi=hard -mthumb -o "User/Src/lcd.o"
../User/Src/lcd.c: In function 'stopwatch_opertion':
../User/Src/lcd.c:24:32: warning: pointer targets in passing argument 2 of 'sprintf' differ in signedness [-Wpointer-sign]
   24 |         sprintf((char*)buffer, (uint8_t*)"STW %02d:%02d:%02d.%03d", hour, minute, second, milisecond);
      |                                ^~~~~~~~~~~~~~~~~~~~~~~~~~~~~~~~~~~
      |                                |
      |                                uint8_t * {aka unsigned char *}
In file included from ../User/Inc/common_include.h:15,
                 from ../User/Inc/lcd.h:11,
                 from ../User/Src/lcd.c:9:
C:\ST\STM32CubeIDE_1.16.1\STM32CubeIDE\plugins\com.st.stm32cube.ide.mcu.externaltools.gnu-tools-for-stm32.13.3.rel1.win32_1.0.0.202411081344\tools\bin/../lib/gcc/arm-none-eabi/13.3.1/../../../../arm-none-eabi/include/stdio.h:250:36: note: expected 'const char * restrict' but argument is of type 'uint8_t *' {aka 'unsigned char *'}
  250 | int     sprintf (char *__restrict, const char *__restrict, ...)
      |                                    ^
../User/Src/lcd.c:45:17: error: expected expression before 'char'
   45 |         sprintf(char*)buffer, (uint8_t*)"LT%d %02d:%02d:%02d.%03d", timer->get_log_index(timer), hour, minute, second, milisecond);
      |                 ^~~~
../User/Src/lcd.c:45:9: error: too few arguments to function 'sprintf'
   45 |         sprintf(char*)buffer, (uint8_t*)"LT%d %02d:%02d:%02d.%03d", timer->get_log_index(timer), hour, minute, second, milisecond);
      |         ^~~~~~~
C:\ST\STM32CubeIDE_1.16.1\STM32CubeIDE\plugins\com.st.stm32cube.ide.mcu.externaltools.gnu-tools-for-stm32.13.3.rel1.win32_1.0.0.202411081344\tools\bin/../lib/gcc/arm-none-eabi/13.3.1/../../../../arm-none-eabi/include/stdio.h:250:9: note: declared here
  250 | int     sprintf (char *__restrict, const char *__restrict, ...)
      |         ^~~~~~~
../User/Src/lcd.c:45:23: error: expected ';' before 'buffer'
   45 |         sprintf(char*)buffer, (uint8_t*)"LT%d %02d:%02d:%02d.%03d", timer->get_log_index(timer), hour, minute, second, milisecond);
      |                       ^~~~~~
      |                       ;
../User/Src/lcd.c:45:130: error: expected statement before ')' token
   45 |         sprintf(char*)buffer, (uint8_t*)"LT%d %02d:%02d:%02d.%03d", timer->get_log_index(timer), hour, minute, second, milisecond);
      |                                                                                                                                  ^
make: *** [User/Src/subdir.mk:37: User/Src/lcd.o] Error 1
"make -j16 all" terminated with exit code 2. Build might be incomplete.
14:54:31 **** Incremental Build of configuration Debug for project oop_3 ****
make -j16 all 
arm-none-eabi-gcc "../User/Src/lcd.c" -mcpu=cortex-m4 -std=gnu11 -g3 -DDEBUG -DUSE_HAL_DRIVER -DSTM32F407xx -c -I../Core/Inc -I../User/State -I../User/Mode -I../User/Inc -I../Lib/Inc -I../Drivers/STM32F4xx_HAL_Driver/Inc -I../Drivers/STM32F4xx_HAL_Driver/Inc/Legacy -I../Drivers/CMSIS/Device/ST/STM32F4xx/Include -I../Drivers/CMSIS/Include -O0 -ffunction-sections -fdata-sections -Wall -fstack-usage -fcyclomatic-complexity -MMD -MP -MF"User/Src/lcd.d" -MT"User/Src/lcd.o" --specs=nano.specs -mfpu=fpv4-sp-d16 -mfloat-abi=hard -mthumb -o "User/Src/lcd.o"
../User/Src/lcd.c: In function 'stopwatch_opertion':
../User/Src/lcd.c:24:32: warning: pointer targets in passing argument 2 of 'sprintf' differ in signedness [-Wpointer-sign]
   24 |         sprintf((char*)buffer, (uint8_t*)"STW %02d:%02d:%02d.%03d", hour, minute, second, milisecond);
      |                                ^~~~~~~~~~~~~~~~~~~~~~~~~~~~~~~~~~~
      |                                |
      |                                uint8_t * {aka unsigned char *}
In file included from ../User/Inc/common_include.h:15,
                 from ../User/Inc/lcd.h:11,
                 from ../User/Src/lcd.c:9:
C:\ST\STM32CubeIDE_1.16.1\STM32CubeIDE\plugins\com.st.stm32cube.ide.mcu.externaltools.gnu-tools-for-stm32.13.3.rel1.win32_1.0.0.202411081344\tools\bin/../lib/gcc/arm-none-eabi/13.3.1/../../../../arm-none-eabi/include/stdio.h:250:36: note: expected 'const char * restrict' but argument is of type 'uint8_t *' {aka 'unsigned char *'}
  250 | int     sprintf (char *__restrict, const char *__restrict, ...)
      |                                    ^
../User/Src/lcd.c:45:32: warning: pointer targets in passing argument 2 of 'sprintf' differ in signedness [-Wpointer-sign]
   45 |         sprintf((char*)buffer, (uint8_t*)"LT%d %02d:%02d:%02d.%03d", timer->get_log_index(timer), hour, minute, second, milisecond);
      |                                ^~~~~~~~~~~~~~~~~~~~~~~~~~~~~~~~~~~~
      |                                |
      |                                uint8_t * {aka unsigned char *}
C:\ST\STM32CubeIDE_1.16.1\STM32CubeIDE\plugins\com.st.stm32cube.ide.mcu.externaltools.gnu-tools-for-stm32.13.3.rel1.win32_1.0.0.202411081344\tools\bin/../lib/gcc/arm-none-eabi/13.3.1/../../../../arm-none-eabi/include/stdio.h:250:36: note: expected 'const char * restrict' but argument is of type 'uint8_t *' {aka 'unsigned char *'}
  250 | int     sprintf (char *__restrict, const char *__restrict, ...)
      |                                    ^
arm-none-eabi-gcc -o "oop_3.elf" @"objects.list"   -mcpu=cortex-m4 -T"C:\Github\oop-in-clang\oop_3\STM32F407VETX_FLASH.ld" --specs=nosys.specs -Wl,-Map="oop_3.map" -Wl,--gc-sections -static --specs=nano.specs -mfpu=fpv4-sp-d16 -mfloat-abi=hard -mthumb -Wl,--start-group -lc -lm -Wl,--end-group
Finished building target: oop_3.elf
 
arm-none-eabi-size  oop_3.elf 
arm-none-eabi-objdump -h -S oop_3.elf  > "oop_3.list"
   text	   data	    bss	    dec	    hex	filename
  17604	     92	   2076	  19772	   4d3c	oop_3.elf
Finished building: default.size.stdout
 
Finished building: oop_3.list
 
14:54:51 **** Incremental Build of configuration Debug for project oop_3 ****
make -j16 all 
arm-none-eabi-gcc "../User/Src/lcd.c" -mcpu=cortex-m4 -std=gnu11 -g3 -DDEBUG -DUSE_HAL_DRIVER -DSTM32F407xx -c -I../Core/Inc -I../User/State -I../User/Mode -I../User/Inc -I../Lib/Inc -I../Drivers/STM32F4xx_HAL_Driver/Inc -I../Drivers/STM32F4xx_HAL_Driver/Inc/Legacy -I../Drivers/CMSIS/Device/ST/STM32F4xx/Include -I../Drivers/CMSIS/Include -O0 -ffunction-sections -fdata-sections -Wall -fstack-usage -fcyclomatic-complexity -MMD -MP -MF"User/Src/lcd.d" -MT"User/Src/lcd.o" --specs=nano.specs -mfpu=fpv4-sp-d16 -mfloat-abi=hard -mthumb -o "User/Src/lcd.o"
../User/Src/lcd.c: In function 'stopwatch_opertion':
../User/Src/lcd.c:24:32: warning: pointer targets in passing argument 2 of 'sprintf' differ in signedness [-Wpointer-sign]
   24 |         sprintf((char*)buffer, (uint8_t*)"STW %02d:%02d:%02d.%03d", hour, minute, second, milisecond);
      |                                ^~~~~~~~~~~~~~~~~~~~~~~~~~~~~~~~~~~
      |                                |
      |                                uint8_t * {aka unsigned char *}
In file included from ../User/Inc/common_include.h:15,
                 from ../User/Inc/lcd.h:11,
                 from ../User/Src/lcd.c:9:
C:\ST\STM32CubeIDE_1.16.1\STM32CubeIDE\plugins\com.st.stm32cube.ide.mcu.externaltools.gnu-tools-for-stm32.13.3.rel1.win32_1.0.0.202411081344\tools\bin/../lib/gcc/arm-none-eabi/13.3.1/../../../../arm-none-eabi/include/stdio.h:250:36: note: expected 'const char * restrict' but argument is of type 'uint8_t *' {aka 'unsigned char *'}
  250 | int     sprintf (char *__restrict, const char *__restrict, ...)
      |                                    ^
arm-none-eabi-gcc -o "oop_3.elf" @"objects.list"   -mcpu=cortex-m4 -T"C:\Github\oop-in-clang\oop_3\STM32F407VETX_FLASH.ld" --specs=nosys.specs -Wl,-Map="oop_3.map" -Wl,--gc-sections -static --specs=nano.specs -mfpu=fpv4-sp-d16 -mfloat-abi=hard -mthumb -Wl,--start-group -lc -lm -Wl,--end-group
Finished building target: oop_3.elf
 
arm-none-eabi-size  oop_3.elf 
arm-none-eabi-objdump -h -S oop_3.elf  > "oop_3.list"
   text	   data	    bss	    dec	    hex	filename
  17604	     92	   2076	  19772	   4d3c	oop_3.elf
Finished building: default.size.stdout
 
Finished building: oop_3.list
 
14:55:01 **** Incremental Build of configuration Debug for project oop_3 ****
make -j16 all 
arm-none-eabi-gcc "../User/Src/lcd.c" -mcpu=cortex-m4 -std=gnu11 -g3 -DDEBUG -DUSE_HAL_DRIVER -DSTM32F407xx -c -I../Core/Inc -I../User/State -I../User/Mode -I../User/Inc -I../Lib/Inc -I../Drivers/STM32F4xx_HAL_Driver/Inc -I../Drivers/STM32F4xx_HAL_Driver/Inc/Legacy -I../Drivers/CMSIS/Device/ST/STM32F4xx/Include -I../Drivers/CMSIS/Include -O0 -ffunction-sections -fdata-sections -Wall -fstack-usage -fcyclomatic-complexity -MMD -MP -MF"User/Src/lcd.d" -MT"User/Src/lcd.o" --specs=nano.specs -mfpu=fpv4-sp-d16 -mfloat-abi=hard -mthumb -o "User/Src/lcd.o"
arm-none-eabi-gcc -o "oop_3.elf" @"objects.list"   -mcpu=cortex-m4 -T"C:\Github\oop-in-clang\oop_3\STM32F407VETX_FLASH.ld" --specs=nosys.specs -Wl,-Map="oop_3.map" -Wl,--gc-sections -static --specs=nano.specs -mfpu=fpv4-sp-d16 -mfloat-abi=hard -mthumb -Wl,--start-group -lc -lm -Wl,--end-group
Finished building target: oop_3.elf
 
arm-none-eabi-size  oop_3.elf 
arm-none-eabi-objdump -h -S oop_3.elf  > "oop_3.list"
   text	   data	    bss	    dec	    hex	filename
  17604	     92	   2076	  19772	   4d3c	oop_3.elf
Finished building: default.size.stdout
 
Finished building: oop_3.list
 
14:55:08 **** Incremental Build of configuration Debug for project oop_3 ****
make -j16 all 
arm-none-eabi-size  oop_3.elf 
   text	   data	    bss	    dec	    hex	filename
  17604	     92	   2076	  19772	   4d3c	oop_3.elf
Finished building: default.size.stdout
 
14:56:01 **** Incremental Build of configuration Debug for project oop_3 ****
make -j16 all 
arm-none-eabi-gcc "../User/Src/timer.c" -mcpu=cortex-m4 -std=gnu11 -g3 -DDEBUG -DUSE_HAL_DRIVER -DSTM32F407xx -c -I../Core/Inc -I../User/State -I../User/Mode -I../User/Inc -I../Lib/Inc -I../Drivers/STM32F4xx_HAL_Driver/Inc -I../Drivers/STM32F4xx_HAL_Driver/Inc/Legacy -I../Drivers/CMSIS/Device/ST/STM32F4xx/Include -I../Drivers/CMSIS/Include -O0 -ffunction-sections -fdata-sections -Wall -fstack-usage -fcyclomatic-complexity -MMD -MP -MF"User/Src/timer.d" -MT"User/Src/timer.o" --specs=nano.specs -mfpu=fpv4-sp-d16 -mfloat-abi=hard -mthumb -o "User/Src/timer.o"
arm-none-eabi-gcc -o "oop_3.elf" @"objects.list"   -mcpu=cortex-m4 -T"C:\Github\oop-in-clang\oop_3\STM32F407VETX_FLASH.ld" --specs=nosys.specs -Wl,-Map="oop_3.map" -Wl,--gc-sections -static --specs=nano.specs -mfpu=fpv4-sp-d16 -mfloat-abi=hard -mthumb -Wl,--start-group -lc -lm -Wl,--end-group
Finished building target: oop_3.elf
 
arm-none-eabi-size  oop_3.elf 
arm-none-eabi-objdump -h -S oop_3.elf  > "oop_3.list"
   text	   data	    bss	    dec	    hex	filename
  17612	     92	   2076	  19780	   4d44	oop_3.elf
Finished building: default.size.stdout
 
Finished building: oop_3.list
 
14:56:11 **** Incremental Build of configuration Debug for project oop_3 ****
make -j16 all 
arm-none-eabi-size  oop_3.elf 
   text	   data	    bss	    dec	    hex	filename
  17612	     92	   2076	  19780	   4d44	oop_3.elf
Finished building: default.size.stdout
 
15:05:33 **** Incremental Build of configuration Debug for project oop_3 ****
make -j16 all 
arm-none-eabi-gcc "../User/Src/lcd.c" -mcpu=cortex-m4 -std=gnu11 -g3 -DDEBUG -DUSE_HAL_DRIVER -DSTM32F407xx -c -I../Core/Inc -I../User/State -I../User/Mode -I../User/Inc -I../Lib/Inc -I../Drivers/STM32F4xx_HAL_Driver/Inc -I../Drivers/STM32F4xx_HAL_Driver/Inc/Legacy -I../Drivers/CMSIS/Device/ST/STM32F4xx/Include -I../Drivers/CMSIS/Include -O0 -ffunction-sections -fdata-sections -Wall -fstack-usage -fcyclomatic-complexity -MMD -MP -MF"User/Src/lcd.d" -MT"User/Src/lcd.o" --specs=nano.specs -mfpu=fpv4-sp-d16 -mfloat-abi=hard -mthumb -o "User/Src/lcd.o"
arm-none-eabi-gcc -o "oop_3.elf" @"objects.list"   -mcpu=cortex-m4 -T"C:\Github\oop-in-clang\oop_3\STM32F407VETX_FLASH.ld" --specs=nosys.specs -Wl,-Map="oop_3.map" -Wl,--gc-sections -static --specs=nano.specs -mfpu=fpv4-sp-d16 -mfloat-abi=hard -mthumb -Wl,--start-group -lc -lm -Wl,--end-group
Finished building target: oop_3.elf
 
arm-none-eabi-size  oop_3.elf 
arm-none-eabi-objdump -h -S oop_3.elf  > "oop_3.list"
   text	   data	    bss	    dec	    hex	filename
  17648	     92	   2076	  19816	   4d68	oop_3.elf
Finished building: default.size.stdout
 
Finished building: oop_3.list
 
