02:33:17 **** Incremental Build of configuration Debug for project pp_1-1 ****
make -j4 all 
arm-none-eabi-gcc "../App/Src/app_main.c" -mcpu=cortex-m4 -std=gnu11 -g3 -DDEBUG -DUSE_HAL_DRIVER -DSTM32F407xx -c -I../Core/Inc -I../App/Common/Inc -I../App/Inc -I../Drivers/STM32F4xx_HAL_Driver/Inc -I../Drivers/STM32F4xx_HAL_Driver/Inc/Legacy -I../Drivers/CMSIS/Device/ST/STM32F4xx/Include -I../Drivers/CMSIS/Include -O0 -ffunction-sections -fdata-sections -Wall -fstack-usage -fcyclomatic-complexity -MMD -MP -MF"App/Src/app_main.d" -MT"App/Src/app_main.o" --specs=nano.specs -mfpu=fpv4-sp-d16 -mfloat-abi=hard -mthumb -o "App/Src/app_main.o"
arm-none-eabi-gcc "../App/Common/Src/input.c" -mcpu=cortex-m4 -std=gnu11 -g3 -DDEBUG -DUSE_HAL_DRIVER -DSTM32F407xx -c -I../Core/Inc -I../App/Common/Inc -I../App/Inc -I../Drivers/STM32F4xx_HAL_Driver/Inc -I../Drivers/STM32F4xx_HAL_Driver/Inc/Legacy -I../Drivers/CMSIS/Device/ST/STM32F4xx/Include -I../Drivers/CMSIS/Include -O0 -ffunction-sections -fdata-sections -Wall -fstack-usage -fcyclomatic-complexity -MMD -MP -MF"App/Common/Src/input.d" -MT"App/Common/Src/input.o" --specs=nano.specs -mfpu=fpv4-sp-d16 -mfloat-abi=hard -mthumb -o "App/Common/Src/input.o"
arm-none-eabi-gcc -o "pp_1-1.elf" @"objects.list"   -mcpu=cortex-m4 -T"C:\Github\oop-in-clang\pp_1-1\STM32F407VETX_FLASH.ld" --specs=nosys.specs -Wl,-Map="pp_1-1.map" -Wl,--gc-sections -static --specs=nano.specs -mfpu=fpv4-sp-d16 -mfloat-abi=hard -mthumb -Wl,--start-group -lc -lm -Wl,--end-group
Finished building target: pp_1-1.elf
 
arm-none-eabi-size  pp_1-1.elf 
arm-none-eabi-objdump -h -S pp_1-1.elf  > "pp_1-1.list"
   text	   data	    bss	    dec	    hex	filename
   6712	    144	   1568	   8424	   20e8	pp_1-1.elf
Finished building: default.size.stdout
 
Finished building: pp_1-1.list
 

02:33:19 Build Finished. 0 errors, 0 warnings. (took 1s.256ms)

